				20.PRT[1,SMI]		14-MAY-85  1542
FILNAM	P,PN		DATE	   TIME	MODULE(DWG NUM)	REV	AUTHOR
	TITLE 1				PROJECT		BOARD TYPE
	TITLE 2				SHEET n OF m
	CARD LOC(VARIABLE SETTINGS)

2001	1,SMI		14-MAY-85  1533				
	FILESERVER					DECPC
					SHEET 1 OF 6
2002	1,SMI		14-MAY-85  1533				
	FILESERVER					DECPC
					SHEET 1 OF 6
2003	1,SMI		14-MAY-85  1538				
	FILESERVER					DECPC
					SHEET 1 OF 6
2004	1,SMI		14-MAY-85  1540				
	FILESERVER					DECPC
					SHEET 1 OF 6
2005	1,SMI		14-MAY-85  1541				
	FILESERVER					DECPC
					SHEET 1 OF 6
2006	1,SMI		14-MAY-85  1536				
	FILESERVER					DECPC
					SHEET 1 OF 6
				20.PRT[1,SMI]		14-MAY-85  1542

PART NUMBER	DIPTYPE		COUNT	DESCRIPTION				LOCATIONS

N/A		C		2	::100-PF				C300, C301
		C		1	::470-PF				C302
		X		76						C303-C305, C312, X1300-X1317
										X1320-X1337, X1340-X1357, X1360-X1377
		C		1	::220-PF				C310
		C		1	::47-PF					C311
		DB15		1						J4
		J.50		1						J5
		J.2		2						J300, J310
		K		1	::10-UF					K300
		R		1	::2-KOHM				R301
		R		1	::12-KOHM				R302
		R		6	::40.2-OHM				R303-R306, R310, R311
		R		1	::162-OHM1%				R312
		R		1	::1-KOHM1%				R313
		R		1	::25-KOHM1%				R314
		R		1	::75-KOHM1%				R315
		R		1	::9.1-OHM1%				R316
		R		1	::6.8-OHM1%				R317
		S10.T		5	::2.2K/3.3K				S100-S104
		S8.T		3						S410-S412
		68020		1						U100
		K1114A		1	::66.666-MHZ				U102
		74F74		3						U105, U208, U209
		74F08		1						U108
		74F64		2						U201, U202
		74F04		1						U204
		74F175		2						U206, U207
		74F374		1						U213
		P16R8		1	=:U214					U214
		P16L8		1						U215
		74LS590		2						U216, U217
		7990		1						U300
		7991		1						U301
		XTAL		1	::20.0000MHZ				U302
		DIPSW		1						U303
		TRANSF		1						U304
		7995		1						U305
		UUT		1						U306
		DIODE		3	::1N4448				U307-U309
		ALS373		2						U310, U311
		27256		1						U400
		2816		1						U401
		9518		1	::4-MHZ, +:S40				U403
		ALS138		2						U410, U411
		P5X8		1	::-XXX					U412
				20.PRT[1,SMI]		14-MAY-85  1542

PART NUMBER	DIPTYPE		COUNT	DESCRIPTION				LOCATIONS

		P16R4		1						U413
		5380		1						U421
		74F158		3						U500-U502
		R8.DIP		2						U503, U504
		4256		18						U520-U537
