				26.PRT[1,SMI]		25-APR-85  0850
FILNAM	P,PN		DATE	   TIME	MODULE(DWG NUM)	REV	AUTHOR
	TITLE 1				PROJECT		BOARD TYPE
	TITLE 2				SHEET n OF m
	CARD LOC(VARIABLE SETTINGS)

2501	1,SMI		08-APR-85  1249				
	MODEL 25					DECPC
					SHEET 5 OF 19
2502	1,SMI		08-APR-85  1248				
	MODEL 25					DECPC
					SHEET 2 OF 19
2503	1,SMI		08-APR-85  1253				
	MODEL 25					DECPC
					SHEET 3 OF 19
2504	1,SMI		08-APR-85  1255				
	MODEL 25					DECPC
					SHEET 4 OF 19
2505	1,SMI		08-APR-85  1256				
	MODEL 25					DECPC
					SHEET 5 OF 19
2506	1,SMI		08-APR-85  1257				
	MODEL 25					DECPC
					SHEET 6 OF 19
2513	1,SMI		02-APR-85  1138				
	PROPRIETARY SUN, M25				DECPC
					SHEET 13 OF 19
2514	1,SMI		03-APR-85  1253				
	PROPRIETARY SUN, M25				DECPC
					SHEET 14 OF 19
2515	1,SMI		08-APR-85  1302				
	PROPRIETARY SUN, M25				DECPC
					SHEET 15 OF 19
2516	1,SMI		08-APR-85  1303				
	PROPRIETARY SUN, M25				DECPC
					SHEET 16 OF 19
2607	1,SMI		25-APR-85  0619				
	MODEL 25					DECPC
					SHEET 7 OF 19
2608	1,SMI		25-APR-85  0700				
	MODEL 25					DECPC
					SHEET 8 OF 19
2609	1,SMI		25-APR-85  0803				
	MODEL 25					DECPC
					SHEET 9 OF 19
2610	1,SMI		25-APR-85  0701				
	MODEL 25					DECPC
					SHEET 10 OF 19
				26.PRT[1,SMI]		25-APR-85  0850
FILNAM	P,PN		DATE	   TIME	MODULE(DWG NUM)	REV	AUTHOR
	TITLE 1				PROJECT		BOARD TYPE
	TITLE 2				SHEET n OF m
	CARD LOC(VARIABLE SETTINGS)

2611	1,SMI		25-APR-85  0838				
	MODEL 25					DECPC
					SHEET 11 OF 19
2612	1,SMI		25-APR-85  0813				
	MODEL 25					DECPC
					SHEET 12 OF 19
				26.PRT[1,SMI]		25-APR-85  0850

PART NUMBER	DIPTYPE		COUNT	DESCRIPTION				LOCATIONS

N/A		C		1	::20-PF					C400
		CVAR		1	::20-PF					C401
		X		5						C402, C603-C605, C612
		C		2	::100-PF				C600, C601
		C		1	::470-PF				C602
		C		1	::220-PF				C610
		C		1	::47-PF					C611
		DB15		2						J1, J4
		DB25		2						J2, J3
		J.50		1						J5
		DB9		1						J6
		J.8		1						J110
		J.2		4						J111, J600, J610, J780
		J.4		1						J400
		K		2	::10-UF					K108, K600
		R		1	::100-OHM				R400
		R		2	::4.7-KOHM				R500, R501
		R		1						R502
		R		1	::2-KOHM				R601
		R		1	::12-KOHM				R602
		R		4	::40.2-OHM				R603-R606
		R		2	::40.2-OHM1%				R610, R611
		R		1	::162-OHM1%				R612
		R		1	::1-KOHM1%				R613
		R		1	::25-KOHM1%				R614
		R		1	::75-KOHM1%				R615
		R		1	::9.1-OHM1%				R616
		R		1	::6.8-OHM1%				R617
		R		1	::470-OHM				R620
		R		1	::56-OHM				R630
		S10.T		10	::2.2K/3.3K				S100-S108, S302
		R9.SIP		1	::1-KOHM				S109
		R9.SIP		2	::4.7-KOHM				S110, S112
		R9.SIPG		1	::4.7-KOHM				S111
		S10.T		2	::2.2/3.3K				S303, S304
		S8.T		3						S620-S622
		S10.T		3						S632, S633, U1015
		68020		1						U100
		68881		1						U101
		K1114A		1	::50.000-MHZ				U102
		K1114A		1	::19.6608-MHZ				U103
		74F08		1						U104
		74F74		6						U105, U716, U753, U767, U1019, U1020
		ALS74		5						U106, U407, U611, U647, U648
		DIODE		4	::1N4448				U108, U607-U609
		MMU		1						U200
				26.PRT[1,SMI]		25-APR-85  0850

PART NUMBER	DIPTYPE		COUNT	DESCRIPTION				LOCATIONS

		2188		2	::45-NSEC				U201, U202
		2168		5	::35-NSEC				U203-U207
		P5X8		1	::45-NSEC				U210
		ALS273		4						U211, U212, U404, U618
		LED4		2						U213, U214
		IOC		1						U300
		ALS373		8						U302-U304, U405, U617, U619, U635, U637
		ALS374		12						U305, U310, U312, U314, U316, U318
										U622-U625, U634, U636
		P16L8		8						U306, U406, U640, U643, U700-U703
		ALS138		2						U308, U309
		ALS244		7						U311, U313, U315, U317, U319, U626, U750
		27256		1						U400
		2816		1						U401
		7170		1						U402
		9518		1	::4-MHZ, +:S40				U403
		XTAL		1	::32768-HZ				U410
		BATTERY		1						U411
		Z8530		2	::6-MHZ, +:S40				U500, U501
		26LS32		3						U506, U507, U513
		ALS04		3						U508, U510, U644
		26LS29		2						U509, U511
		DIPSW		2						U512, U603
		ALS08		2						U516, U614
		7990		1						U600
		7991		1						U601
		XTAL		1	::20.0000MHZ				U602
		TRANSF		1						U604
		7995		1						U605
		UUT		1						U606
		9516		1						U610
		ALS00		1						U612
		ALS32		1						U613
		5380		1						U620
		ALS245		2						U621, U1016
		74F374		6						U627, U704, U706, U715, U762, U771
		8X60		1						U630
		6264		2						U632, U633
		P16R6		1						U641
		P16R8		1						U642
		74LS393		6						U645, U720, U721, U760, U763, U764
		R8.DIP		10	::33-OHM				U705, U707, U709, U818, U838, U858, U878
										U898, U918, U938
		74F244		9						U708, U766, U819, U839, U859, U879, U899
										U919, U939
		74F64		2						U710, U711
				26.PRT[1,SMI]		25-APR-85  0850

PART NUMBER	DIPTYPE		COUNT	DESCRIPTION				LOCATIONS

		74F02		1						U712
		74F04		1						U714
		74F153		5						U722-U726
		PCHK		1						U749
		74F112		1						U751
		74F10		1						U752
		P9X4		2	::55-NSEC				U761, U765
		P5X8		1	::25-NSEC				U770
		K1114A		1	::66.666-MHZ				U780
		4256		72						U800-U817, U820-U837, U840-U857
										U860-U877
		N/A		31	DIPTYPE:VRAM				U900-U906, U908-U915, U920-U935
		74F194		8						U1000-U1007
		ALS157		3						U1010-U1012
		2148		2						U1013, U1014
		74F138		1						U1017
		P16R4		1						U1018
