				60.PRT[1,SMI]		14-MAY-85  1457
FILNAM	P,PN		DATE	   TIME	MODULE(DWG NUM)	REV	AUTHOR
	TITLE 1				PROJECT		BOARD TYPE
	TITLE 2				SHEET n OF m
	CARD LOC(VARIABLE SETTINGS)

6001	1,SMI		14-MAY-85  1454				
	FERRARI						DECPC
					SHEET 1 OF 19
6002	1,SMI		14-MAY-85  1455				
	FERRARI						DECPC
					SHEET 2 OF 19
6003	1,SMI		14-MAY-85  1456				
	FERRARI						DECPC
					SHEET 3 OF 19
6004	1,SMI		14-MAY-85  1420				
	FERRARI						DECPC
					SHEET 4 OF 19
6005	1,SMI		14-MAY-85  1047				
	FERRARI						DECPC
					SHEET 5 OF 19
6006	1,SMI		14-MAY-85  1049				
	FERRARI						DECPC
					SHEET 6 OF 19
6007	1,SMI		14-MAY-85  1421				
	FERRARI						DECPC
					SHEET 7 OF 19
6008	1,SMI		14-MAY-85  1102				
	FERRARI						DECPC
					SHEET 8 OF 19
6009	1,SMI		14-MAY-85  1424				
	FERRARI						DECPC
					SHEET 9 OF 19
6010	1,SMI		14-MAY-85  1425				
	FERRARI						DECPC
					SHEET 10 OF 19
6011	1,SMI		14-MAY-85  1428				
	FERRARI						DECPC
					SHEET 11 OF 19
6012	1,SMI		14-MAY-85  1112				
	FERRARI						DECPC
					SHEET 12 OF 19
6013	1,SMI		14-MAY-85  1114				
	FERRARI						DECPC
					SHEET 13 OF 19
6014	1,SMI		14-MAY-85  1430				
	FERRARI						DECPC
					SHEET 14 OF 19
				60.PRT[1,SMI]		14-MAY-85  1457
FILNAM	P,PN		DATE	   TIME	MODULE(DWG NUM)	REV	AUTHOR
	TITLE 1				PROJECT		BOARD TYPE
	TITLE 2				SHEET n OF m
	CARD LOC(VARIABLE SETTINGS)

6015	1,SMI		14-MAY-85  1431				
	FERRARI						DECPC
					SHEET 15 OF 19
6016	1,SMI		14-MAY-85  1435				
	FERRARI						DECPC
					SHEET 16 OF 19
6017	1,SMI		14-MAY-85  1437				
	FERRARI						DECPC
					SHEET 17 OF 19
6018	1,SMI		14-MAY-85  1448				
	FERRARI						DECPC
					SHEET 18 OF 19
6019	1,SMI		14-MAY-85  1215				
	FERRARI						DECPC
					SHEET 19 OF 19
				60.PRT[1,SMI]		14-MAY-85  1457

PART NUMBER	DIPTYPE		COUNT	DESCRIPTION				LOCATIONS

N/A		C		1	::20-PF					C500
		CVAR		1	::20-PF					C501
		X		255						C502, C803-C805, C812, X1200-X1217
										X1220-X1237, X1240-X1257, X1260-X1277
										X1300-X1317, X1320-X1337, X1340-X1357
										X1360-X1377, X1700-X1705, X1900-X1999
		C		2	::100-PF				C800, C801
		C		1	::470-PF				C802
		C		1	::220-PF				C810
		C		1	::47-PF					C811
		DB15		2						J1, J4
		DB25		2						J2, J3
		DB9		1						J6
		J.8		1						J110
		J.2		4						J111, J780, J800, J810
		J.4		1						J500
		K		2	::10-UF					K108, K800
		R		1	::100-OHM				R500
		R		4	::4.7-KOHM				R600-R603
		R		1						R604
		R		4	::2-KOHM				R801, R1700-R1702
		R		1	::12-KOHM				R802
		R		6	::40.2-OHM				R803-R806, R810, R811
		R		1	::162-OHM1%				R812
		R		1	::1-KOHM1%				R813
		R		1	::25-KOHM1%				R814
		R		1	::75-KOHM1%				R815
		R		1	::9.1-OHM1%				R816
		R		1	::6.8-OHM1%				R817
		S10.T		9	::2.2K/3.3K				S100-S108
		R9.SIP		1	::1-KOHM				S109
		R9.SIP		2	::4.7-KOHM				S110, S112
		R9.SIPG		1	::4.7-KOHM				S111
		S10.T		1	::2.2/3.3K				S404
		68020		1						U100
		68881		1						U101
		K1114A		2	::66.666-MHZ				U102, U1800
		K1114A		1	::19.6608-MHZ				U103
		74F04		2						U104, U204
		74F74		4						U105, U208, U209, U1817
		ALS74		2						U106, U507
		74F08		1						U108
		DIODE		4	::1N4448				U109, U807-U809
		74F64		2						U201, U202
		74F175		2						U206, U207
		74F374		11						U213, U1608-U1615, U1812, U1821
				60.PRT[1,SMI]		14-MAY-85  1457

PART NUMBER	DIPTYPE		COUNT	DESCRIPTION				LOCATIONS

		P16R8		1	=:U214					U214
		P16L8		7						U215, U403, U506, U1100, U1102, U1104
										U1106
		74LS590		2						U216, U217
		MMU		1						U300
		2188		2	::45-NSEC				U301, U302
		2168		5	::35-NSEC				U303-U307
		P5X8		1	::45-NSEC				U310
		ALS273		4						U311, U312, U504, U900
		LED4		2						U313, U314
		IOC		1						U400
		ALS374		19						U401, U404, U405, U710, U712, U714, U716
										U920-U923, U1600-U1607
		ALS244		5						U402, U711, U713, U715, U717
		74F00		1						U407
		ALS138		3						U408, U409, U904
		27256		1						U500
		2816		1						U501
		7170		1						U502
		9518		1	::4-MHZ, +:S40				U503
		ALS373		5						U505, U701-U703, U901
		XTAL		1	::32768-HZ				U510
		BATTERY		1						U511
		Z8530		2	+:S40, ::6-MHZ				U600, U601
		26LS32		3						U606, U607, U613
		ALS04		2						U608, U610
		26LS29		2						U609, U611
		DIPSW		2						U612, U803
		ALS08		1						U616
		7990		1						U700
		7991		1						U801
		XTAL		1	::20.0000MHZ				U802
		TRANSF		1						U804
		7995		1						U805
		UUT		1						U806
		P16R6		2						U902, U903
		74F280		4						U910-U913
		74F158		4						U914, U1000-U1002
		74F244		15						U924, U1010-U1018, U1110, U1112, U1114
										U1116, U1816
		R8.DIP		1						U925
		74F157		2						U1003, U1004
		R8.DIP		19	::33-OHM				U1005, U1006, U1020-U1022, U1024-U1028
										U1033, U1101, U1103, U1105, U1107, U1111
										U1113, U1115, U1117
		4256		144						U1200-U1217, U1220-U1237, U1240-U1257
										U1260-U1277, U1300-U1317, U1320-U1337
										U1340-U1357, U1360-U1377
				60.PRT[1,SMI]		14-MAY-85  1457

PART NUMBER	DIPTYPE		COUNT	DESCRIPTION				LOCATIONS

		VRAM		32						U1400-U1415, U1500-U1515
		10H124		10						U1616-U1623, U1703, U1704
		AM8151		3						U1700-U1702
		10H105		2						U1801, U1802
		10H141		1						U1803
		10H125		1						U1804
		74LS393		3						U1810, U1813, U1814
		P9X4		2	::55-NSEC				U1811, U1815
		P5X8		1	::25-NSEC				U1820
