				A.PRT[1,SMI]		07-OCT-84  2339
FILNAM	P,PN		DATE	   TIME	MODULE(DWG NUM)	REV	AUTHOR
	TITLE 1				PROJECT		BOARD TYPE
	TITLE 2				SHEET n OF m
	CARD LOC(VARIABLE SETTINGS)

A01	1,SMI		07-OCT-84  2318				
	PROPRIETARY SMI, SUN-2				DECPC
					SHEET 1 OF 19
A02	1,SMI		07-OCT-84  2318				
	PROPRIETARY SMI, SUN-2, CLOCKS			DECPC
					SHEET 2 OF 19
A03	1,SMI		07-OCT-84  2319				
	PROPRIETARY SMI, SUN-2				DECPC
					SHEET 3 OF 19
A04	1,SMI		07-OCT-84  2320				
	PROPRIETARY SMI, SUN-2				DECPC
					SHEET 4 OF 19
A05	1,SMI		07-OCT-84  2321				
	PROPRIETARY SMI, SUN-2,				DECPC
					SHEET 5 OF 19
A06	1,SMI		07-OCT-84  2322				
	PROPRIETARY SMI, SUN-2, I/O			DECPC
	X				SHEET 6 OF 19
A07	1,SMI		07-OCT-84  2323				
	PROPRIETARY SMI, SUN-2, ETHERNET INTERFACE	DECPC
					SHEET 7 OF 19
A08	1,SMI		07-OCT-84  2323				
	PROPRIETARY SMI, SUN-2				DECPC
					SHEET 8 OF 19
A09	1,SMI		07-OCT-84  2324				
	PROPRIETARY SMI, SUN-2				DECPC
					SHEET 9 OF 19
A10	1,SMI		07-OCT-84  2326				
	PROPRIETARY SMI, SUN-2				DECPC
					SHEET 10 OF 19
A11	1,SMI		07-OCT-84  2327				
	PROPRIETARY SMI, SUN-2, BUS CONNECTORS		DECPC
					SHEET 11 OF 19
A12	1,SMI		07-OCT-84  2328				
	PROPRIETARY SMI, SUN-2, MEMORY INTERFACE	DECPC
					SHEET 12 OF 19
A13	1,SMI		07-OCT-84  2329				
	PROPRIETARY SMI, SUN-2, MEMORY			DECPC
					SHEET 13 OF 19
A14	1,SMI		07-OCT-84  2330				
	PROPRIETARY SMI, SUN-2, MEMORY			DECPC
					SHEET 14 OF 19
				A.PRT[1,SMI]		07-OCT-84  2339
FILNAM	P,PN		DATE	   TIME	MODULE(DWG NUM)	REV	AUTHOR
	TITLE 1				PROJECT		BOARD TYPE
	TITLE 2				SHEET n OF m
	CARD LOC(VARIABLE SETTINGS)

A15	1,SMI		07-OCT-84  2330				
	PROPRIETARY SMI, SUN-2, FRAME BUFFER		DECPC
					SHEET 15 OF 19
A16	1,SMI		07-OCT-84  2332				
	PROPRIETARY SMI, SUN-2, SINGLE BOARD		DECPC
					SHEET 16 OF 19
A17	1,SMI		07-OCT-84  2332				
	PROPRIETARY SMI, SUN-2, FRAME BUFFER		DECPC
					SHEET 17 OF 19
A18	1,SMI		07-OCT-84  2333				
	PROPRIETARY SMI, SUN-2, VIDEO CONTROLLER	DECPC
					SHEET 18 OF 19
A19	1,SMI		07-OCT-84  2334				
	PROPRIETARY SMI, SUN-2, CAPS			DECPC
					SHEET 19 OF 19
				A.PRT[1,SMI]		07-OCT-84  2339

PART NUMBER	DIPTYPE		COUNT	DESCRIPTION				LOCATIONS

N/A		C		8	::47-PF					C600-C603, C610-C613
		C		2	::33-PF					C700, C704
		C		1	::470-PF				C703
		C		1	::0.01-UF				C705
		C		1	::100-PF				C800
		DIODE		1	::IN4148				D100
		LM385		1	::1.2					D101
		DIODE		7	::1N4148				D1800-D1802, D1804-D1807
		J.16		5						J200, J800, J900, J1201, J1600
		J.8		1						J500
		LED4		2						J515, J516
		DB25		2						J603, J604
		DB15		2						J605, J700
		J.2		3						J702, J704, J1801
		DB9		1						J1800
		K		1	::33-UF					K100
		K		2	::10-UF					K110, K111
		L		1	::0.15-UH				L700
		P96		3						P1101-P1103
		R		1	::15-KOHM-1%				R100
		R		1	::100-KOHM-1%				R101
		R		1	::47.5-KOHM-1%				R102
		R		1	::26.1-KOHM-1%				R103
		R		1	::10-KOHM-1%				R104
		R		2	::1-MOHM				R105, R106
		R		2	::1-KOHM				R107, R112
		R		1	::120-OHM				R110
		R		1	::390-OHM				R111
		R		1	::15-OHM				R113
		R		1	::30-OHM				R702
		R		1	::68-OHM				R703
		R		1	::330-OHM				R712
		R		2	::180-OHM				R800, R1803
		RT		18	::68-OHM				R1200-R1217
		R		3	::470-OHM				R1298, R1299, R1802
		R9.SIP		7	::4.7-KOHM				S100-S102, S105, S110, S111, S1600
		R4.SIP		2	::2.2-KOHM				S600, S601
		R9.SIP		1	::470-OHM				S700
		R4.SIP		1	::39-OHM				S704
		R4.SIP		1	::270-OHM				S705
		R9.SIP		3	::10-KOHM				S800, S818, S900
		R9.SIPG		5	::1-KOHM				S1200-S1204
		R9.GSIP		1	::330-OHM				S1800
		2N2905		1						T1800
		68010		1	+:+M64					U100
		P16L8		1	=:A101					U101
				A.PRT[1,SMI]		07-OCT-84  2339

PART NUMBER	DIPTYPE		COUNT	DESCRIPTION				LOCATIONS

		P16R4		1	=:A102					U102
		P16L8		1	=:A103					U103
		74F04		4						U104, U221, U404, U709
		27S33A		1	=:A105					U105
		P16L8		1	=:A106					U106
		74F08		4						U108, U408, U718, U1808
		8308		7						U110, U111, U311, U318-U321
		74F151		4						U118, U315, U802, U1200
		ALS30		1						U130
		74F32		2						U132, U433
		LM393		1						U133
		VREG		1	::LM337					U137
		K1114A		1	::19.6608-MHZ				U200
		K1114A		1	=:*, ::24.0000-MHZ			U201
		K1114A		1	::16.0000-MHZ				U202
		74F74		12						U203-U205, U207, U424, U710, U712, U713
										U719, U931, U1624, U1803
		74F374		9						U206, U213, U812, U813, U1606, U1607
										U1640, U1641, U1812
		74LS590		4						U210, U211, U1630, U1631
		74LS393		5						U212, U809, U1810, U1813, U1814
		P16R8		1	=:A214					U214
		P16L8		1	=:A215					U215
		74F64		3						U218-U220
		LS2518		2						U300, U301
		74F158		4						U302, U1203-U1205
		2168		8	::50-NSEC				U303-U310
		ALS374		15						U316, U702-U704, U904-U906, U1600-U1603
										U1612, U1613, U1615, U1634
		ALS138		7						U322-U324, U401, U402, U1202, U1621
		74F138		4						U400, U1201, U1728, U1739
		LS2521		3						U403, U930, U1623
		74F280		4						U420-U423
		27128		1	=:A500					U500
		27128		1	=:A501					U501
		AM9513		1						U504
		74LS05		1						U505
		9518		1	=:*, ::4-MHZ				U506
		P16R4		1	=:*, +:S20				U507
		P5X8		1	::45-NSEC, =:A510			U510
		ALS534		3						U511, U1632, U1633
		ALS273		5						U512, U514, U716, U1610, U1611
		ALS244		11						U513, U707, U708, U717, U908, U909
										U1210-U1214
		Z8530		2	::6-MHZ					U600, U601
		26LS32		3						U606, U607, U615
				A.PRT[1,SMI]		07-OCT-84  2339

PART NUMBER	DIPTYPE		COUNT	DESCRIPTION				LOCATIONS

		74LS04		2						U608, U610
		26LS29		2						U609, U611
		82586		1						U700
		8502		1						U701
		ALS373		8						U705, U706, U910, U911, U940-U943
		ALS74		1						U714
		74LS00		1						U715
		74LS148		1						U800
		P16L8		1	=:A810					U810
		27S33A		1	::A811					U811
		P16L8		1	=:A814					U814
		74F373		1						U815
		P16L8		1	=:A816					U816
		74F244		14						U817, U1220, U1222, U1224, U1226, U1319
										U1339, U1359, U1379, U1419, U1439, U1459
										U1479, U1816
		ALS6411		1						U818
		ALS2441		6						U900-U903, U912, U913
		MTTLDL		1	::17-NSEC				U1206
		R8.DIP		14	::33-OHM				U1221, U1223, U1225, U1227, U1318, U1338
										U1358, U1378, U1418, U1438, U1458, U1478
										U1708, U1709
		4256		144						U1300-U1317, U1320-U1337, U1340-U1357
										U1360-U1377, U1400-U1417, U1420-U1437
										U1440-U1457, U1460-U1477
		P5X8		1	::25-NSEC, =:A1604			U1604
		P5X8		1	::25-NSEC, =:A1605			U1605
		P16R4		1	=:A1616					U1616
		P16L8		1	=:A1620					U1620
		4416		16						U1700-U1707, U1710-U1717
		74LS374		8						U1720-U1727
		74LS245		8						U1730-U1737
		K1114B		1	::100.000-MHZ				U1800
		74F112		1						U1801
		74F194		2						U1805, U1806
		10H124		1						U1807
		10H141		1						U1809
		P9X4		1	::55-NSEC, =:A1811			U1811
		P9X4		1	::55-NSEC, =:A1815			U1815
		DIP16		6						U1901-U1904, U1906, U1907
		DIP20		18						U1920-U1927, U1930-U1933, U1935-U1937
										U1940-U1942
		XTAL		1	::100-MHZ				X700
		C		2	::0.1-UF				X701, X702
		X		269						X1210-X1214, X1220, X1222, X1224, X1226
										X1300-X1317, X1320-X1337, X1340-X1357
										X1360-X1377, X1400-X1417, X1420-X1437
										X1440-X1457, X1460-X1477, X1700-X1707
										X1710-X1717, X1900-X1999
