				A01.PRT[1,SMI]		18-JAN-84  1511
FILNAM	P,PN		DATE	   TIME	MODULE(DWG NUM)	REV	AUTHOR
	TITLE 1				PROJECT		BOARD TYPE
	TITLE 2				SHEET n OF m
	CARD LOC(VARIABLE SETTINGS)

A01	1,SMI		18-JAN-84  1454				
	PROPRIETARY SMI, SUN-2				DECPC
					SHEET 1 OF 19
A02	1,SMI		18-JAN-84  1351				
	PROPRIETARY SMI, SUN-2, CLOCKS			DECPC
					SHEET 2 OF 19
A03	1,SMI		18-JAN-84  1254				
	PROPRIETARY SMI, SUN-2				DECPC
					SHEET 3 OF 19
A04	1,SMI		18-JAN-84  1308				
	PROPRIETARY SMI, SUN-2				DECPC
					SHEET 4 OF 19
A05	1,SMI		18-JAN-84  1311				
	PROPRIETARY SMI, SUN-2,				DECPC
					SHEET 5 OF 19
A06	1,SMI		15-JAN-84  1421				
	PROPRIETARY SMI, SUN-2, I/O			DECPC
	X				SHEET 6 OF 19
A07	1,SMI		15-JAN-84  1705				
	PROPRIETARY SMI, SUN-2, ETHERNET INTERFACE	DECPC
					SHEET 7 OF 19
A09	1,SMI		18-JAN-84  1448				
	PROPRIETARY SMI, SUN-2				DECPC
					SHEET 9 OF 19
				A01.PRT[1,SMI]		18-JAN-84  1511

PART NUMBER	DIPTYPE		COUNT	DESCRIPTION				LOCATIONS

N/A		C		8	C:47-PF					C600-C603, C610-C613
		C		2	::33-PF					C700, C704
		C		1	C:0.1-UF				C701
		C		1	::0.1-UF				C702
		C		1	::470-PF				C703
		C		1	::0.01-UF				C705
		J.8		1						J200
		J.4		1						J500
		RJ11		2						J601, J602
		DB25		2						J603, J604
		DB15		1						J700
		J.2		3						J702-J704
		J.16		1						J900
		K		4						K600, K601, K610, K611
		L		1	::0.15-UH				L700
		R		1	::30-OHM				R702
		R		1	::70-OHM				R703
		R4.SIP		1	R:39-OHM				R704
		R4.SIP		1	R:270-OHM				R705
		R		1	R:330-OHM				R712
		R9.SIP		2	R:4.7-KOHM				S100, S101
		R9.SIP		2	::4.7-KOHM				S102, S103
		R9.SIPG		1						S300
		R4.SIP		1	::4.7-KOHM				S600
		R4.SIP		1	::2.2-KOHM				S601
		R9.SIP		1	::470-OHM, R:470 OHM			S700
		R9.SIP		1	::10-KOHM				S900
		68010		1						U100
		P16L8		3						U101, U503, U507
		74F04		3						U104, U115, U922
		7407		1						U107
		74F08		5						U108, U109, U313, U431, U921
		8308		11						U110, U111, U311, U318-U321, U908, U909
										U912, U913
		74LS374		8						U112-U114, U705-U708, U717
		74F244		8						U116, U117, U317, U900-U903, U919
		74F151		2						U118, U315
		74F20		1						U120
		74LS30		1						U130
		74F32		4						U132, U430, U920, U932
		OSC		1	FREQ:19.6608-MHZ			U200
		OSC		1	FREQ:25.0000-MHZ			U201
		74F74		12						U202-U204, U207, U208, U424, U710
										U712-U714, U719, U931
		74F374		10						U205, U213, U702-U704, U904-U906, U910
										U911
				A01.PRT[1,SMI]		18-JAN-84  1511

PART NUMBER	DIPTYPE		COUNT	DESCRIPTION				LOCATIONS

		74LS04		3						U206, U608, U610
		74LS590		2						U210, U211
		74LS393		1						U212
		P16R8		1	::25-NSEC				U214
		74LS244		3						U215, U216, U513
		74F138		6						U217, U322, U323, U400-U402
		LS2518		2						U300, U301
		74F158		1						U302
		2168		8						U303-U310
		74F00		1						U312
		74LS399		1						U316
		74LS138		1						U324
		LS2521		2						U403, U930
		74F280		4						U420-U423
		27256		1	PROM:A-U406, SCK:+M28, ::300-NSEC	U500
		27256		1	PROM:A-U407, SCK:+M28, ::300-NSEC	U501
		85000		1						U502
		AM9513		1						U504
		74LS05		1						U505
		9518		1						U506
		74S288		1	PROM:A-U510, SOCK:+S16			U510
		74F534		1						U511
		74LS273		3						U512, U514, U716
		LED4		2						U515, U516
		Z8530		2						U600, U601
		26LS32		3						U606, U607, U615
		26LS29		2						U609, U611
		7660		2						U612, U614
		82586		1						U700
		8502		1						U701
		74F240.		1						U709
		74LS00		1						U715
		OSC		1	FREQ:16.0000-MHZ			U718
		7438		1						U938
		XTAL		1	FREQ:100.000-MHZ			X700
