				A06.PRT[1,SMI]		31-DEC-83  0003
FILNAM	P,PN		DATE	   TIME	MODULE(DWG NUM)	REV	AUTHOR
	TITLE 1				PROJECT		BOARD TYPE
	TITLE 2				SHEET n OF m
	CARD LOC(VARIABLE SETTINGS)

A06	1,SMI		27-DEC-83  1630				
	PROPRIETARY SMI, SUN-2, I/O			DECPC
	X				SHEET 6 OF 19
A08	1,SMI		30-DEC-83  1032				
	PROPRIETARY SMI, SUN-2/50			DECPC
					SHEET 8 OF 19
A09	1,SMI		30-DEC-83  0829				
	PROPRIETARY SMI, SUN-2				DECPC
					SHEET 9 OF 19
A10	1,SMI		28-DEC-83  2314				
	PROPRIETARY SMI, SUN-2				DECPC
					SHEET 10 OF 19
A11	1,SMI		29-DEC-83  1131				
	PROPRIETARY SMI, SUN-2, BUS CONNECTORS		DECPC
					SHEET 11 OF 19
				A06.PRT[1,SMI]		31-DEC-83  0003

PART NUMBER	DIPTYPE		COUNT	DESCRIPTION				LOCATIONS

N/A		C		8	C:47-PF					C600-C603, C610-C613
		RJ11		2						J601, J602
		DB25		2						J603, J604
		J.16		2						J800, J900
		K		4						K600, K601, K610, K611
		P32		9						P100-P102, P200-P202, P300-P302
		R		4	::4.7-KOHM				R600-R603
		R		2	R:1-KOHM				R604, R605
		R9.SIP		3	::10-KOHM				S800, S801, S900
		Z8530		2						U600, U601
		26LS32		3						U606, U607, U615
		74LS04		3						U608, U610, U804
		26LS29		2						U609, U611
		7660		2						U612, U614
		74LS08		3						U800, U801, U1030
		74F151		1						U802
		74F74		3						U805, U931, U1021
		74F32		4						U806, U920, U1031, U1032
		74F374		6						U807, U904-U906, U1000, U1002
		74LS148		1						U808
		74F244		5						U900-U903, U919
		8308		4						U908, U909, U912, U913
		74LS374		2						U910, U911
		74F08		2						U921, U1008
		74F04		1						U922
		LS2521		1						U930
		7438		2						U938, U1003
		P9X4		1	::55-NSEC				U1001
