				A07.PRT[1,SMI]		10-MAY-83  0941
FILNAM	P,PN		DATE	   TIME	MODULE(DWG NUM)	REV	AUTHOR
	TITLE 1				PROJECT		BOARD TYPE
	TITLE 2				SHEET n OF m
	CARD LOC(VARIABLE SETTINGS)

A07	1,SMI		24-APR-83  1150				
	PROPRIETARY SMI, SUN-2, SERIAL I/O		DECPC
	X				SHEET 7 OF 20
				A07.PRT[1,SMI]		10-MAY-83  0941

PART NUMBER	DIPTYPE		COUNT	DESCRIPTION				LOCATIONS

N/A		C		8						C600-C603, C610-C613
		K		4						C604, C605, C614, C615
		RJ11		2						J701, J702
		DB25		2						J703, J704
		J.4		2						J707, J708
		J.2		2						J715, J716
		R9.SIP		1						S700
		Z8530		3						U700-U702
		26LS32		3						U706, U707, U715
		74LS04		2						U708, U710
		26LS29		2						U709, U711
		7660		2						U712, U714
		74F139		1						U716
