				A08.PRT[1,SMI]		15-DEC-83  0702
FILNAM	P,PN		DATE	   TIME	MODULE(DWG NUM)	REV	AUTHOR
	TITLE 1				PROJECT		BOARD TYPE
	TITLE 2				SHEET n OF m
	CARD LOC(VARIABLE SETTINGS)

A08	1,SMI		15-DEC-83  0547				
	PROPRIETARY SMI, SUN-2/50			DECPC
					SHEET 8 OF 19
A09	1,SMI		15-DEC-83  0554				
	PROPRIETARY SMI, SUN-2				DECPC
					SHEET 9 OF 19
A10	1,SMI		15-DEC-83  0554				
	PROPRIETARY SMI, SUN-2				DECPC
					SHEET 10 OF 19
A11	1,SMI		15-DEC-83  0543				
	PROPRIETARY SMI, SUN-2, BUS CONNECTORS		DECPC
					SHEET 11 OF 19
				A08.PRT[1,SMI]		15-DEC-83  0702

PART NUMBER	DIPTYPE		COUNT	DESCRIPTION				LOCATIONS

N/A		J.16		2						J800, J1000
		P32		9						P100-P102, P200-P202, P300-P302
		R9.SIP		1	::10 OHMSKOHM				S800
		R9.SIP		1	::10-KOHM				S1000
		74LS04		2						U122, U340
		74F74		4						U719, U1005, U1020, U1021
		74F32		4						U720, U920, U1031, U1032
		74LS08		3						U800, U801, U1030
		74F151		1						U802
		74F244		5						U900-U903, U919
		74F374		4						U904-U906, U1000
		74LS652		2						U910, U911
		8308		2						U912, U913
		74F00		2						U921, U1009
		74F04		1						U922
		3622		1						U1001
		7407		1						U1003
		74F08		1						U1008
		LS2521		1						U1010
