				A09.PRT[1,SMI]		10-MAY-83  0920
FILNAM	P,PN		DATE	   TIME	MODULE(DWG NUM)	REV	AUTHOR
	TITLE 1				PROJECT		BOARD TYPE
	TITLE 2				SHEET n OF m
	CARD LOC(VARIABLE SETTINGS)

A09	1,SMI		25-APR-83  1111				
	PROPRIETARY SMI, SUN-2, SCSI			DECPC
					SHEET 9 OF 20
				A09.PRT[1,SMI]		10-MAY-83  0920

PART NUMBER	DIPTYPE		COUNT	DESCRIPTION				LOCATIONS

N/A		J.50		1						J6
		DIPTERM		2						U900, U901
		8303B		1						U902
		82S62		1						U903
		2952		2						U904, U905
		74LS244		2						U906, U909
		74LS240		1						U907
		74LS273		1						U908
		LS240.		1						U910
		7438		2						U911, U912
		74LS08		1						U913
		74LS74		2						U915, U916
		74LS139		1						U917
		P14H4		1						U918
		74LS138		2						U919, U920
		74LS461		5						U930-U934
