				A1.PRT[1,SMI]		12-DEC-83  1301
FILNAM	P,PN		DATE	   TIME	MODULE(DWG NUM)	REV	AUTHOR
	TITLE 1				PROJECT		BOARD TYPE
	TITLE 2				SHEET n OF m
	CARD LOC(VARIABLE SETTINGS)

A01	1,SMI		12-DEC-83  1215				
	PROPRIETARY SMI, SUN-2/50			DECPC
					SHEET 1 OF 20
A02	1,SMI		12-DEC-83  1252				
	PROPRIETARY SMI, SUN-2, CLOCKS			DECPC
					SHEET 2 OF 9
A03	1,SMI		12-DEC-83  1252				
	PROPRIETARY SMI, SUN-2, DECODING AND PROMS	DECPC
					SHEET 3 OF 9
A04	1,SMI		12-DEC-83  1237				
	PROPRIETARY SMI, SUN-2, DECODING AND PROMS	DECPC
					SHEET 4 OF 20
A05	1,SMI		12-DEC-83  1142				
	PROPRIETARY SMI, SUN-2,				DECPC
					SHEET 5 OF 20
A06	1,SMI		10-DEC-83  2126				
	PROPRIETARY SMI, SUN-2, I/O			DECPC
	X				SHEET 6 OF 20
A07	1,SMI		10-DEC-83  2354				
	PROPRIETARY SMI, SUN-2, ETHERNET INTERFACE	DECPC
					SHEET 7 OF 20
A08	1,SMI		12-DEC-83  1113				
	PROPRIETARY SMI, SUN-2/50			DECPC
					SHEET 8 OF 20
A09	1,SMI		12-DEC-83  1259				
	PROPRIETARY SMI, SUN-2				DECPC
					SHEET 9 OF 20
A10	1,SMI		12-DEC-83  1215				
	PROPRIETARY SMI, SUN-2				DECPC
					SHEET 10 OF 20
A11	1,SMI		12-DEC-83  1100				
	PROPRIETARY SMI, SUN-2, BUS CONNECTORS		DECPC
					SHEET 11 OF 20
				A1.PRT[1,SMI]		12-DEC-83  1301

PART NUMBER	DIPTYPE		COUNT	DESCRIPTION				LOCATIONS

N/A		74LS04		4						NO. OF GATES WITH NO REF. DES. = 2
										U122, U608, U610, U922
		K		5						C100, K600, K601, K610, K611
		C		8	C:47 OHMSPF				C600-C603, C610-C613
		C		2	::33 OHMSPF				C700, C704
		C		1	C:0.1 OHMSUF				C701
		C		1	::0.1 OHMSUF				C702
		C		1	::470 OHMSPF				C703
		C		1	::0.01 OHMSUF				C705
		J.8		1						J200
		J.4		1						J500
		RJ11		2						J601, J602
		DB25		2						J603, J604
		DB15		1						J700
		J.16		3						J701, J800, J1000
		J.2		3						J702-J704
		L		1	::0.15 OHMSUH				L700
		P32		9						P100-P102, P200-P202, P300-P302
		R		2	RES:16 OHMSKOHM				R100, R102
		R		1	RES:100 OHMSKOHM			R101
		R		1	RES:6.8 OHMSKOHM			R103
		R		2	::4K7					R600, R601
		R		2	::6.8 OHMSKOHM				R602, R603
		R		2	R:1 OHMSKOHM				R604, R605
		R		1	::30					R702
		R		1	::70					R703
		R4.SIP*		1	::39					R704
		R4.SIP*		1	R:39					R704
		R4.SIP*		1	::270					R705
		R		1	R:330					R712
		R9.SIP		2	R:2.7 OHMSKOHM				S104, S105
		R9.SIP		2	::2.7 OHMSKOHM				S106, S200
		R9.SIP		1	R:470 OHM, ::470			S700
		R9.SIP		2	::10 OHMSKOHM				S800, S1000
		68010		1						U100
		74F00		3						U102, U334, U431
		74LS138		4						U105, U324, U401, U402
		74F74		11						U106, U202, U203, U423, U506, U710-U714
										U1020
		74F08		4						U109, U313, U425, U1008
		7407		2						U110, U1003
		74F151		3						U111, U315, U802
		74LS30		1						U114
		74F04		1						U115
		74LS148		1						U119
		8211		1						U120
				A1.PRT[1,SMI]		12-DEC-83  1301

PART NUMBER	DIPTYPE		COUNT	DESCRIPTION				LOCATIONS

		74LS32		1						U125
		K1114A		1	FREQ:19.6608MHZ				U200
		K1114A		1	FREQ:25.0000MHZ				U201
		74F374		4						U204, U213, U702, U1000
		MTTLDL		1	::18 OHMSNSEC				U205
		74LS590		2						U210, U211
		74LS393		1						U212
		P16R8		2						U214, U215
		74LS74		3						U216, U719, U1005
		74F138		4						U217, U322, U323, U400
		LS2518		2						U300, U301
		74F158		2						U302, U405
		2168		8						U303-U310
		8308		7						U311, U318-U321, U912, U913
		74F32		4						U314, U422, U430, U920
		74LS399		1						U316
		74LS244		6						U317, U328, U900-U903
		74S288		1	PROM:A-U325, SOCK:+S16			U325
		74LS534		1						U326
		74LS273		3						U327, U329, U716
		LED4		2						U330, U331
		74LS08		3						U333, U800, U801
		LS2521		2						U403, U1010
		74F244		2						U404, U919
		8304B		2						U410, U411
		82S62		2						U420, U421
		74LS00		5						U424, U715, U804, U921, U1011
		27256		1	SCK:+M28, PROM:A-U406			U500
		27256		1	SCK:+M28, PROM:A-U407			U501
		AM9513		1						U502
		74LS05		1						U503
		9518		1						U504
		P16R4		1						U505
		Z8530		2						U600, U601
		26LS32		3						U606, U607, U615
		26LS29		2						U609, U611
		7660		2						U612, U614
		82586		1						U700
		8502		1						U701
		74LS374		10						U703-U708, U717, U904-U906
		74F240.		1						U709
		K1114A		1	FREQ:16.00 MHZ				U718
		74LS652		2						U910, U911
		3622		1						U1001
		74F02		1						U2022
		XTAL		1	FREQ:100 OHMSMHZ			X700
