				A11.PRT[1,SMI]		10-MAY-83  0921
FILNAM	P,PN		DATE	   TIME	MODULE(DWG NUM)	REV	AUTHOR
	TITLE 1				PROJECT		BOARD TYPE
	TITLE 2				SHEET n OF m
	CARD LOC(VARIABLE SETTINGS)

A10	1,SMI		25-APR-83  1329				
	PROPRIETARY SMI, SUN-2, BUS INTERFACE		DECPC
					SHEET 10 OF 20
A11	1,SMI		25-APR-83  1013				
	PROPRIETARY SMI, SUN-2, BUS CONNECTORS		DECPC
					SHEET 11 OF 20
				A11.PRT[1,SMI]		10-MAY-83  0921

PART NUMBER	DIPTYPE		COUNT	DESCRIPTION				LOCATIONS

N/A		J.8		1						J1000
		P32		6						P100-P105
		R9.SIP		1						S1000
		7407		1						U110
		74F00		1						U513
		74F244		5						U1000-U1002, U1004, U1014
		74LS244		3						U1005, U1007, U1008
		8304B		2						U1012, U1013
		74F74		2						U1020, U1021
		74F08		1						U1022
