				A12.PRT[1,SMI]		10-FEB-84  0845
FILNAM	P,PN		DATE	   TIME	MODULE(DWG NUM)	REV	AUTHOR
	TITLE 1				PROJECT		BOARD TYPE
	TITLE 2				SHEET n OF m
	CARD LOC(VARIABLE SETTINGS)

A12	1,SMI		10-FEB-84  0842				
	PROPRIETARY SMI, SUN-2, MEMORY INTERFACE	DECPC
					SHEET 12 OF 19
A13	1,SMI		10-FEB-84  0843				
	PROPRIETARY SMI, SUN-2, MEMORY			DECPC
					SHEET 13 OF 19
A14	1,SMI		10-FEB-84  0844				
	PROPRIETARY SMI, SUN-2, MEMORY			DECPC
					SHEET 13 OF 19
A15	1,SMI		01-JAN-84  0219				
	PROPRIETARY SMI, SUN-2, CAPS			DECPC
					SHEET 15 OF 19
				A12.PRT[1,SMI]		10-FEB-84  0845

PART NUMBER	DIPTYPE		COUNT	DESCRIPTION				LOCATIONS

N/A		J.16		2						J1200, J1201
		X		144						K1300-K1317, K1320-K1337, K1340-K1357
										K1360-K1377, K1400-K1417, K1420-K1437
										K1440-K1457, K1460-K1477
		K		1	C:22-UF					K1480
		RT		18	::68-OHM				R1200-R1217
		R9.SIP		1	::10-KOHM				S1200
		74F151		1						U1200
		74F138		2						U1201, U1202
		74F158		3						U1203-U1205
		ALS244		5						U1210-U1214
		74F244		12						U1220, U1222, U1224, U1226, U1319, U1339
										U1359, U1379, U1419, U1439, U1459, U1479
		R8.DIP		4						U1221, U1223, U1225, U1227
		4256		144						U1300-U1317, U1320-U1337, U1340-U1357
										U1360-U1377, U1400-U1417, U1420-U1437
										U1440-U1457, U1460-U1477
		R8.DIP		8	::33-OHM				U1318, U1338, U1358, U1378, U1418, U1438
										U1458, U1478
