				A16.PRT[1,SMI]		09-FEB-84  0404
FILNAM	P,PN		DATE	   TIME	MODULE(DWG NUM)	REV	AUTHOR
	TITLE 1				PROJECT		BOARD TYPE
	TITLE 2				SHEET n OF m
	CARD LOC(VARIABLE SETTINGS)

A16	1,SMI		09-FEB-84  0354				
	PROPRIETARY SMI, SUN-2, SINGLE BOARD		DECPC
					SHEET 16 OF 19
A17	1,SMI		09-FEB-84  0307				
	PROPRIETARY SMI, SUN-2, FRAME BUFFER		DECPC
					SHEET 17 OF 19
A18	1,SMI		09-FEB-84  0352				
	PROPRIETARY SMI, SUN-2, VIDEO CONTROLLER	DECPC
					SHEET 18 OF 19
				A16.PRT[1,SMI]		09-FEB-84  0404

PART NUMBER	DIPTYPE		COUNT	DESCRIPTION				LOCATIONS

N/A		DB9		1						J1
		J.16		1						J1800
		X		16						K1700-K1707, K1710-K1717
		R		1	::180-OHM				R1800
		R		1	::75-OHM				R1801
		R9.SIP		1						S1800
		ALS374		9						U1600-U1603, U1612, U1613, U1615, U1632
										U1633
		P5X8		2	::25-NSEC				U1604, U1605
		74F374		3						U1606, U1607, U1812
		74F08		2						U1608, U1808
		ALS273		2						U1610, U1611
		P16L8		1	::25NSEC				U1616
		P16L8		1						U1620
		ALS138		1						U1621
		LS2521		1						U1623
		74F74		2						U1624, U1803
		74LS590		2						U1630, U1631
		4416		16						U1700-U1707, U1710-U1717
		R8.DIP		2	::33-OHM				U1708, U1709
		74LS374		8						U1720-U1727
		74F138		1						U1728
		R8.DIP		8	::1-KOHM				U1730-U1737
		OSC		1	FREQ:100.000-MHZ			U1800
		74F112		2						U1801, U1802
		74F194		2						U1805, U1806
		74F64		1						U1807
		74F244		1						U1809
		74LS393		3						U1810, U1813, U1814
		P9X4		2	::55-NSEC				U1811, U1815
