				A21.PRT[1,SMI]		07-OCT-84  2346
FILNAM	P,PN		DATE	   TIME	MODULE(DWG NUM)	REV	AUTHOR
	TITLE 1				PROJECT		BOARD TYPE
	TITLE 2				SHEET n OF m
	CARD LOC(VARIABLE SETTINGS)

A21	1,SMI		07-OCT-84  2326				
	PROPRIETARY SMI, SUN-2051			DECPC
					SHEET 21 OF 25
A22	1,SMI		07-OCT-84  2328				
	PROPRIETARY SMI, SUN-2051			DECPC
					SHEET 22 OF 25
A23	1,SMI		07-OCT-84  2333				
	PROPRIETARY SMI, SUN-2, MEMORY			DECPC
					SHEET 23 OF 25
A24	1,SMI		07-OCT-84  2336				
	PROPRIETARY SMI, SUN-2, MEMORY			DECPC
					SHEET 24 OF 25
A25	1,SMI		07-OCT-84  2337				
	PROPRIETARY SMI, SUN-2, CAPS			DECPC
					SHEET 25 OF 25
				A21.PRT[1,SMI]		07-OCT-84  2346

PART NUMBER	DIPTYPE		COUNT	DESCRIPTION				LOCATIONS

N/A		J.16		3						J2100, J2200, J2201
		DB50		1						J2101
		X		165						K2210-K2214, K2220-K2227, K2300-K2317
										K2319-K2337, K2339-K2357, K2359-K2377
										K2379, K2400-K2417, K2419-K2437
										K2439-K2457, K2459-K2477, K2479
		P96		5						P2101-P2105
		RT		18	::68-OHM				R2200-R2217
		R9.SIPG		1	::470-OHM				S2200
		74F151		1						U2200
		74F138		1						U2201
		ALS138		1						U2202
		74F158		3						U2203-U2205
		MTTLDL		1	::17-NSEC				U2206
		ALS244		5						U2210-U2214
		74F244		12						U2220, U2222, U2224, U2226, U2319, U2339
										U2359, U2379, U2419, U2439, U2459, U2479
		R8.DIP		12	::33-OHM				U2221, U2223, U2225, U2227, U2318, U2338
										U2358, U2378, U2418, U2438, U2458, U2478
		4256		144						U2300-U2317, U2320-U2337, U2340-U2357
										U2360-U2377, U2400-U2417, U2420-U2437
										U2440-U2457, U2460-U2477
