				AE.PRT[1,SMI]		17-MAR-83  0738
FILNAM	P,PN		DATE	   TIME	MODULE(DWG NUM)	REV	AUTHOR
	TITLE 1				PROJECT		BOARD TYPE
	TITLE 2				SHEET n OF m
	CARD LOC(VARIABLE SETTINGS)

A08	1,SMI		17-MAR-83  0718				
	(C) 1983 SMI, ETHER, EDLC			DECPC
					SHEET 2 OF 3
				AE.PRT[1,SMI]		17-MAR-83  0738

PART NUMBER	DIPTYPE		COUNT	DESCRIPTION				LOCATIONS

N/A		C		4						B65, B71, B385, B397
		R		3						B66, B399, B400
		XTAL		1						B67
		L		1						B69
		R4.SIP*		2						B388, B452
		R9.SIP		1	R:470 OHM				R800
		82586		1						U800
		8502		1						U801
		8304B		4						U802-U805
		74LS374		2						U806, U807
		74F32		1						U808
		74F240.		1						U809
		74F74		3						U810, U811, U813
		K1114A		1	FREQ:16.00 MHZ				U812
		LS240.		1						U814
		74F08		1						U815
