				AG.PRT[1,SMI]		17-MAR-83  0741
FILNAM	P,PN		DATE	   TIME	MODULE(DWG NUM)	REV	AUTHOR
	TITLE 1				PROJECT		BOARD TYPE
	TITLE 2				SHEET n OF m
	CARD LOC(VARIABLE SETTINGS)

A11	1,SMI		05-MAR-83  1130				
	(C) 1983 SMI, SUN-2, FRAME BUFFER INTERFACE	DECPC
					SHEET 11 OF 20
A12	1,SMI		05-MAR-83  1131				
	(C) 1983 SMI, SUN-2, FRAME BUFFER 0		DECPC
					SHEET 12 OF 20
A13	1,SMI		05-MAR-83  1133				
	(C) 1983 SMI, SUN-2, FRAME BUFFER 1		DECPC
					SHEET 13 OF 20
A14	1,SMI		05-MAR-83  1135				
	(C) 1983 SMI, SUN-2, VIDEO BUFFER		DECPC
					SHEET 14 OF 20
A15	1,SMI		05-MAR-83  1136				
	(C) 1983 SMI, SUN-2, VIDEO CONTROLLER		DECPC
					SHEET 15 OF 20
				AG.PRT[1,SMI]		17-MAR-83  0741

PART NUMBER	DIPTYPE		COUNT	DESCRIPTION				LOCATIONS

N/A		74F138		4						U1100-U1102, U1421
		74LS138		2						U1103, U1104
		74S240		1						U1105
		AM2966		7						U1106, U1107, U1116, U1122, U1123, U1126
										U1127
		82S62		2						U1110, U1111
		74LS244		2						U1112, U1113
		74LS373		3						U1114, U1115, U1117
		74LS393		5						U1120, U1121, U1507, U1508, U1510
		74F374		6						U1124, U1125, U1417, U1419, U1423, U1512
		4416		32						U1200-U1215, U1300-U1315
		8304B		16						U1216-U1223, U1316-U1323
		74LS374		16						U1400-U1415
		74S288		1	PROM:H20				U1416
		74S288		1	PROM:H21				U1418
		74F74		1						U1420
		74LS273		1						U1422
		74F153		4						U1424-U1427
		K1114A		1	FREQ:80 MHZ				U1500
		74S112		1						U1501
		74F08		1						U1502
		74F194		2						U1503, U1504
		74F00		1						U1505
		10124Q		1						U1506
		3622		1	PROM:H1					U1509
		3622		1	PROM:H0					U1511
		X		32						X2100-X2115, X2200-X2215
