				ALL.PRT[1,SMI]		29-DEC-83  1140
FILNAM	P,PN		DATE	   TIME	MODULE(DWG NUM)	REV	AUTHOR
	TITLE 1				PROJECT		BOARD TYPE
	TITLE 2				SHEET n OF m
	CARD LOC(VARIABLE SETTINGS)

A01	1,SMI		29-DEC-83  1118				
	PROPRIETARY SMI, SUN-2				DECPC
					SHEET 1 OF 19
A02	1,SMI		29-DEC-83  1104				
	PROPRIETARY SMI, SUN-2, CLOCKS			DECPC
					SHEET 2 OF 19
A03	1,SMI		29-DEC-83  1103				
	PROPRIETARY SMI, SUN-2				DECPC
					SHEET 3 OF 19
A04	1,SMI		28-DEC-83  1110				
	PROPRIETARY SMI, SUN-2				DECPC
					SHEET 4 OF 19
A05	1,SMI		28-DEC-83  1137				
	PROPRIETARY SMI, SUN-2,				DECPC
					SHEET 5 OF 19
A06	1,SMI		27-DEC-83  1630				
	PROPRIETARY SMI, SUN-2, I/O			DECPC
	X				SHEET 6 OF 19
A07	1,SMI		29-DEC-83  0011				
	PROPRIETARY SMI, SUN-2, ETHERNET INTERFACE	DECPC
					SHEET 7 OF 19
A08	1,SMI		28-DEC-83  2254				
	PROPRIETARY SMI, SUN-2/50			DECPC
					SHEET 8 OF 19
A09	1,SMI		29-DEC-83  0013				
	PROPRIETARY SMI, SUN-2				DECPC
					SHEET 9 OF 19
A10	1,SMI		28-DEC-83  2314				
	PROPRIETARY SMI, SUN-2				DECPC
					SHEET 10 OF 19
A11	1,SMI		29-DEC-83  1131				
	PROPRIETARY SMI, SUN-2, BUS CONNECTORS		DECPC
					SHEET 11 OF 19
A12	1,SMI		29-DEC-83  1122				
	PROPRIETARY SMI, SUN-2, MEMORY INTERFACE	DECPC
					SHEET 12 OF 19
A13	1,SMI		28-DEC-83  2330				
	PROPRIETARY SMI, SUN-2, MEMORY			DECPC
					SHEET 13 OF 19
A14	1,SMI		28-DEC-83  2338				
	PROPRIETARY SMI, SUN-2, MEMORY-2		DECPC
					SHEET 14 OF 19
				ALL.PRT[1,SMI]		29-DEC-83  1140
FILNAM	P,PN		DATE	   TIME	MODULE(DWG NUM)	REV	AUTHOR
	TITLE 1				PROJECT		BOARD TYPE
	TITLE 2				SHEET n OF m
	CARD LOC(VARIABLE SETTINGS)

A15	1,SMI		29-DEC-83  0009				
	PROPRIETARY SMI, SUN-2, CAPS			DECPC
					SHEET 15 OF 19
A16	1,SMI		28-DEC-83  2344				
	PROPRIETARY SMI, SUN-2, SINGLE BOARD		DECPC
					SHEET 16 OF 19
A17	1,SMI		28-DEC-83  2348				
	PROPRIETARY SMI, SUN-2, FRAME BUFFER		DECPC
					SHEET 17 OF 19
A18	1,SMI		29-DEC-83  0013				
	PROPRIETARY SMI, SUN-2, VIDEO CONTROLLER	DECPC
					SHEET 18 OF 19
A19	1,SMI		27-DEC-83  1002				
	PROPRIETARY SMI, SUN-2, CAPS			DECPC
					SHEET 19 OF 19
A20	1,SMI		28-DEC-83  1153				
							DECPC
A21	1,SMI		29-DEC-83  1137				
	PROPRIETARY SMI, SUN-2, BUS CONNECTORS		DECPC
					SHEET 21 OF 25
A22	1,SMI		29-DEC-83  1123				
	PROPRIETARY SMI, SUN-2, MEMORY INTERFACE	DECPC
					SHEET 22 OF 25
A23	1,SMI		29-DEC-83  1025				
	PROPRIETARY SMI, SUN-2, MEMORY			DECPC
					SHEET 23 OF 25
A24	1,SMI		29-DEC-83  1025				
	PROPRIETARY SMI, SUN-2, MEMORY-2		DECPC
					SHEET 24 OF 25
A25	1,SMI		29-DEC-83  1025				
	PROPRIETARY SMI, SUN-2, CAPS			DECPC
					SHEET 25 OF 25
A26	1,SMI		29-DEC-83  1021				
							DECPC
					SHEET 26 OF 26
				ALL.PRT[1,SMI]		29-DEC-83  1140

PART NUMBER	DIPTYPE		COUNT	DESCRIPTION				LOCATIONS

N/A		K		1	::10-UF					C100
		C		8	C:47-PF					C600-C603, C610-C613
		C		2	::33-PF					C700, C704
		C		1	C:0.1-UF				C701
		C		1	::0.1-UF				C702
		C		1	::470-PF				C703
		C		1	::0.01-UF				C705
		DB9		1						J1
		J.2		5						J100, J702-J704, J1800
		J.8		1						J200
		J.4		1						J500
		RJ11		2						J601, J602
		DB25		2						J603, J604
		DB15		1						J700
		J.16		7						J701, J800, J900, J1200, J1201, J2200
										J2201
		K		4						K600, K601, K610, K611
		X		376						K1300-K1317, K1320-K1337, K1340-K1357
										K1360-K1377, K1400-K1417, K1420-K1437
										K1440-K1457, K1460-K1477, K2300-K2317
										K2320-K2337, K2340-K2357, K2360-K2377
										K2400-K2417, K2420-K2437, K2440-K2457
										K2460-K2477, X1720-X1727, X1730-X1737
										X1900-X1917, X1920-X1937, X1940-X1957
										X1960-X1976, X1978
		K		2	C:22-UF					K1480, K2480
		L		1	::0.15-UH				L700
		P32		18						P100-P102, P200-P202, P300-P302
										P2100-P2102, P2200-P2202, P2300-P2302
		R		2	RES:16-KOHM				R100, R102
		R		1	RES:100-KOHM				R101
		R		1	RES:6.8-KOHM				R103
		R		4	::4.7-KOHM				R600-R603
		R		2	R:1-KOHM				R604, R605
		R		1	::30-OHM				R702
		R		1	::70-OHM				R703
		R4.SIP		1	R:39-OHM				R704
		R4.SIP		1	R:270-OHM				R705
		R		1	R:330-OHM				R712
		RT		36	::68-OHM				R1200-R1217, R2200-R2217
		R		1	::180-OHM				R1800
		R		1	::75-OHM				R1801
		RT		1	::1-KOHM				R1802
		R9.SIP		2	R:4.7-KOHM				S100, S101
		R9.SIP		2	::4.7-KOHM				S102, S103
		R9.SIP		1	::470-OHM, R:470 OHM			S700
				ALL.PRT[1,SMI]		29-DEC-83  1140

PART NUMBER	DIPTYPE		COUNT	DESCRIPTION				LOCATIONS

		R9.SIP		5	::10-KOHM				S800, S801, S900, S1200, S2200
		68010		1						U100
		74F00		2						U102, U1617
		74LS138		2						U105, U324
		74F74		21						U106, U202, U203, U216-U218, U423, U710
										U712-U714, U719, U805, U931, U1021
										U1614, U1616, U1624, U1628, U1802, U1804
		74LS32		2						U107, U125
		74LS08		5						U108, U720, U800, U801, U1030
		74F08		8						U109, U313, U408, U431, U921, U1008
										U1618, U1808
		7407		1						U110
		74F151		5						U111, U315, U802, U1200, U2200
		74LS374		27						U112-U114, U705-U708, U717, U908, U909
										U1600-U1603, U1612, U1613, U1615, U1632
										U1633, U1720-U1727
		74F04		2						U115, U922
		74F244		18						U116, U117, U317, U900-U903, U919
										U1210-U1214, U2210-U2214
		74LS148		2						U119, U808
		74F20		1						U120
		74LS04		5						U122, U426, U608, U610, U804
		8211		1						U123
		74F32		19						U132, U332, U422, U430, U806, U920
										U1031, U1032, U1201, U1220-U1223, U1619
										U2201, U2220-U2223
		OSC		1	FREQ:19.6608-MHZ			U200
		OSC		1	FREQ:25.0000-MHZ			U201
		74F374		14						U204, U213, U702-U704, U807, U904-U906
										U1000, U1002, U1606, U1607, U1812
		MTTLDL		1	::18-NSEC				U205
		74LS590		4						U210, U211, U1630, U1631
		74LS393		4						U212, U1810, U1813, U1814
		P16R8		1	::25-NSEC				U214
		74F138		11						U220, U322, U323, U400-U402, U1224
										U1621, U1622, U1728, U2224
		LS2518		2						U300, U301
		74F158		13						U302, U1202-U1206, U1626, U1627
										U2202-U2206
		2168		8						U303-U310
		8308		11						U311, U318-U321, U410, U411, U910-U913
		74F253		1						U312
		74LS399		1						U316
		LS2521		3						U403, U930, U1623
		82S62		2						U420, U421
		27256		1	::300-NSEC, SCK:+M28, PROM:A-U406	U500
				ALL.PRT[1,SMI]		29-DEC-83  1140

PART NUMBER	DIPTYPE		COUNT	DESCRIPTION				LOCATIONS

		27256		1	::300-NSEC, SCK:+M28, PROM:A-U407	U501
		85000		1						U502
		P16L8		1						U503
		AM9513		1						U504
		74LS05		2						U505, U1629
		9518		1						U506
		P16R4		1						U507
		74S288		1	SOCK:+S16, PROM:A-U510			U510
		74LS534		1						U511
		74LS273		5						U512, U514, U716, U1610, U1611
		74LS244		1						U513
		LED4		2						U515, U516
		Z8530		2						U600, U601
		26LS32		3						U606, U607, U615
		26LS29		2						U609, U611
		7660		2						U612, U614
		82586		1						U700
		8502		1						U701
		74F240.		1						U709
		74LS00		1						U715
		OSC		1	FREQ:16.0000-MHZ			U718
		7438		2						U938, U1003
		P9X4		3	::55-NSEC				U1001, U1811, U1815
		4256		288						U1300-U1317, U1320-U1337, U1340-U1357
										U1360-U1377, U1400-U1417, U1420-U1437
										U1440-U1457, U1460-U1477, U2300-U2317
										U2320-U2337, U2340-U2357, U2360-U2377
										U2400-U2417, U2420-U2437, U2440-U2457
										U2460-U2477
		R8.DIP		32	::33-OHM				U1318, U1319, U1338, U1339, U1358, U1359
										U1378, U1379, U1418, U1419, U1438, U1439
										U1458, U1459, U1478, U1479, U2318, U2319
										U2338, U2339, U2358, U2359, U2378, U2379
										U2418, U2419, U2438, U2439, U2458, U2459
										U2478, U2479
		P5X8		2	::25-NSEC				U1604, U1605
		74F240		1						U1620
		74LS139		1						U1625
		4416		16						U1700-U1707, U1710-U1717
		R8.DIP		2	::22-OHM				U1708, U1709
		R8.DIP		1	::68-OHM				U1718
		R8.DIP		8	::1-KOHM				U1730-U1737
		OSC		1	FREQ:100.000-MHZ			U1800
		74F112		1						U1801
		74F194		2						U1805, U1806
		74F64		1						U1807
				ALL.PRT[1,SMI]		29-DEC-83  1140

PART NUMBER	DIPTYPE		COUNT	DESCRIPTION				LOCATIONS

		XTAL		1	FREQ:100.000-MHZ			X700
