				AM.PRT[1,SMI]		17-MAR-83  0743
FILNAM	P,PN		DATE	   TIME	MODULE(DWG NUM)	REV	AUTHOR
	TITLE 1				PROJECT		BOARD TYPE
	TITLE 2				SHEET n OF m
	CARD LOC(VARIABLE SETTINGS)

A17	1,SMI		05-MAR-83  1123				
	(C) 1983 SMI, SUN-2, MEMORY			DECPC
					SHEET 17 OF 20
A18	1,SMI		05-MAR-83  1125				
	(C) 1982 SMI, SUN 68000 MEMORY BOARD		DECPC
					SHEET 3 OF 4
A19	1,SMI		05-MAR-83  1110				
	(C) 1982 SMI, SUN-2, CAPS			DECPC
					SHEET 19 OF 20
				AM.PRT[1,SMI]		17-MAR-83  0743

PART NUMBER	DIPTYPE		COUNT	DESCRIPTION				LOCATIONS

N/A		X		144						K1600-K1617, K1620-K1637, K1640-K1657
										K1660-K1677, K1700-K1717, K1720-K1737
										K1740-K1757, K1760-K1777
		R		18						R1800-R1817
		4256		144						U1600-U1617, U1620-U1637, U1640-U1657
										U1660-U1677, U1700-U1717, U1720-U1737
										U1740-U1757, U1760-U1777
