				AOLD.PRT[1,SMI]		11-NOV-83  0752
FILNAM	P,PN		DATE	   TIME	MODULE(DWG NUM)	REV	AUTHOR
	TITLE 1				PROJECT		BOARD TYPE
	TITLE 2				SHEET n OF m
	CARD LOC(VARIABLE SETTINGS)

A01	1,SMI		11-NOV-83  0530				
	PROPRIETARY SMI, SUN-2/50			DECPC
					SHEET 1 OF 10
A02	1,SMI		11-NOV-83  0536				
	PROPRIETARY SMI, SUN-2, CLOCKS			DECPC
					SHEET 2 OF 20
A03	1,SMI		11-NOV-83  0548				
	PROPRIETARY SMI, SUN-2, MMU			DECPC
					SHEET 3 OF 20
A04	1,SMI		24-AUG-83  2203				
	PROPRIETARY SMI, SUN-2, DECODING AND PROMS	DECPC
					SHEET 4 OF 20
A05	1,SMI		25-AUG-83  1628				
	PROPRIETARY SMI, DATA PATHS			DECPC
					SHEET 5 OF 20
A06	1,SMI		25-AUG-83  1548				
	PROPRIETARY SMI, SUN-2, I/O			DECPC
					SHEET 6 OF 20
A07	1,SMI		25-AUG-83  1550				
	PROPRIETARY SMI, SUN-2, SERIAL I/O		DECPC
	X				SHEET 7 OF 20
A08	1,SMI		25-AUG-83  1553				
	PROPRIETARY SMI, SUN-2, ETHERNET INTERFACE	DECPC
					SHEET 8 OF 20
A09	1,SMI		11-JUN-83  0912				
	PROPRIETARY SMI, SUN-2, SCSI			DECPC
					SHEET 9 OF 20
A10	1,SMI		11-JUN-83  0913				
	PROPRIETARY SMI, SUN-2, BUS INTERFACE		DECPC
					SHEET 10 OF 20
A11	1,SMI		11-JUN-83  0915				
	PROPRIETARY SMI, SUN-2, BUS CONNECTORS		DECPC
					SHEET 11 OF 20
				AOLD.PRT[1,SMI]		11-NOV-83  0752

PART NUMBER	DIPTYPE		COUNT	DESCRIPTION				LOCATIONS

N/A		K		7						C100, K600, K601, K700, K701, K710, K711
		C		10						C600, C601, C700-C703, C710-C713
		C		2	::0.1 UF				C800, C801
		C		1	::0.01 UF				C802
		C		2	::47 PF					C803, C804
		C		1	::470 PF				C805
		J.16		1						J4
		DB15		1						J5
		J.50		1						J6
		J.2		5						J200-J202, J400, J401
		RJ11		2						J701, J702
		DB25		2						J703, J704
		J.8		1						J1000
		L		1	::0.15 UH				L800
		P32		6						P100-P105
		P32		1	::P3-A					P106
		P32		1	::P3-B					P107
		P32		1	::P3-C					P108
		R		2	RES:16 OHMSKOHM				R100, R102
		R		1	RES:100 OHMSKOHM			R101
		R		1	RES:6.8 OHMSKOHM			R103
		R		1	::100 OHM				R601
		R		2	::4K7					R700, R701
		R		2	::4.8K					R702, R703
		R9.SIP		1	R:470 OHM, ::470			R800
		R4.SIP*		1	::39					R801
		R4.SIP*		1	::270					R802
		R		1	::70					R803
		R		1	::30					R804
		R		1	::330					R805
		R9.SIP		2						S100, S1000
		R9.SIP		3	R:2.7 OHMSKOHM				S103-S105
		R9.SIP		1	::1K OHM				S500
		68010		1						U100
		74F00		3						U102, U513, U598
		74F08		4						U109, U313, U599, U1022
		7407		2						U110, U1010
		74F251		1						U111
		74LS30		1						U114
		74F04		2						U115, U116
		74LS04		4						U116, U610, U708, U710
		74LS148		1						U119
		8211		1						U120
		74LS05		2						U122, U613
		K1114A		2	FREQ:19.6608MHZ				U200, U209
		74F74		12						U201, U203-U206, U208, U512, U810, U811
										U813, U1020, U1021
				AOLD.PRT[1,SMI]		11-NOV-83  0752

PART NUMBER	DIPTYPE		COUNT	DESCRIPTION				LOCATIONS

		74LS461		6						U210, U930-U934
		P20X10		1	PAL:A-U211				U211
		74F374		2						U213, U519
		P16R4		1	PAL:A-U214				U214
		P16R4		1	PAL:A-U215				U215
		P16L8		1	PAL:A-U216				U216
		LS2518		2						U300, U301
		74F158		1						U302
		2168		8						U303-U307, U310-U312
		AM2949		7						U314, U317-U320, U520, U521
		74F151		1						U315
		P16R4		2						U316, U602
		74LS138		10						U321-U324, U401-U404, U919, U920
		74F138		1						U400
		27256		1	SCK:+M28, PROM:A-U406			U406
		27256		1	SCK:+M28, PROM:A-U407			U407
		74F32		2						U410, U503
		74S288		1	SOCK:+S16, PROM:A-U411			U411
		74LS534		1						U412
		74LS273		4						U413, U610, U816, U908
		74LS244		11						U414, U817, U906, U909, U1000-U1002
										U1004, U1005, U1007, U1008
		74F244		6						U500, U514-U517, U1014
		74LS20		1						U504
		74F02		1						U508
		82S62		3						U509, U510, U903
		85000		1						U511
		74S288		1						U518
		80287		1						U600
		9518		1						U601
		K1114A		1	FREQ:15 MHZ				U603
		AM9513		1						U604
		74LS373		1						U605
		76489		1						U606
		58167		1						U607
		74LS08		2						U608, U913
		Z8530		3						U700-U702
		26LS32		3						U706, U707, U715
		26LS29		2						U709, U711
		7660		2						U712, U714
		82586		1						U800
		8502		1						U801
		74LS374		3						U802-U804
		8304B		4						U805, U806, U1012, U1013
		74F240.		1						U809
		74LS74		3						U812, U915, U916
				AOLD.PRT[1,SMI]		11-NOV-83  0752

PART NUMBER	DIPTYPE		COUNT	DESCRIPTION				LOCATIONS

		74LS00		1						U814
		K1114A		1	FREQ:16.00 MHZ				U815
		DIPTERM		2						U900, U901
		8303B		1						U902
		2952		3						U904, U905, U914
		74LS240		1						U907
		LS240.		1						U910
		74LS32		1						U911
		7438		1						U912
		P10L8		1						U917
		P14H4		1						U918
		XTAL		1						X600
		DIODE		1						X601
		BATTERY		1	::2.5 V					X603
		XTAL		1	::100 MHZ				X800
		J.4		3						Z100-Z102
