				AP.PRT[1,SMI]		17-MAR-83  0742
FILNAM	P,PN		DATE	   TIME	MODULE(DWG NUM)	REV	AUTHOR
	TITLE 1				PROJECT		BOARD TYPE
	TITLE 2				SHEET n OF m
	CARD LOC(VARIABLE SETTINGS)

A01	1,SMI		05-MAR-83  1139				
	(C) 1982, SUN-2, CPU				DECPC
					SHEET 1 OF 20
A02	1,SMI		05-MAR-83  1139				
	(C) 1983 SMI, SUN-2, CLOCKS			DECPC
					SHEET 2 OF 20
A03	1,SMI		05-MAR-83  1140				
	(C) 1983 SMI, SUN-2, MMU			DECPC
					SHEET 3 OF 20
A04	1,SMI		05-MAR-83  1152				
	(C) 1983, SUN-2, DECODING AND PROMS		DECPC
					SHEET 4 OF 20
A05	1,SMI		05-MAR-83  1141				
	(C) 1983 SMI, SUN-2, MEMORY INTERFACE		DECPC
					SHEET 5 OF 20
A06	1,SMI		05-MAR-83  1149				
	(C) 1983 SMI, SUN-2, I/O			DECPC
					SHEET 6 OF 20
A07	1,SMI		05-MAR-83  1224				
	(C) 1983 SMI, SUN-2, UARTS			DECPC
					SHEET 7 OF 20
				AP.PRT[1,SMI]		17-MAR-83  0742

PART NUMBER	DIPTYPE		COUNT	DESCRIPTION				LOCATIONS

N/A		J.4		4						NO. OF GATES WITH NO REF. DES. = 2
										J701, J702, J705, J706
		K		5						C100, C604, C605, C614, C615
		C		8						C600-C603, C610-C613
		J.16		1						J4
		J.26		2						J702, J703
		R		2	::16K					R100, R102
		R		1	::100K					R101
		R		1	::4.8K					R103
		R9.SIP		4						S100, S103, S104, S600
		R9.SIPG		1						S300
		68010		1						U100
		74F32		2						U101, U503
		74F00		2						U102, U513
		74F08		2						U109, U313
		7407		1						U110
		74F251		1						U111
		74LS20		1						U114
		74F04		1						U115
		74LS374		1						U118
		74LS148		1						U119
		8211		1						U120
		7406		1						U122
		K1114A		1	FREQ:19.6608MHZ				U200
		74F74		8						U201-U207, U512
		74LS491		1						U210
		P20X10		1						U211
		P20L10		1						U212
		P16R4		3						U213, U316, U602
		LS2518		2						U300, U301
		74F158		2						U302, U518
		2168		8						U303-U310
		74LS138		7						U311, U312, U321, U401-U404
		AM2949		5						U314, U317-U320
		74F151		1						U315
		74F138		1						U400
		27128		1	PROM:P0L				U406
		27128		1	PROM:P0U				U407
		27128		1	PROM:P1L				U408
		27128		1	PROM:P1U				U409
		74S472		1	PROM:P2U				U411
		74LS534		2						U412, U802
		74LS273		1						U413
		74LS244		1						U414
		74F244		11						U500-U502, U504-U507, U514-U517
		74F02		1						U508
				AP.PRT[1,SMI]		17-MAR-83  0742

PART NUMBER	DIPTYPE		COUNT	DESCRIPTION				LOCATIONS

		82S62		2						U509, U510
		85000		1						U511
		80287		1						U600
		9518		1						U601
		AM9513		1						U604
		74LS04		3						U608, U708, U710
		74LS05		1						U613
		Z8530		3						U700-U702
		26LS32		2						U706, U707
		26LS29		2						U709, U711
		7660		2						U712, U714
