				AS.PRT[1,SMI]		17-MAR-83  0739
FILNAM	P,PN		DATE	   TIME	MODULE(DWG NUM)	REV	AUTHOR
	TITLE 1				PROJECT		BOARD TYPE
	TITLE 2				SHEET n OF m
	CARD LOC(VARIABLE SETTINGS)

A09	1,SMI		05-MAR-83  1233				
	(C) 1983 SMI, IOBOARD, SCSI			DECPC
					SHEET 1 OF 4
				AS.PRT[1,SMI]		17-MAR-83  0739

PART NUMBER	DIPTYPE		COUNT	DESCRIPTION				LOCATIONS

N/A		J.50		1						J900
		DIPTERM		2						U900, U901
		8303B		1						U902
		82S62		1						U903
		2953		2						U904, U905
		74LS244		2						U906, U909
		74LS240		1						U907
		74LS273		1						U908
		74S240.		1						U910
		7438		2						U911, U912
		74LS08		1						U913
		74LS74		3						U914-U916
		74LS138		1						U917
		P10H8		1						U918
