				B.PRT[1,SMI]		10-SEP-84  1444
FILNAM	P,PN		DATE	   TIME	MODULE(DWG NUM)	REV	AUTHOR
	TITLE 1				PROJECT		BOARD TYPE
	TITLE 2				SHEET n OF m
	CARD LOC(VARIABLE SETTINGS)

B01	1,SMI		10-SEP-84  1323				
	SUN-2060, RESET, CAPS				DECPC
					SHEET 1 OF 19
B02A	1,SMI		10-SEP-84  1426				
	SUN-2060, CLOCKS				DECPC
					SHEET 2A OF 19
B02B	1,SMI		10-SEP-84  1321				
	SUN-2060, DVMA CONTROLLER			DECPC
					SHEET 2B OF 19
B03	1,SMI		10-SEP-84  1431				
	SUN-2060, MMU					DECPC
					SHEET 3 OF 19
B04	1,SMI		10-SEP-84  1425				
	SUN-2060, PARITY LOGIC				DECPC
					SHEET 4 OF 19
B05	1,SMI		10-SEP-84  1417				
	SUN-2060, I/O DECODING, MISC. I/O		DECPC
					SHEET 5 OF 19
B06	1,SMI		10-SEP-84  1407				
	SUN-2060, SERIAL PORTS				DECPC
					SHEET 6 OF 19
B07	1,SMI		10-SEP-84  1408				
	SUN-2060, ETHERNET INTERFACE			DECPC
					SHEET 7 OF 19
B08A	1,SMI		10-SEP-84  1410				
	SUN-2060, VME ARBITER				DECPC
					SHEET 8A OF 19
B08B	1,SMI		10-SEP-84  1412				
	SUN-2060, VME INTERFACE MASTER			DECPC
					SHEET 8B OF 19
B08C	1,SMI		10-SEP-84  1414				
	SUN-2060. VME INTERFACE SLAVE			DECPC
					SHEET 8C OF 19
B09	1,SMI		10-SEP-84  1415				
	SUN-2060, VME BUS INTERFACE			DECPC
					SHEET 9 OF 19
B10	1,SMI		10-SEP-84  1416				
	SUN-2060, INTERRUPT LOGIC			DECPC
					SHEET 10 OF 19
B11	1,SMI		04-SEP-84  0612				
	SUN-2060, DIN CONNECTORS			DECPC
					SHEET 11 OF 19
				B.PRT[1,SMI]		10-SEP-84  1444
FILNAM	P,PN		DATE	   TIME	MODULE(DWG NUM)	REV	AUTHOR
	TITLE 1				PROJECT		BOARD TYPE
	TITLE 2				SHEET n OF m
	CARD LOC(VARIABLE SETTINGS)

B12	1,SMI		10-SEP-84  1419				
	SUN-2060, MEMORY INTERFACE			DECPC
					SHEET 12 OF 19
B13	1,SMI		04-SEP-84  0613				
	SUN-2060, MEMORY 0-2M				DECPC
					SHEET 13 OF 19
B14	1,SMI		04-SEP-84  0614				
	SUN-2060, MEMORY 2-4M				DECPC
					SHEET 13 OF 19
B15	1,SMI		04-SEP-84  0615				
	SUN-2060, DECOUPLING CAPS			DECPC
					SHEET 15 OF 19
B16	1,SMI		04-SEP-84  0616				
	SUN-2060, VIDEO INTERFACE			DECPC
					SHEET 16 OF 19
B17	1,SMI		04-SEP-84  0617				
	SUN-2060, VIDEO MEMORY AND BUFFERS		DECPC
					SHEET 17 OF 19
B18	1,SMI		10-SEP-84  1420				
	SUN-2060, VIDEO CONTROLLER			DECPC
					SHEET 18 OF 19
B19	1,SMI		04-SEP-84  0618				
	SUN-2060, RESET, CAPS				DECPC
					SHEET 19 OF 19
				B.PRT[1,SMI]		10-SEP-84  1444

PART NUMBER	DIPTYPE		COUNT	DESCRIPTION				LOCATIONS

N/A		C		8	::47-PF					C600-C603, C610-C613
		C		2	::33-PF					C700, C704
		C		1	::470-PF				C703
		C		1	::0.01-UF				C705
		C		1	::100-PF				C800
		DIODE		1	::IN4148				D100
		LM385		1	::1.2					D101
		DIODE		3	::1N4148				D1800-D1802
		J.16		3						J200, J800, J1000
		J.4		1						J201
		J.8		2						J500, J1600
		LED4		2						J515, J516
		DB25		2						J603, J604
		DB15		2						J605, J700
		J.2		3						J702, J704, J1801
		DB9		1						J1800
		K		1	::33-UF					K100
		K		1	::10-UF					K110
		L		1	::0.15-UH				L700
		P96		3						P1101-P1103
		R		1	::15-KOHM-1%				R100
		R		1	::100-KOHM-1%				R101
		R		1	::51.1-KOHM-1%				R102
		R		1	::23.7KOHM-1%				R103
		R		1	::10-KOHM-1%				R104
		R		2	::1-MOHM				R105, R106
		R		2	::1-KOHM				R107, R112
		R		1	::120-OHM				R110
		R		1	::390-OHM				R111
		R		1	::15-OHM				R113
		R		1	::30-OHM				R702
		R		1	::68-OHM				R703
		R		1	::330-OHM				R712
		R		2	::180-OHM				R800, R1803
		R		1	::470-OHM				R1802
		S10.T		9	::2.2K/3.3K				S100-S108
		R9.SIP		1	::1-KOHM				S109
		R9.SIP		4	::4.7-KOHM				S110, S111, S1001, S1600
		R4.SIP		2	::2.2-KOHM				S600, S601
		R9.SIP		1	::470-OHM				S700
		R4.SIP		1	::39-OHM				S704
		R4.SIP		1	::270-OHM				S705
		R9.SIP		3	::10-KOHM				S800, S818, S1000
		R9.GSIP		1	::330-OHM				S1800
		2N2905		1						T1800
		68020		1						U100
				B.PRT[1,SMI]		10-SEP-84  1444

PART NUMBER	DIPTYPE		COUNT	DESCRIPTION				LOCATIONS

		68881		1						U101
		P16L8		1	=:U102					U102
		P16L8		1	=:U103					U103
		74F04		5						U104, U204, U225, U709, U804
		P16L8		1	=:U105					U105
		P16L8		1	=:U106					U106
		P16L8		1	=:U107					U107
		P16R4		1	=:U109					U109
		ALS245		4						U110, U112, U114, U116
		LM393		1						U133
		VREG		1	::LM337					U137
		74F74		15						U200, U201, U203, U205, U208, U209, U710
										U712, U713, U719, U819, U823, U906
										U1624, U1803
		74F175		2						U206, U207
		74F08		3						U210, U808, U1808
		74F374		7						U213, U812, U813, U1606, U1607, U1615
										U1812
		P16R8		1	=:U214					U214
		P16L8		1						U215
		K1114A		1	::19.6608-MHZ				U220
		K1114A		1	::64.0000-MHZ				U221
		K1114A		1	::32.000-MHZ				U222
		K1114A		1	*:16.0000-MHZ				U223
		74LS393		9						U224, U228, U826, U827, U1630, U1631
										U1810, U1813, U1814
		74F64		1						U227
		ALS374		15						U229, U316, U702-U706, U910-U912, U1612
										U1613, U1632, U1633, U1636
		74F32		5						U232, U327, U532, U822, U825
		2168		10	::50-NSEC				U301-U310
		ALS623		5						U311, U318-U321
		74F151		2						U315, U1002
		74F138		7						U317, U520, U1200, U1201, U1205, U1206
										U1653
		ALS138		6						U322-U324, U521, U522, U1621
		74F521		2						U325, U809
		LS2518		2						U330, U331
		74F158		6						U332, U333, U404, U1210-U1212
		74F280		4						U400-U403
		ALS244		7						U405, U513, U707, U708, U717, U913, U914
		R8.DIP		16	::33-OHM				U406, U1203, U1207, U1221, U1223, U1318
										U1338, U1358, U1378, U1418, U1438, U1458
										U1478, U1650-U1652
		74F373		1						U408
		P16L8		1	=:U411					U411
				B.PRT[1,SMI]		10-SEP-84  1444

PART NUMBER	DIPTYPE		COUNT	DESCRIPTION				LOCATIONS

		27128		1	=:A500, +:M28				U500
		27128		1	=:A501, +:M28				U501
		AM9513		1	+:S40					U504
		74LS05		1						U505
		9518		1	+:S40, ::4-MHZ				U506
		P16R4		1	+:S20					U507
		P5X8		1	::45-NSEC, =:A510			U510
		ALS534		3						U511, U1634, U1635
		ALS273		5						U512, U514, U716, U1610, U1611
		Z8530		2	::6-MHZ, +:S40				U600, U601
		26LS32		3						U606, U607, U615
		74LS04		2						U608, U610
		26LS29		2						U609, U611
		82586		1						U700
		8502		1						U701
		ALS74		1						U714
		74LS00		1						U715
		27S33A		1	=:U811					U811
		P16L8		1	=:U814					U814
		P16L8		1	=:U815					U815
		P16L8		1	=:U816					U816
		74F244		13						U817, U1220, U1222, U1224, U1319, U1339
										U1359, U1379, U1419, U1439, U1459, U1479
										U1816
		ALS6411		1						U818
		74F20		1						U820
		29821		5						U900-U904
		P16L8		1	=:U905					U905
		27S33A		1	=:U1000					U1000
		74LS148		1						U1001
		R8.DIP		1	=:33-OHM				U1225
		4256		144						U1300-U1317, U1320-U1337, U1340-U1357
										U1360-U1377, U1400-U1417, U1420-U1437
										U1440-U1457, U1460-U1477
		P5X8		1	::25-NSEC, =:A1604			U1604
		P5X8		1	::25-NSEC, =:A1605			U1605
		P16L8		1	=:B1616					U1616
		74F00		1						U1619
		P16L8		1	=:B1620					U1620
		LS2521		1						U1623
		4416		16						U1700-U1707, U1710-U1717
		74LS374		24						U1720-U1727, U1730-U1737, U1740-U1747
		K1114B		1	::100.000-MHZ				U1800
		74F112		1						U1801
		74F194		2						U1805, U1806
		10H124		1						U1807
				B.PRT[1,SMI]		10-SEP-84  1444

PART NUMBER	DIPTYPE		COUNT	DESCRIPTION				LOCATIONS

		10H141		1						U1809
		P9X4		1	::55-NSEC, =:A1811			U1811
		P9X4		1	::55-NSEC, =:A1815			U1815
		XTAL		1	::100-MHZ				X700
		C		2	::0.1-UF				X701, X702
		X		260						X1300-X1317, X1320-X1337, X1340-X1357
										X1360-X1377, X1400-X1417, X1420-X1437
										X1440-X1457, X1460-X1477, X1700-X1707
										X1710-X1717, X1900-X1999
