				B01.PRT[1,SMI]		13-JUL-84  1212
FILNAM	P,PN		DATE	   TIME	MODULE(DWG NUM)	REV	AUTHOR
	TITLE 1				PROJECT		BOARD TYPE
	TITLE 2				SHEET n OF m
	CARD LOC(VARIABLE SETTINGS)

B01	1,SMI		13-JUL-84  0628				
	PROPRIETARY SMI, SUN-2				DECPC
					SHEET 1 OF 19
B02	1,SMI		13-JUL-84  0700				
	PROPRIETARY SMI, SUN-2, CLOCKS			DECPC
					SHEET 2 OF 19
B03	1,SMI		13-JUL-84  0643				
	PROPRIETARY SMI, SUN-2				DECPC
					SHEET 3 OF 19
B04	1,SMI		13-JUL-84  0650				
	PROPRIETARY SMI, SUN-2				DECPC
					SHEET 4 OF 19
B05	1,SMI		13-JUL-84  0724				
	PROPRIETARY SMI, SUN-2,				DECPC
					SHEET 5 OF 19
B06	1,SMI		13-JUL-84  0652				
	PROPRIETARY SMI, SUN-2, I/O			DECPC
	X				SHEET 6 OF 19
B07	1,SMI		13-JUL-84  0723				
	PROPRIETARY SMI, SUN-2, ETHERNET INTERFACE	DECPC
					SHEET 7 OF 19
B08	1,SMI		13-JUL-84  0656				
	PROPRIETARY SMI, SUN-2				DECPC
					SHEET 8 OF 19
B09	1,SMI		13-JUL-84  0724				
	PROPRIETARY SMI, SUN-2				DECPC
					SHEET 9 OF 19
B10	1,SMI		13-JUL-84  0657				
	PROPRIETARY SMI, SUN-2				DECPC
					SHEET 10 OF 19
				B01.PRT[1,SMI]		13-JUL-84  1212

PART NUMBER	DIPTYPE		COUNT	DESCRIPTION				LOCATIONS

N/A		C		8	::47-PF					C600-C603, C610-C613
		C		2	::33-PF					C700, C704
		C		1	::470-PF				C703
		C		1	::0.01-UF				C705
		C		1	::100-PF				C800
		J.16		3						J200, J800, J900
		J.8		1						J500
		LED4		2						J515, J516
		RJ11		2						J601, J602
		DB25		2						J603, J604
		DB15		2						J605, J700
		J.2		2						J702, J704
		L		1	::0.15-UH				L700
		R		1	::30-OHM				R702
		R		1	::68-OHM				R703
		R		1	::330-OHM				R712
		R		1	::180-OHM				R800
		R9.SIP		5	::4.7-KOHM				S100-S102, S110, S111
		R9.SIP		1	::1-KOHM				S112
		R4.SIP		2	::2.2-KOHM				S600, S601
		R9.SIP		1	::470-OHM				S700
		R4.SIP		1	::39-OHM				S704
		R4.SIP		1	::270-OHM				S705
		R9.SIP		3	::10-KOHM				S800, S818, S900
		68020		1						U100
		N/A		1	DIPTYPE:68881				U101
		P16L8		1	=:U102					U102
		P16L8		1	=:U103					U103
		74F04		2						U104, U709
		P16L8		1	=:U105					U105
		P16L8		1	=:U106					U106
		P16L8		1	=:U107					U107
		P16R4		1	=:U109					U109
		74LS245		4						U110-U113
		ALS30		2						U130, U325
		K1114A		1	::19.6608-MHZ				U200
		K1114A		1	::64.0000-MHZ				U201
		K1114A		1	::16.0000-MHZ				U202
		74F74		12						U203-U208, U710, U712, U713, U719, U803
										U931
		74F00		1						U209
		74LS590		2						U210, U211
		74LS393		2						U212, U809
		74F374		8						U213, U400, U402, U404, U406, U408, U812
										U813
		P16R8		1	=:U214					U214
				B01.PRT[1,SMI]		13-JUL-84  1212

PART NUMBER	DIPTYPE		COUNT	DESCRIPTION				LOCATIONS

		P16L8		1	=:U215					U215
		LS2518		2						U300, U301
		74F158		2						U302, U409
		2168		8	::50-NSEC				U303-U310
		8308		5						U311, U318-U321
		74F151		2						U315, U802
		ALS374		7						U316, U702-U704, U904-U906
		74F138		2						U317, U520
		ALS138		5						U322-U324, U521, U522
		74F32		1						U326
		74F280		4						U401, U403, U405, U407
		ALS244		7						U410, U513, U707, U708, U717, U908, U909
		P16R4		1	=:U411					U411
		27128		1	=:A500, +:M28				U500
		27128		1	=:A501, +:M28				U501
		AM9513		1	+:S40					U504
		74LS05		1						U505
		9518		1	+:S40, ::4-MHZ				U506
		P16R4		1	+:S20					U507
		P5X8		1	::45-NSEC, =:A510			U510
		ALS534		1						U511
		ALS273		3						U512, U514, U716
		Z8530		2	::6-MHZ, +:S40				U600, U601
		DIP16		1						U602
		26LS32		3						U606, U607, U615
		74LS04		2						U608, U610
		26LS29		2						U609, U611
		82586		1						U700
		8502		1						U701
		ALS373		8						U705, U706, U910, U911, U940-U943
		ALS74		1						U714
		74LS00		1						U715
		74F08		2						U718, U808
		74LS148		1						U800
		P16R4		1						U801
		P16L8		1	=:A810					U810
		27S33A		1	::A811					U811
		P16L8		1	=:A814					U814
		74F373		1						U815
		P16L8		1						U816
		74F244		1						U817
		ALS6411		1						U818
		ALS2441		6						U900-U903, U912, U913
		LS2521		1						U930
		XTAL		1	::100-MHZ				X700
		C		2	::0.1-UF				X701, X702
