				B12.PRT[1,SMI]		13-JUL-84  1213
FILNAM	P,PN		DATE	   TIME	MODULE(DWG NUM)	REV	AUTHOR
	TITLE 1				PROJECT		BOARD TYPE
	TITLE 2				SHEET n OF m
	CARD LOC(VARIABLE SETTINGS)

B12	1,SMI		13-JUL-84  0708				
	PROPRIETARY SMI, SUN-2, MEMORY INTERFACE	DECPC
					SHEET 12 OF 19
B13	1,SMI		08-JUL-84  2157				
	PROPRIETARY SMI, SUN-2, MEMORY			DECPC
					SHEET 13 OF 19
B14	1,SMI		08-JUL-84  2155				
	PROPRIETARY SMI, SUN-2, MEMORY			DECPC
					SHEET 13 OF 19
B15	1,SMI		08-JUL-84  2159				
	PROPRIETARY SMI, SUN-2, FRAME BUFFER		DECPC
					SHEET 15 OF 19
				B12.PRT[1,SMI]		13-JUL-84  1213

PART NUMBER	DIPTYPE		COUNT	DESCRIPTION				LOCATIONS

N/A		R		8	::82-OHM				R1200, R1202, R1204, R1206, R1208, R1210
										R1212, R1214
		R		8	::62-OHM				R1201, R1203, R1205, R1207, R1209, R1211
										R1213, R1215
		74F138		4						U1200, U1201, U1205, U1206
		R8.DIP		12	::33-OHM				U1203, U1207, U1221, U1223, U1318, U1338
										U1358, U1378, U1418, U1438, U1458, U1478
		74F04		1						U1204
		74F158		3						U1210-U1212
		74F244		11						U1220, U1222, U1224, U1319, U1339, U1359
										U1379, U1419, U1439, U1459, U1479
		4256		144						U1300-U1317, U1320-U1337, U1340-U1357
										U1360-U1377, U1400-U1417, U1420-U1437
										U1440-U1457, U1460-U1477
		X		169						X1210-X1214, X1220, X1222, X1224, X1226
										X1300-X1317, X1320-X1337, X1340-X1357
										X1360-X1377, X1400-X1417, X1420-X1437
										X1440-X1457, X1460-X1477, X1700-X1707
										X1710-X1717
