				B16.PRT[1,SMI]		13-JUL-84  1216
FILNAM	P,PN		DATE	   TIME	MODULE(DWG NUM)	REV	AUTHOR
	TITLE 1				PROJECT		BOARD TYPE
	TITLE 2				SHEET n OF m
	CARD LOC(VARIABLE SETTINGS)

B16	1,SMI		13-JUL-84  0728				
	PROPRIETARY SMI, SUN-2, VIDEO			DECPC
					SHEET 16 OF 19
B17	1,SMI		13-JUL-84  0728				
	PROPRIETARY SMI, SUN-2, FRAME BUFFER		DECPC
					SHEET 17 OF 19
B18	1,SMI		13-JUL-84  0709				
	PROPRIETARY SMI, SUN-2, VIDEO CONTROLLER	DECPC
					SHEET 18 OF 19
B19	1,SMI		17-JUN-84  1119				
	PROPRIETARY SMI, SUN-2, CAPS			DECPC
					SHEET 19 OF 19
				B16.PRT[1,SMI]		13-JUL-84  1216

PART NUMBER	DIPTYPE		COUNT	DESCRIPTION				LOCATIONS

N/A		DIODE		1	::IN4148				D100
		LM385		1	::1.2					D101
		DIODE		3	::1N4148				D1800-D1802
		J.16		1						J1600
		DB9		1						J1800
		J.2		1						J1801
		K		1	::33-UF					K100
		K		1	::10-UF					K110
		R		1	::15-KOHM-1%				R100
		R		1	::100-KOHM-1%				R101
		R		1	::47.5-KOHM-1%				R102
		R		1	::26.1-KOHM-1%				R103
		R		1	::10-KOHM-1%				R104
		R		2	::1-MOHM				R105, R106
		R		2	::1-KOHM				R107, R112
		R		1	::120-OHM				R110
		R		1	::390-OHM				R111
		R		1	::15-OHM				R113
		R		1	::470-OHM				R1802
		R		1	::180-OHM				R1803
		R9.SIP		1	::4.7-KOHM				S1600
		R9.GSIP		1	::330-OHM				S1800
		2N2905		1						T1800
		LM393		1						U133
		VREG		1	::LM337					U137
		P5X8		1	::25-NSEC, =:A1604			U1604
		P5X8		1	::25-NSEC, =:A1605			U1605
		74F374		5						U1606, U1607, U1632, U1633, U1812
		ALS273		2						U1610, U1611
		ALS374		4						U1612, U1613, U1615, U1634
		P16L8		1	=:B1616					U1616
		P16L8		1	=:A1620					U1620
		ALS138		1						U1621
		LS2521		1						U1623
		74F74		2						U1624, U1803
		74F00		1						U1625
		74LS393		5						U1630, U1631, U1810, U1813, U1814
		ALS534		1						U1635
		R8.DIP		3	::33-OHM				U1650-U1652
		74F138		1						U1653
		4416		16						U1700-U1707, U1710-U1717
		74LS374		24						U1720-U1727, U1730-U1737, U1740-U1747
		K1114B		1	::100.000-MHZ				U1800
		74F112		1						U1801
		74F194		2						U1805, U1806
		10H124		1						U1807
				B16.PRT[1,SMI]		13-JUL-84  1216

PART NUMBER	DIPTYPE		COUNT	DESCRIPTION				LOCATIONS

		74F08		1						U1808
		10H141		1						U1809
		P9X4		1	::55-NSEC, =:A1811			U1811
		P9X4		1	::55-NSEC, =:A1815			U1815
		74F244		1						U1816
		X		100						X1900-X1999
		H125		8						Z1000-Z1003, Z2000-Z2003
