				B8.PRT[1,SMI]		02-MAR-84  1524
FILNAM	P,PN		DATE	   TIME	MODULE(DWG NUM)	REV	AUTHOR
	TITLE 1				PROJECT		BOARD TYPE
	TITLE 2				SHEET n OF m
	CARD LOC(VARIABLE SETTINGS)

B8	1,SMI		02-MAR-84  1452				
	PROPRIETARY SMI, SUN-2, FRAME BUFFER		DECPC
					SHEET 8 OF 9
				B8.PRT[1,SMI]		02-MAR-84  1524

PART NUMBER	DIPTYPE		COUNT	DESCRIPTION				LOCATIONS

N/A		74F04		0						NO. OF GATES WITH NO REF. DES. = 1
		74LS374		16						SP04-SP11, SP14-SP21
		74S299		1						SP22
		K1114A		1	::50.0000-MHZ				SP24
		74F163		1						SP25
		ALS138		1						SP26
		74LS393		2						SP27, SP37
		P9X4		2	::-XXX					SP28, SP38
		74F374		1						SP29
		74F74		1						SP35
		74LS74		1						SP36
