				BACK.PRT[1,SMI]		29-JUN-84  1559
FILNAM	P,PN		DATE	   TIME	MODULE(DWG NUM)	REV	AUTHOR
	TITLE 1				PROJECT		BOARD TYPE
	TITLE 2				SHEET n OF m
	CARD LOC(VARIABLE SETTINGS)

BACK1	1,SMI		29-JUN-84  1548				
	SMI, M-160 BACKPLANE, SLOT1			DECPC
					SHEET 1 OF 13
BACK10	1,SMI		14-JUN-84  1300				
	SMI, M-160 BACKPLANE, SLOT 10			DECPC
					SHEET 10 OF 13
BACK11	1,SMI		14-JUN-84  1303				
	SMI, M-160 BACKPLANE, SLOT 11			DECPC
					SHEET 11 OF 13
BACK12	1,SMI		29-JUN-84  1551				
	SMI, M-160 BACKPLANE, SLOT 11			DECPC
					SHEET 11 OF 13
BACK13	1,SMI		29-JUN-84  1554				
	SMI, M-160 BACKPLANE, TERMINATORS & CAPS	DECPC
					SHEET 13 OF 13
BACK2	1,SMI		14-JUN-84  1148				
	SMI, M-160 BACKPLANE, SLOT 2			DECPC
					SHEET 2 OF 13
BACK3	1,SMI		14-JUN-84  1203				
	SMI, M-160 BACKPLANE, SLOT3			DECPC
					SHEET 3 OF 13
BACK4	1,SMI		29-JUN-84  1541				
	SMI, M-160 BACKPLANE, SLOT 4			DECPC
					SHEET 4 OF 13
BACK5	1,SMI		29-JUN-84  1543				
	SMI, M-160 BACKPLANE, SLOT 4			DECPC
					SHEET 4 OF 13
BACK6	1,SMI		14-JUN-84  1249				
	SMI, M-160 BACKPLANE,SLOT 6			DECPC
					SHEET 6 OF 13
BACK7	1,SMI		14-JUN-84  1253				
	SMI, M-160 BACKPLANE, SLOT 7			DECPC
					SHEET 7 OF 13
BACK8	1,SMI		14-JUN-84  1256				
	SMI, M-160 BACKPLANE, SLOT 8			DECPC
					SHEET 8 OF 13
BACK9	1,SMI		14-JUN-84  1258				
	SMI, M-160 BACKPLANE, SLOT 9			DECPC
					SHEET 9 OF 13
				BACK.PRT[1,SMI]		29-JUN-84  1559

PART NUMBER	DIPTYPE		COUNT	DESCRIPTION				LOCATIONS

N/A		DIODE		4	::1N4148				D1-D4
		J.2		58						J100-J103, J200-J204, J300-J304
										J400-J404, J500-J504, J600-J604
										J700-J704, J800-J804, J900-J904
										J1000-J1004, J1100-J1104, J1200-J1203
		K		103						K1-K84, K100-K104, K200-K204, K300-K308
		LED		4	::LED					L1-L4
		P96		36						P101-P103, P201-P203, P301-P303
										P401-P403, P501-P503, P601-P603
										P701-P703, P801-P803, P901-P903
										P1001-P1003, P1101-P1103, P1201-P1203
		R		4	::100 OHM				R1-R4
		S10.T		48						S100-S102, S110-S112, S120-S122
										S200-S203, S210-S213, S220-S222, S301
										S311, S321, S331, S1100-S1102
										S1110-S1112, S1120-S1122, S1200-S1203
										S1210-S1213, S1220-S1222, S1301, S1311
										S1321, S1331
		ZENER		2	::8VOLT					Z1, Z2
