				C.PRT[1,SMI]		21-OCT-84  1748
FILNAM	P,PN		DATE	   TIME	MODULE(DWG NUM)	REV	AUTHOR
	TITLE 1				PROJECT		BOARD TYPE
	TITLE 2				SHEET n OF m
	CARD LOC(VARIABLE SETTINGS)

C01	1,SMI		21-OCT-84  1744				
	SUN-2060, RESET, CAPS				DECPC
					SHEET 1 OF 12
C02	1,SMI		21-OCT-84  1503				
	SUN-2060, CLOCKS				DECPC
					SHEET 2 OF 12
C03	1,SMI		21-OCT-84  1509				
	SUN-2060, MMU					DECPC
					SHEET 3 OF 12
C04	1,SMI		21-OCT-84  1744				
	SUN-2060, PARITY LOGIC				DECPC
					SHEET 4 OF 12
C05	1,SMI		21-OCT-84  1745				
	SUN-2060, I/O DECODING, MISC. I/O		DECPC
					SHEET 5 OF 12
C06	1,SMI		21-OCT-84  1747				
	SUN-2060, SERIAL PORTS				DECPC
					SHEET 6 OF 12
C07	1,SMI		21-OCT-84  1652				
	SUN-2060, MEMORY INTERFACE			DECPC
					SHEET 7 OF 12
C08	1,SMI		21-OCT-84  1725				
	SUN-2060, MEMORY 0-2M				DECPC
					SHEET 8 OF 12
C09	1,SMI		21-OCT-84  1729				
	SUN-2060, MEMORY 0-2M				DECPC
					SHEET 9 OF 12
C10	1,SMI		21-OCT-84  1737				
	SUN-2060, VIDEO MEMORY AND BUFFERS		DECPC
					SHEET 10 OF 12
C11	1,SMI		21-OCT-84  1459				
	SUN-2060, VIDEO CONTROLLER			DECPC
					SHEET 11 OF 12
C12	1,SMI		21-OCT-84  1738				
	SUN-2060, DIN CONNECTORS			DECPC
					SHEET 12 OF 12
				C.PRT[1,SMI]		21-OCT-84  1748

PART NUMBER	DIPTYPE		COUNT	DESCRIPTION				LOCATIONS

N/A		74F163		0						NO. OF GATES WITH NO REF. DES. = 1
		74F64		0						NO. OF GATES WITH NO REF. DES. = 2
		C		8	::47-PF					C600-C603, C610-C613
		J.16		1						J200
		J.8		1						J500
		LED4		2						J515, J516
		DB25		2						J603, J604
		DB15		1						J605
		DB9		1						J1800
		P96		2						P1102, P1103
		S10.T		9	::2.2K/3.3K				S100-S108
		R9.SIP		1	::1-KOHM				S109
		R9.SIP		2	::4.7-KOHM				S110, S111
		R4.SIP		2	::2.2-KOHM				S600, S601
		R9.GSIP		1	::330-OHM				S1800
		68020		1						U100
		68881		1						U101
		P16L8		1	=:U102					U102
		P16L8		1	=:U103					U103
		74F04		2						U104, U225
		P16L8		1	=:U105					U105
		P16L8		1	=:U106					U106
		P16R4		1	=:U109					U109
		ALS245		12						U110, U112, U114, U116, U1000-U1007
		74F74		4						U200, U201, U203, U1803
		K1114A		1	::19.6608-MHZ				U220
		K1114A		1	::64.0000-MHZ				U221
		K1114A		1	::32.000-MHZ				U222
		K1114A		1	*:100.000-MHZ				U223
		74LS393		6						U224, U706, U707, U1810, U1813, U1814
		74F32		3						U232, U327, U532
		LS2518		1						U300
		2168		8	::50-NSEC				U301, U302, U305-U310
		ALS623		5						U311, U318-U321
		74F151		1						U315
		ALS374		1						U316
		74F138		3						U317, U520, U1653
		ALS138		5						U322-U324, U521, U522
		74F521		1						U325
		74F280		4						U400-U403
		74F158		7						U404, U700-U705
		ALS244		2						U405, U513
		R8.DIP		13	::33-OHM				U406, U721, U723, U725, U727, U818, U838
										U858, U878, U918, U938, U958, U978
		74F373		1						U408
		P16L8		1	=:U411					U411
				C.PRT[1,SMI]		21-OCT-84  1748

PART NUMBER	DIPTYPE		COUNT	DESCRIPTION				LOCATIONS

		27128		1	+:M28, =:A500				U500
		27128		1	+:M28, =:A501				U501
		AM9513		1	+:S40					U504
		74LS05		1						U505
		9518		1	::4-MHZ, +:S40				U506
		P16R4		1	+:S20					U507
		P5X8		1	=:A510, ::45-NSEC			U510
		ALS534		1						U511
		ALS273		2						U512, U514
		Z8530		2	+:S40, ::6-MHZ				U600, U601
		26LS32		3						U606, U607, U615
		74LS04		2						U608, U610
		26LS29		2						U609, U611
		P16L8		2						U710, U711
		74F374		2						U720, U1812
		74F244		12						U722, U724, U726, U819, U839, U859, U879
										U919, U939, U959, U979, U1816
		4256		144						U800-U817, U820-U837, U840-U857
										U860-U877, U900-U917, U920-U937
										U940-U957, U960-U977
		74F08		2						U808, U1808
		74F20		1						U820
		74LS374		16						U1010-U1017, U1020-U1027
		74F112		1						U1801
		74F194		2						U1805, U1806
		10H124		1						U1807
		10H141		1						U1809
		P9X4		1	=:A1811, ::55-NSEC			U1811
		P9X4		1	=:A1815, ::55-NSEC			U1815
