				CG.PRT[1,SMI]		16-MAY-84  2056
FILNAM	P,PN		DATE	   TIME	MODULE(DWG NUM)	REV	AUTHOR
	TITLE 1				PROJECT		BOARD TYPE
	TITLE 2				SHEET n OF m
	CARD LOC(VARIABLE SETTINGS)

CG1	1,SMI		16-MAY-84  2040				
	(C) 1982 SMI, COLOR BOARD, 796-BUS INTERFACE.	DECPC
					SHEET 1 OF 7
CG2	1,SMI		16-MAY-84  2052				
	(C) 1982 SMI, COLOR BOARD, STATE MACHINE.	DECPC
					SHEET 2 OF 7
CG3	1,SMI		26-MAR-83  1259				
	(C) 1982 SMI, COLOR BOARD, FRAME BUFFER MEMORY.	DECPC
					SHEET 3 OF 7
CG4	1,SMI		23-JAN-83  1728				
	(C) 1982 SMI, COLOR BOARD, FUNCTION UNIT.	DECPC
					SHEET 4 OF 7
CG5	1,SMI		16-MAY-84  2052				
	(C) 1982 SMI, COLOR BOARD, ADDRESS LOGIC.	DECPC
					SHEET 5 OF 7
CG6	1,SMI		26-MAR-83  1414				
	(C) 1982 SMI, COLOR BOARD, CMAPS & DACS		DECPC
					SHEET 6 OF 7
CG7	1,SMI		16-MAY-84  2036				
	(C) 1982 SMI, COLOR BOARD, CONNECTORS.		DECPC
					SHEET 7 OF 7
				CG.PRT[1,SMI]		16-MAY-84  2056

PART NUMBER	DIPTYPE		COUNT	DESCRIPTION				LOCATIONS

N/A		C		128						C1-C83, C86, C87, C90, C91, C94-C115
										C201-C219
		J.10		1						J1
		J.16		3						J2, J3, J5
		J.4		1						J4
		J.2		1						J6
		K		14						K1-K14
		L		8	::XXX-UH				L10, L11, L20, L21, L30, L31, L40, L41
		4164		40						M1336, M1338, M1340, M1342, M1344, M1346
										M1348, M1350, M1536, M1538, M1540, M1542
										M1544, M1546, M1548, M1550, M1736, M1738
										M1740, M1742, M1744, M1746, M1748, M1750
										M1936, M1938, M1940, M1942, M1944, M1946
										M1948, M1950, M2136, M2138, M2140, M2142
										M2144, M2146, M2148, M2150
		R9.GSIP		3	R:1K OHM				R1004, R1012, R1020
		R.VAR		3	R:200 OHM, ::XXX-OHM			R1007, R1015, R1023
		R		1	R:180 OHM				R1101
		R9.SIP		1	RESISTANCE:1K OHMS, ::XXX-OHM		R1513
		R9.SIP		1	R:1K OHMS, ::XXX-OHM			R2210
		10124Q		7						U935, U1002, U1010, U1018, U1202, U1210
										U1218
		DAC-805		3						U1005, U1013, U1021
		74LS244		2						U1026, U1224
		74LS273		1						U1028
		74LS374		16						U1030, U1334, U1434, U1534, U1634, U1734
										U1812, U1814, U1824, U1826, U1834, U1934
										U2034, U2134, U2234, U2334
		74F240		5						U1035, U1335, U1635, U1835, U2135
		74F251		8						U1036, U1038, U1040, U1042, U1044, U1046
										U1048, U1050
		74F00		3						U1100, U1602, U2202
		74F74		4						U1200, U1300, U1600, U1801
		AM2949		3						U1204, U1212, U1226
		2148		6						U1206, U1208, U1214, U1216, U1220, U1222
		74F534		1						U1228
		74LS04		1						U1400
		74F32		2						U1504, U2000
		74F374		4						U1506, U1514, U1806, U1808
		3625		2						U1508, U1810
		74S288		3						U1512, U1604, U1904
		74F257		4						U1520, U2116, U2124, U2322
		3628		2						U1522, U1524
		74F244		3						U1528, U1828, U2128
		74F163		5						U1612, U1712, U1804, U2112, U2114
		74F139		2						U1620, U1720
				CG.PRT[1,SMI]		16-MAY-84  2056

PART NUMBER	DIPTYPE		COUNT	DESCRIPTION				LOCATIONS

		74LS174		1						U1700
		74F08		1						U1800
		74F138		1						U1820
		74F04		1						U1900
		K1114A		1	FREQ:23.485 MHZ				U1902
		7406		1						U1916
		74LS670		6						U1918, U1920, U1922, U2118, U2120, U2122
		74F02		1						U2100
		8303B		1						U2126
		74F112		1						U2200
		MTTLDL		1	DELAY:20 NSEC				U2204
		LS2521		1						U2210
		74F240*		1						U2300
		74F533		2						U2310, U2316
		2952		2						V1032, V1034
		X		3						X1-X3
