				COLOR.PRT[1,SMI]	03-OCT-85  1757
FILNAM	P,PN		DATE	   TIME	MODULE(DWG NUM)	REV	AUTHOR
	TITLE 1				PROJECT		BOARD TYPE
	TITLE 2				SHEET n OF m
	CARD LOC(VARIABLE SETTINGS)

F09	1,SMI		23-SEP-85  1833				
	FERRARI						DECPC
	VIDEO MEMORY CONTROL AND DRIVERS	SHEET 9 OF 20
F12	1,SMI		31-AUG-85  1137				
	FERRARI						DECPC
	VIDEO RAM X PLANE 0-1		SHEET 12 OF 20
F13	1,SMI		31-AUG-85  1111				
	FERRARI						DECPC
	VIDEO MEMORY Y PLANE 0-3	SHEET 13 OF 20
F14	1,SMI		31-AUG-85  1113				
	FERRARI						DECPC
	VIDEO MEMORY Y PLANE 4-7	SHEET 14 OF 20
F15	1,SMI		02-SEP-85  2356				
	FERRARI						DECPC
	VIDEO CLOCK AND SHIFTERS	SHEET 15 OF 20
F16	1,SMI		02-SEP-85  2352				
	FERRARI						DECPC
	VIDEO CLOCK AND SHIFTERS	SHEET 16 OF 20
F17	1,SMI		02-SEP-85  2355				
	FERRARI						DECPC
	VIDEO DACS AND OUTPUT		SHEET 17 OF 20
				COLOR.PRT[1,SMI]	03-OCT-85  1757

PART NUMBER	DIPTYPE		COUNT	DESCRIPTION				LOCATIONS

N/A		C		6	::100-PF				C1700, C1701, C1710, C1711, C1720, C1721
		C		3	::82-PF					C1702, C1712, C1722
		COAX		4						J10-J13
		DB9		1						J14
		L		3	::75-NH					L1700, L1710, L1720
		R		3	::1.4-KOHM				R1700, R1710, R1720
		R		6	::348-OHM1%				R1701, R1702, R1711, R1712, R1721, R1722
		R		3	::169-OHM1%				R1703, R1713, R1723
		R		3	::68-OHM1%				R1704, R1714, R1724
		P16R6		1						U802
		74F64		2						U808, U809
		74F04		1						U810
		AS112		1						U815
		AS258		10						U820-U827, U834, U836
		74LS491		1						U831
		AS1032		7						U903, U916, U920, U922, U924, U926, U965
		P16L8		2						U905, U906
		R8.DIP		3	::68-OHM				U917, U921, U925
		AS1004		4						U950, U951, U960, U961
		R8.DIP		6	::27-OHM				U952, U953, U962, U963, U967, U968
		74F74		2						U999, U1608
		VRAM		44						U1200-U1211, U1300-U1315, U1400-U1415
		AM8177		12						U1500-U1509, U1602, U1603
		K1114E		1	::100.000-MHZ				U1600
		10H101		1						U1601
		10H124		3						U1604, U1704, U1705
		10H125		1						U1605
		10H131		2						U1606, U1607
		P20X10		3						U1610, U1611, U1613
		P20X4		1						U1614
		P16R6		1	::15-NSEC				U1615
		AM8151		3						U1700, U1710, U1720
		EL2003		3						U1701, U1711, U1721
		ALS245		1						U1706
		74F138		1						U1707
		X		6						X1700, X1701, X1710, X1711, X1720, X1721
