				D.PRT[LS,SMI]		06-FEB-83  1835
FILNAM	P,PN		DATE	   TIME	MODULE(DWG NUM)	REV	AUTHOR
	TITLE 1				PROJECT		BOARD TYPE
	TITLE 2				SHEET n OF m
	CARD LOC(VARIABLE SETTINGS)

D1	LS,SMI		06-FEB-83  1639				
	(C) 1983 SMI, IOBOARD, SCSI			DECPC
					SHEET 1 OF 4
D2	1,SMI		20-JAN-83  1141				
	(C) 1983 SMI, IOBOARD, EDLC			DECPC
					SHEET 2 OF 4
D3	LS,SMI		06-FEB-83  1833				
	(C) 1983 SMI, IOBOARD, UART & RTC & SOUND	DECPC
					SHEET 3 OF 4
D4	LS,SMI		06-FEB-83  1827				
	(C) 1983 SMI, IOBOARD, DMA			DECPC
					SHEET 4 OF 4
				D.PRT[LS,SMI]		06-FEB-83  1835

PART NUMBER	DIPTYPE		COUNT	DESCRIPTION				LOCATIONS

N/A		C		12						C700-C703, C710-C713, C1200-C1203
		K		4						C1320, C1321, C1330, C1331
		J.50		2						J1, J1100
		J.4		2						J700, J701
		J.16		1						J1200
		L		1						L1200
		R4.SIP*		2						R1200, R1201
		R		3						R1202-R1204
		R9.SIP*		2						R1400, R1401
		R9.SIP		2						S1300, S1320
		P10H8		1						U118
		DIPTERM		2						U1100, U1101
		8303B		5						U1102, U1401, U1403, U1405, U1411
		82S62		1						U1103
		2953		4						U1104, U1105, U1202, U1203
		74LS244		2						U1106, U1109
		74LS240		2						U1107, U1205
		74LS273		3						U1108, U1204, U1308
		74S240.		1						U1110
		7438		2						U1111, U1112
		74LS08		1						U1113
		74LS74		6						U1114-U1116, U1210-U1212
		74LS138		3						U1117, U1303, U1304
		8502		1						U1200
		8001		1						U1201
		P16R6		1						U1206
		P12L6		1						U1207
		74F08		2						U1208, U1414
		74LS04		4						U1209, U1307, U1321, U1331
		74LS163		2						U1213, U1409
		DIPSW		1						U1300
		LS2521		1						U1301
		74F240		1						U1302
		74LS151		1						U1305
		74LS32		2						U1306, U1410
		58167		1						U1309
		AM2949		1						U1310
		8910		1						U1311
		Z8530		1						U1312
		26LS32		2						U1320, U1330
		26LS29		2						U1322, U1332
		7660		2						U1323, U1333
		68450		1						U1400
		74LS533		2						U1402, U1404
		8289		1						U1406
		7406		1						U1407
				D.PRT[LS,SMI]		06-FEB-83  1835

PART NUMBER	DIPTYPE		COUNT	DESCRIPTION				LOCATIONS

		K1114A		1	FREQ:19.6608				U1408
		74F244		1						U1412
		P20L10		1						U1413
		XTAL		2						X1200, X1300
