2168		8						U303-U310
26LS29		2						U609, U611
26LS32		3						U606, U607, U615
27256		1	PROM:Q-U406, SOCK:M28			U406
27256		1	PROM:Q-U407, SOCK:M28 			U407
58167		1						U420
68010		1	SOCK:M64				, U703
74F138		1						U400
74F151		1						U315
74F244		12						U500-U502, U504-U507, U514-U517, U717
74F251		1						U111
74F257		1						U302
74F32		2						U101, U503
74F374		1						U519
74F74		8						U201, U203-U207, U512, U709
74LS04		2						U608, U610
U119
74LS20		2						U114, U520
74LS244 	3						U414, U800, U801
74LS273 	2						U413, U802
74LS374 	1						U118
74LS393 	1						U209
74LS491 	1						U210
74LS533 	6						U700-U702, U705, U707, U708
74LS534 	1						U412
74S288		1	PROM:Q-U518				U518
74S472	7		1	SOCK:S40				U600
8211		1						U120
8289		1						U718
82S62		2						U509, U510
8303B		3						U712-U714
85000		1	SOCK:M28				U511
9518		1	SOCK:S40				U601
AM2949		5						U314, U317-U320
AM9513		1	SOCK:S40				U604
BATTERY 	1	VOLTAGE:3←V, SOCK:B2 			U424
C		2	CAP:22←PF				C400, C401
C		8	CAP:47←PF				C600-C603, C610-C613
DIODE		1						U425
LED.4		2						J3
J.2		1						J801
J.2		4	 				J700-J703
J.2		2						J400
J.50		2						J1, J2
K		8						C1, C2, C100, C604, C605, C614, C615,K401
OSC		1	FREQ:1301
MWX		1						U421
P16R4		1	PAL:Q-U213				U213
P16R4		1	PAL:Q-U316				U316
P16R4		1	PAL:Q-U602, SOCK:S20			U602
P20L10		1	PAL:Q-U212				U212
P20X10		1	PAL:Q-U211				U211
R		1	RES:100←OHM 			R401
R		1	RES:100←KOHM					R101
R		1	RES:200←KOHM			R400
R		2	R				R100, R102
R		3	RES:4.8←KOHM					R103, R600, R601
R9.SIP		1	RES:1←KOHM				S500
R9.SIP		2	RES:4.7←KOHM					S800, S801
R9.SIP		4						S100, S103-S105
R9.SIPG 	1						S300
X		50						X1-X50
Z8530		1						U605
