				EM.PRT[1,SMI]		22-NOV-85  2234
FILNAM	P,PN		DATE	   TIME	MODULE(DWG NUM)	REV	AUTHOR
	TITLE 1				PROJECT		BOARD TYPE
	TITLE 2				SHEET n OF m
	CARD LOC(VARIABLE SETTINGS)

EM1	1,SMI		22-NOV-85  2134				
	SUN-3/E						DECPC
	MEMORY BOARD			SHEET 1 OF 5
EM2	1,SMI		22-NOV-85  2232				
	SUN-3/E						DECPC
	MEMORY BOARD			SHEET 2 OF 4
EM3	1,SMI		22-NOV-85  2227				
	SUN-3/E						DECPC
	MEMORY BOARD			SHEET 3 OF 4
EM4	1,SMI		22-NOV-85  2224				
	SUN-3/E						DECPC
	MEMORY BOARD			SHEET 4 OF 4
				EM.PRT[1,SMI]		22-NOV-85  2234

PART NUMBER	DIPTYPE		COUNT	DESCRIPTION				LOCATIONS

N/A		J.16		1						J200
		P96		2						P1, P2
		R9.SIPG		1	::470-OHM				S200
		41000		72						U200-U208, U210-U218, U220-U228
										U230-U238, U300-U308, U310-U318
										U320-U328, U330-U338
		AS1032		3						U240, U247, U340
		R8.DIP		2	::33-OHM				U241, U341
		AS1004		4						U242, U244, U342, U344
		R8.DIP		4	::10-OHM				U243, U245, U343, U345
		74F151		2						U246, U346
		74F38		1						U347
		X		88						X200-X208, X210-X218, X220-X228
										X230-X238, X240-X247, X300-X308
										X310-X318, X320-X328, X330-X338
										X340-X347
		K		2	::22-UF					X248, X348
