				EP.PRT[1,SMI]		10-JUL-86  1342
FILNAM	P,PN		DATE	   TIME	MODULE(DWG NUM)	REV	AUTHOR
	TITLE 1				PROJECT		BOARD TYPE
	TITLE 2				SHEET n OF m
	CARD LOC(VARIABLE SETTINGS)

EP1	1,SMI		10-JUL-86  1329				
	SUN-3/E						DECPC
					SHEET 1 OF 10
EP10	1,SMI		25-APR-86  1016				
	SUN-3/E						DECPC
					SHEET 10 OF 10
EP2	1,SMI		10-JUL-86  1328				
	SUN-3/E						DECPC
					SHEET 2 OF 10
EP3	1,SMI		25-APR-86  1009				
	SUN-3/E						DECPC
					SHEET 3 OF 20
EP4	1,SMI		08-APR-86  0732				
	SUN-3/E						DECPC
					SHEET 4 OF 10
EP5	1,SMI		01-APR-86  0144				
	SUN-3/E						DECPC
					SHEET 5 OF 10
EP6	1,SMI		25-APR-86  1011				
	SUN-3/E						DECPC
					SHEET 6 OF 10
EP7	1,SMI		25-APR-86  1013				
	SUN-3						DECPC
	MEMORY				SHEET 7 OF 10
EP8	1,SMI		25-APR-86  1014				
	SUN-3/E						DECPC
					SHEET 8 OF 10
EP9	1,SMI		08-APR-86  0726				
	SUN-3/E						DECPC
					SHEET 9 OF 10
				EP.PRT[1,SMI]		10-JUL-86  1342

PART NUMBER	DIPTYPE		COUNT	DESCRIPTION				LOCATIONS

N/A		C		1	::22-PF					C300
		CVAR		1	::30-PF					C301
		C		1	::100-PF				C800
		DB25		2						J1, J2
		DB15		1						J3
		SWITCH		1						J100
		J.2		4						J110, J112, J200, J300
		J.4		1						J700
		J.8		1						J800
		K		1	::10-UF					K199
		P96		2						P1, P2
		R		1	::200-KOHM				R300
		R		1	::47-OHM				R800
		R9.SIP		4	::4.7-KOHM				S109-S112
		R9.SIP		1	::470-OHM				S113
		R9.SIPG		1	::1-KOHM				S114
		R9.SIPG		1	::4.7-KOHM				S115
		R4.SIP		1	::470-OHM				S200
		R4.SIP		3	::4.7-KOHM				S400-S402
		68020		1						U100
		68881		1						U101
		P20L8		2	::15-NSEC				U102, U310
		74F04		1						U104
		P16L8		8						U106, U225, U226, U306, U311, U820-U822
		P20X8		1						U107
		K1114A		1	::40.000-MHZ				U110
		74F74		1						U111
		K1114A		1	::4.9152-MHZ				U112
		74F175		1						U114
		74LS590		1						U115
		ALS374		5						U122, U620-U623
		ALS373		5						U123, U305, U814-U816
		74F374		1						U130
		P16R8		1						U131
		ALS244		1						U132
		7705		1						U199
		2188		2	::35-NSEC				U200, U201
		2168		5	::25-NSEC				U202, U203, U206-U208
		ALS245		11						U212, U213, U215, U217, U218, U800-U805
		74F534		1						U223
		P5X8		1	::45-NSEC				U224
		ALS273		2						U227, U304
		LED4		2						U228, U229
		P16L8		3	::15-NSEC				U230-U232
		27512		1						U300
		2816		1						U301
				EP.PRT[1,SMI]		10-JUL-86  1342

PART NUMBER	DIPTYPE		COUNT	DESCRIPTION				LOCATIONS

		7170		1						U302
		XTAL		1	::32768-HZ				U303
		P20L8		2						U307, U700
		P8L14		1						U312
		Z8530X		2						U400, U401
		9636		4						U405-U408
		26LS32		3						U409-U411
		P32V10		1						U600
		AS286		4						U610-U613
		AS258		3						U710-U712
		SIMM		4						U720-U723
		ALS2441		5						U810-U813, U817
		68172X		1						U823
		74F244		1						U824
		X		46						X100-X144, X199
