				ES.PRT[1,SMI]		01-MAY-85  2046
FILNAM	P,PN		DATE	   TIME	MODULE(DWG NUM)	REV	AUTHOR
	TITLE 1				PROJECT		BOARD TYPE
	TITLE 2				SHEET n OF m
	CARD LOC(VARIABLE SETTINGS)

ES1	1,SMI		01-MAY-85  2004				
	ETHERNET SERVER					DECPC
					SHEET 1 OF 5
ES2	1,SMI		01-MAY-85  2017				
	MODEL 25					DECPC
					SHEET 4 OF 19
ES3	1,SMI		01-MAY-85  2028				
	MODEL 25					DECPC
					SHEET 6 OF 19
ES4	1,SMI		01-MAY-85  2031				
	PROPRIETARY SUN, M25				DECPC
					SHEET 14 OF 19
ES5	1,SMI		01-MAY-85  2043				
	MODEL 25					DECPC
					SHEET 10 OF 19
				ES.PRT[1,SMI]		01-MAY-85  2046

PART NUMBER	DIPTYPE		COUNT	DESCRIPTION				LOCATIONS

N/A		74F158		0						NO. OF GATES WITH NO REF. DES. = 3
		R8.DIP		0						NO. OF GATES WITH NO REF. DES. = 2
		P5X8		0	::-XXX					NO. OF GATES WITH NO REF. DES. = 1
		ALS138		0						NO. OF GATES WITH NO REF. DES. = 2
		P16R4		0						NO. OF GATES WITH NO REF. DES. = 1
		ALS373		0						NO. OF GATES WITH NO REF. DES. = 2
		K		1						C100
		C		2	::100-PF				C600, C601
		C		1	::470-PF				C602
		X		4						C603-C605, C612
		C		1	::220-PF				C610
		C		1	::47-PF					C611
		DB15		1						J4
		J.50		1						J5
		J.2		2						J600, J610
		K		1	::10-UF					K600
		R		2	RES:16-KOHM				R100, R102
		R		1	RES:100-KOHM				R101
		R		1	RES:6.8-KOHM				R103
		R		1	::2-KOHM				R601
		R		1	::12-KOHM				R602
		R		4	::40.2-OHM				R603-R606
		R		2	::40.2-OHM1%				R610, R611
		R		1	::162-OHM1%				R612
		R		1	::1-KOHM1%				R613
		R		1	::25-KOHM1%				R614
		R		1	::75-KOHM1%				R615
		R		1	::9.1-OHM1%				R616
		R		1	::6.8-OHM1%				R617
		R9.SIP		3	::2.7-KOHM				S103-S105
		S8.T		3						S620-S622
		68010		1	SOCK:+M64				U100
		74F08		1						U109
		7407		1						U110
		74F04		1						U115
		8211		1						U120
		7406		1						U122
		27256		1						U400
		2816		1						U401
		9518		1	+:S40, ::4-MHZ				U403
		7990		1						U600
		7991		1						U601
		XTAL		1	::20.0000MHZ				U602
		DIPSW		1						U603
		TRANSF		1						U604
		7995		1						U605
				ES.PRT[1,SMI]		01-MAY-85  2046

PART NUMBER	DIPTYPE		COUNT	DESCRIPTION				LOCATIONS

		UUT		1						U606
		DIODE		3	::1N4448				U607-U609
		ALS32		1						U613
		ALS08		1						U614
		5380		1						U620
		ALS244		1						U626
		74F374		1						U627
		ALS04		1						U644
		4256		18						U840-U848, U860-U868
