				ETH.PRT[1,SMI]		29-JUN-83  1902
FILNAM	P,PN		DATE	   TIME	MODULE(DWG NUM)	REV	AUTHOR
	TITLE 1				PROJECT		BOARD TYPE
	TITLE 2				SHEET n OF m
	CARD LOC(VARIABLE SETTINGS)

ETH1	1,SMI		29-JUN-83  1726				
	ETHERNET BOARD, ETHERNET INTERFACE		UNIVERSAL
					SHEET 1 OF 7
ETH3	1,SMI		29-JUN-83  1724				
	ETHERNET BOARD, ADDRESS BUS			UNIVERSAL
					SHEET 2 OF 7
ETH4	1,SMI		29-JUN-83  1609				
	PROPRIETARY SMI, I/O BOARD, MULTIBUS INTERFACE	UNIVERSAL
					SHEET 3 OF 4
ETH5	1,SMI		29-JUN-83  1654				
	ETHERNET BOARD, MEMORY AND P2 DRIVERS		UNIVERSAL
					SHEET 8 OF 8
ETH6	1,SMI		29-JUN-83  1440				
	ETHERNET BOARD, MULTIBUS AND BOARD SELECT	UNIVERSAL
					SHEET 5 OF 7
ETH7	1,SMI		29-JUN-83  1614				
	ETHERNET BOARD, PARITY				UNIVERSAL
					SHEET 6 OF 7
ETH9	1,SMI		29-JUN-83  1900				
	ETHERNET BOARD, CAPACITORS			UNIVERSAL
					SHEET 8 OF 8
ETHW8	1,SMI		29-JUN-83  1535				
	ETHERNET BOARD, MEMORY				UNIVERSAL
					SHEET 7 OF 7
				ETH.PRT[1,SMI]		29-JUN-83  1902

PART NUMBER	DIPTYPE		COUNT	DESCRIPTION				LOCATIONS

N/A		P16L8		3						001-010, 011-021, 022-031
		C		107						001-011, 001-024, 001-033, 001-045
										003-011, 003-024, 003-033, 003-045
										005-011, 005-022, 005-033, 005-045
										007-011, 007-022, 007-033, 007-045
										009-011, 009-022, 009-033, 009-045
										011-011, 011-022, 011-033, 011-045
										013-011, 013-022, 013-033, 013-045
										015-011, 015-022, 015-033, 015-045
										017-011, 017-022, 017-033, 017-045
										019-011, 019-022, 019-033, 019-045
										022-011, 022-020, 025-011, 025-023
										027-043, 028-011, 028-023, 031-008
										031-018, 031-034, 034-032, 034-045
										036-018, 036-027, 036-036, 036-045
										036-054, 038-018, 038-027, 038-036
										038-045, 038-054, 040-018, 040-027
										040-036, 040-045, 040-054, 042-018
										042-027, 042-036, 042-045, 042-054
										044-012, 044-018, 044-027, 044-036
										044-045, 044-054, 046-012, 046-018
										046-027, 046-036, 046-045, 046-054
										048-012, 048-018, 048-027, 048-036
										048-045, 048-054, 050-012, 050-018
										050-027, 050-036, 050-045, 050-054
										052-012, 052-018, 052-027, 052-036
										052-045, 052-054, 054-012, 054-018
										054-027, 054-036, 054-045
		82S62		2						001-022, 003-022
		74F00		1						001-032
		74F02		2						001-053, 003-032
		LS2521		2						003-010, 009-010
		74F138		1						003-044
		74LS165		2						003-056, 005-056
		DIPSW		2						005-008, 011-008
		74F74		5						005-032, 009-021, 022-019, 027-041
										031-017
		J.2		2						005-035, 044-015
		74F257		1						005-044
		R9.SIP		2						007-010, 008-010
		74F240.		2						007-044, 024-044
		74S288		1						007-056
		C		1	::0.01 UF				008-391
		P10L8		2						009-032, 025-010
		74LS244		11						009-044, 015-021, 019-021, 031-030
										034-030, 034-043, 034-056, 044-010
										046-010, 052-010, 054-010
				ETH.PRT[1,SMI]		29-JUN-83  1902

PART NUMBER	DIPTYPE		COUNT	DESCRIPTION				LOCATIONS

		74LS240		5						009-056, 013-044, 013-056, 015-044
										015-056
		74LS374		3						011-032, 011-044, 011-056
		8303B		4						013-010, 015-010, 017-010, 019-010
		74LS373		5						013-021, 017-021, 019-032, 019-044
										019-056
		74LS273		1						013-032
		AM2949		2						015-032, 017-032
		8304B		2						017-044, 017-056
		82586		1						021-056
		C		2	::47 PF					024-051, 024-055
		L		1	::0.15 UH				024-052
		XTAL		1	::100 MHZ				024-053
		R		1	::330					024-054
		C		1	::470 PF				024-056
		2148		4						025-022, 025-033, 028-022, 028-033
		R9.SIP		1	::470, R:470 OHM			026-044
		8502		1						027-056
		74F244		4						028-010, 033-010, 048-010, 050-010
		R		1	::70					030-045
		R		1	::30					030-046
		C		2	::0.1 UF				030-047, 030-056
		R4.SIP*		1	::39					030-055
		74LS20		1						031-007
		K1114A		1	FREQ:16.00 MHZ				031-042
		R4.SIP*		1	::270					031-055
		74F32		1						033-018
		8207		1						036-015
		R8.DIP		4						036-026, 036-035, 036-044, 036-053
		4256		36						038-026, 038-035, 038-044, 038-053
										040-026, 040-035, 040-044, 040-053
										042-026, 042-035, 042-044, 042-053
										044-026, 044-035, 044-044, 044-053
										046-026, 046-035, 046-044, 046-053
										048-026, 048-035, 048-044, 048-053
										050-026, 050-035, 050-044, 050-053
										052-026, 052-035, 052-044, 052-053
										054-026, 054-035, 054-044, 054-053
