				ETHP.PRT[1,SMI]		22-JUN-84  1444
FILNAM	P,PN		DATE	   TIME	MODULE(DWG NUM)	REV	AUTHOR
	TITLE 1				PROJECT		BOARD TYPE
	TITLE 2				SHEET n OF m
	CARD LOC(VARIABLE SETTINGS)

ETHP1	1,SMI		22-JUN-84  1436				
	PROPRIETARY SMI, SUN-2, ETHERNET INTERFACE	DECPC
					SHEET 1 OF 8
ETHP2	1,SMI		21-JUN-84  0837				
	ETHERNET BOARD, ADDRESS BUS			DECPC
					SHEET 2 OF 8
ETHP3	1,SMI		21-JUN-84  0837				
	PROPRIETARY SMI, I/O BOARD, MULTIBUS INTERFACE	DECPC
					SHEET 3 OF 8
ETHP4	1,SMI		22-JUN-84  1441				
	ETHERNET BOARD, MEMORY DRIVERS			DECPC
					SHEET 4 OF 8
ETHP5	1,SMI		21-JUN-84  1029				
	ETHERNET BOARD, MULTIBUS DECODING AND DRIVERS	DECPC
					SHEET 5 OF 8
ETHP6	1,SMI		21-JUN-84  0838				
	ETHERNET BOARD, PARITY				DECPC
					SHEET 6 OF 8
ETHP7	1,SMI		21-JUN-84  0838				
	ETHERNET BOARD, MEMORY				DECPC
					SHEET 7 OF 8
ETHP8	1,SMI		21-JUN-84  0845				
	ETHERNET BOARD, CAPACITORS			DECPC
					SHEET 8 OF 8
				ETHP.PRT[1,SMI]		22-JUN-84  1444

PART NUMBER	DIPTYPE		COUNT	DESCRIPTION				LOCATIONS

N/A		C		2	::33 OHMSPF				C100, C104
		C		1	C:0.1 OHMSUF				C101
		C		1	::0.1 OHMSUF				C102
		C		1	::470 OHMSPF				C103
		C		1	::0.01 OHMSUF				C105
		C		111						C700-C734, C800-C875
		J.14		1						J5
		J.2		4						J101, J102, J400, J401
		J.4		1						J200
		J.16		1						J500
		L		1	::0.15 OHMSUH				L100
		R		1	::30					R102
		R		1	::70					R103
		R4.SIP*		1	::39					R104
		R4.SIP*		1	R:39, ::XXX-OHM				R104
		R4.SIP*		1	::270					R105
		R		2	R:330					R112, R201
		R9.SIP		1	::470, R:470 OHM			R113
		R		1	R:220					R200
		R9.SIP		2	R::4.7 OHMSKOHM, ::XXX-OHM		R500, R501
		R8.DIP		4						R700-R703
		74F240.		2						U100, U200
		74F74		7						U101, U102, U118, U135, U201, U500, U602
		74F373		4						U105, U128, U129, U403
		8304B		2						U110, U114
		82586		1						U113
		8502		1						U117
		K1114A		1	FREQ:16.00 MHZ				U125
		P16L8		3						U131, U301, U501
		P10L8		2						U202, U317
		74F240		4						U203, U204, U206, U207
		74LS165		2						U205, U214
		AM2949		2						U208, U209
		2148		4						U210-U213
		8207		1						U215
		74F02		3						U217, U300, U600
		74S288		1	SOCK:S16				U302
		8303B		4						U303-U306
		74LS374		3						U307-U309
		74LS244		9						U310, U406-U413
		74LS240		1						U311
		74LS273		1						U312
		74LS373		4						U313-U316
		74F32		1						U400
		74LS20		1						U401
		74F244		4						U402, U405, U414, U415
				ETHP.PRT[1,SMI]		22-JUN-84  1444

PART NUMBER	DIPTYPE		COUNT	DESCRIPTION				LOCATIONS

		74F257		1						U416
		74F138		1						U417
		LS2521		2						U502, U504
		DIPSW		3						U503, U505, U506
		74F00		1						U601
		82S62		2						U603, U604
		4256		36						U700-U735
		XTAL		1	FREQ:100 OHMSMHZ, ::XXX-MHZ		X100
