				EV.PRT[1,SMI]		13-OCT-85  1406
FILNAM	P,PN		DATE	   TIME	MODULE(DWG NUM)	REV	AUTHOR
	TITLE 1				PROJECT		BOARD TYPE
	TITLE 2				SHEET n OF m
	CARD LOC(VARIABLE SETTINGS)

EV1	1,SMI		12-OCT-85  2129				
	FERRARI						DECPC
	MEMORY CONTROL AND DRIVERS	SHEET 1 OF 4
EV2	1,SMI		13-OCT-85  1406				
	FERRARI						DECPC
	VIDEO RAM X PLANE 0-1		SHEET 2 OF 5
EV3	1,SMI		13-OCT-85  1352				
	FERRARI						DECPC
	VIDEO RAM X PLANE 0-1		SHEET 3 OF 5
EV4	1,SMI		13-OCT-85  1356				
	FERRARI						DECPC
	VIDEO CLOCK AND SHIFTERS	SHEET 3 OF 4
EV5	1,SMI		13-OCT-85  1346				
	SUN 2250 CPU BOARD				DECPC
	TERMINATORS, RESET		SHEET 5 OF 5
				EV.PRT[1,SMI]		13-OCT-85  1406

PART NUMBER	DIPTYPE		COUNT	DESCRIPTION				LOCATIONS

N/A		DB9		1						J14
		J.16		2						J100, J200
		R		1						R300
		R9.SIPG		1	::XXX-OHM				S200
		AS1032		7						U100, U104, U116, U122, U240, U244, U245
		AS1004		4						U101, U102, U241, U242
		74F151		2						U103, U243
		P16L8		1						U105
		74F64		2						U108, U109
		74F04		1						U110
		74F112		1						U115
		R8.DIP		1	::68-OHM				U117
		74LS393		1						U131
		74F257		4						U134, U136, U138, U139
		R8.DIP		2	::27-OHM				U137, U167
		41000		36						U200-U208, U210-U218, U220-U228
										U230-U238
		K1114E		1	::100.000-MHZ				U300
		VRAM		8						U300-U307
		10H136		1						U301
		10H131		1						U302
		10H124		1						U304
		10H125		1						U305
		AM8177		1						U306
		74F74		1						U308
		P20X10		3						U310, U311, U313
		P20X4		1						U314
		P16R6		1	::15-NSEC				U315
		X		40						X100-X139
