				FM.PRT[1,SMI]		26-FEB-86  2306
FILNAM	P,PN		DATE	   TIME	MODULE(DWG NUM)	REV	AUTHOR
	TITLE 1				PROJECT		BOARD TYPE
	TITLE 2				SHEET n OF m
	CARD LOC(VARIABLE SETTINGS)

FM1	1,SMI		26-FEB-86  2227				
	FERRARI						DECPC
	MEMORY BOARD			SHEET 1 OF 11
FM10	1,SMI		26-FEB-86  2258				
	FERRARI						DECPC
	MEMORY BOARD			SHEET 10 OF 11
FM11	1,SMI		26-FEB-86  2259				
	FERRARI						DECPC
	MEMORY BOARD			SHEET 11 OF 11
FM2	1,SMI		26-FEB-86  2243				
	FERRARI						DECPC
	MEMORY BOARD			SHEET 2 OF 11
FM3	1,SMI		26-FEB-86  2244				
	FERRARI						DECPC
	MEMORY BOARD			SHEET 3 OF 11
FM4	1,SMI		26-FEB-86  2247				
	FERRARI						DECPC
	MEMORY BOARD			SHEET 4 OF 11
FM5	1,SMI		26-FEB-86  2248				
	FERRARI						DECPC
	MEMORY BOARD			SHEET 5 OF 11
FM6	1,SMI		26-FEB-86  2250				
	FERRARI						DECPC
	MEMORY BOARD			SHEET 6 OF 11
FM7	1,SMI		26-FEB-86  2251				
	FERRARI						DECPC
	MEMORY BOARD			SHEET 7 OF 11
FM8	1,SMI		26-FEB-86  2255				
	FERRARI						DECPC
	MEMORY BOARD			SHEET 8 OF 11
FM9	1,SMI		26-FEB-86  2257				
	FERRARI						DECPC
	MEMORY BOARD			SHEET 9 OF 11
				FM.PRT[1,SMI]		26-FEB-86  2306

PART NUMBER	DIPTYPE		COUNT	DESCRIPTION				LOCATIONS

N/A		J.16		2						J100, J101
		P96		3						P1-P3
		R		16						R200, R201, R210, R211, R220, R221, R230
										R231, R250, R251, R260, R261, R270, R271
										R280, R281
		R9.SIP		1	::4.7-KOHM				S100
		74S471		1	::MEM0					U101
		74S471		3						U102-U104
		74F521		4						U105-U108
		74F08		1						U109
		P16L8		2						U110, U114
		AS258		3						U111-U113
		AS1832		2						U115, U116
		74F02		1						U120
		41000		288						U200-U208, U210-U218, U220-U228
										U230-U238, U250-U258, U260-U268
										U270-U278, U280-U288, U300-U308
										U310-U318, U320-U328, U330-U338
										U350-U358, U360-U368, U370-U378
										U380-U388, U400-U408, U410-U418
										U420-U428, U430-U438, U450-U458
										U460-U468, U470-U478, U480-U488
										U500-U508, U510-U518, U520-U528
										U530-U538, U550-U558, U560-U568
										U570-U578, U580-U588
		AS1004		16						U240, U242, U244, U246, U340, U342, U344
										U346, U440, U442, U444, U446, U540, U542
										U544, U546
		R8.DIP		16	::10-OHM				U241, U243, U245, U247, U341, U343, U345
										U347, U441, U443, U445, U447, U541, U543
										U545, U547
		R9.DIP		16	::22-OHM				U291, U293, U295, U297, U391, U393, U395
										U397, U491, U493, U495, U497, U591, U593
										U595, U597
		29864		16						U292, U294, U296, U298, U392, U394, U396
										U398, U492, U494, U496, U498, U592, U594
										U596, U598
		X		360						X200-X208, X210-X218, X220-X228
										X230-X238, X240-X248, X250-X258
										X260-X268, X270-X278, X280-X288
										X290-X298, X300-X308, X310-X318
										X320-X328, X330-X338, X340-X348
										X350-X358, X360-X368, X370-X378
										X380-X388, X390-X398, X400-X408
										X410-X418, X420-X428, X430-X438
										X440-X448, X450-X458, X460-X468
										X470-X478, X480-X488, X490-X498
										X500-X508, X510-X518, X520-X528
										X530-X538, X540-X548, X550-X558
										X560-X568, X570-X578, X580-X588
										X590-X598
