				FW.PRT[1,SMI]		01-AUG-83  2011
FILNAM	P,PN		DATE	   TIME	MODULE(DWG NUM)	REV	AUTHOR
	TITLE 1				PROJECT		BOARD TYPE
	TITLE 2				SHEET n OF m
	CARD LOC(VARIABLE SETTINGS)

FW1	1,SMI		31-JUL-83  2311				
	WINCHESTER CONTROLLER				8136-UG1
	Multibus			SHEET 1 OF 3
FW2	1,SMI		01-AUG-83  2010				
	WINCHESTER CONTROLLER				8136-UG1
	Multibus			SHEET 2 OF 3
FW3	1,SMI		01-AUG-83  0009				
	WINCHESTER					8136-UG1
	Multibus			SHEET 3 OF 3
				FW.PRT[1,SMI]		01-AUG-83  2011

PART NUMBER	DIPTYPE		COUNT	DESCRIPTION				LOCATIONS

N/A		74LS74		6						AA08, AA17, AC17, BE10, CE12, CG20
		P20X4		1						AA26
		P16R4		1						AC26
		8289		1						AC41
		74LS08		1						AE08
		74LS138		2						AE16, AE26
		74LS240		4						AE41, AL41, BA41, BC41
		7406		4						AG01, BA01, BL16, CE01
		R9.SIP		4						AG16, AJ16, AL01, CJ01
		DIPSW		4						AG26, AJ26, BL27, BL41
		LS2521		2						AG41, AJ41
		LS240.		2						AJ01, CG01
		74LS461		3						AL26, BA26, BC26
		R9.SIPG		2						AM01, BJ01
		74LS00		2						BC01, CG12
		PTTLDL		1						BC10
		75118		2						BE01, BG01
		2952		2						BE26, BG26
		AM2948		2						BE41, BG41
		74LS126		1						BG10
		74LS244		1						BJ10
		74LS273		1						BJ26
		AM2949		1						BJ41
		R		11						BL01, BL03, BL05, CA02, CC02, CC04
										CD46-CD49, CJ47
		C		9						BL02, BL04, CA01, CA03, CC01, CC03, CJ46
										CJ49, CL04
		8460		1						CA06
		7261		1	YDIPTYPE:7261				CA28
		2797		1						CF28
		74LS393		2						CJ12, CJ29
		74LS390		1						CJ20
		K1114A		1	FREQ:XXXXX MHZ				CJ38
		DIODE		1						CJ48
