				G.PRT[1,SMI]		25-APR-82  1255
FILNAM	P,PN		DATE	   TIME	MODULE(DWG NUM)	REV	AUTHOR
	TITLE 1				PROJECT		BOARD TYPE
	TITLE 2				SHEET n OF m
	CARD LOC(VARIABLE SETTINGS)

G1	1,SMI		24-APR-82  2245				
	(C) 1982 MSI SUN GRAPHICS, FRAME BUFFER		DECPC
					SHEET 1 OF 7
G2	1,SMI		24-APR-82  2245				
	(C) 1982 MSI, SUN GRAPHICS, DATA PATHS		DECPC
					SHEET 2 OF 7
G3	1,SMI		25-APR-82  1225				
	(C) 1982 MSI. SUN GRAPHICS, VIDEO CONTROLLER	DECPC
					SHEET 3 OF 7
G4	1,SMI		25-APR-82  1253				
	(C) 1982 SMI. SUN GRAPHICS, MEMORY CONTROL	DECPC
					SHEET 4 OF 7
G5	1,SMI		24-APR-82  2247				
	(C) 1982 SMI. SUN GRAPHICS, XY REGISTERS	DECPC
					SHEET 5 OF 7
G6	1,SMI		25-APR-82  1249				
	(C) 1982 SMI. SUN GRAPHICS, MULTIBUS INTERFACE	DECPC
					SHEET 6 OF 7
G7	1,SMI		25-APR-82  1216				
	(C) 1982 SMI. SUN GRAPHICS, MULTIBUS CONNECTOR	DECPC
					SHEET 7 OF 7
				G.PRT[1,SMI]		25-APR-82  1255

PART NUMBER	DIPTYPE		COUNT	DESCRIPTION				LOCATIONS

N/A		C		62						C3, C5, C101, C103, C104, C106, C107
										C109, C111-C117, C201, C202, C204, C206
										C301, C302, C304, C306, C307, C311-C317
										C401, C404, C406, C501, C504, C507, C517
										C601, C604, C606, C609, C617, C701, C704
										C706, C707, C709, C711, C713, C715, C717
										C804, C806, C809, C811, C813, C815, C817
										C907, C909, C917
		J.10		1						J1
		J.4		1						J3
		C		2	::10 UF					K901, K902
		K.2		1						L1
		R		2	::33OHM					R106, R107
		R9.SIP		2	::1KOHM					R108, R308
		74S37		1						U3
		74LS374		15						U4, U109, U309, U507, U509, U510, U512
										U514, U516, U706, U709, U910, U912, U914
										U916
		3622		1	PROM:G1					U104
		3622		1	PROM:G0					U105
		74S374		4						U106, U306, U503, U902
		74S288		1	PROM:G60				U107
		74S472		1	PROM:G20				U108
		4164		16						U110-U117, U310-U317
		74S00		2						U202, U701
		74 393		3						U203-U205
		74LS251		16						U210-U217, U410-U417
		K1114A		1	FREQ:40 MHZ				U301
		AM25S09		1						U302
		74LS74		1						U303
		DS1648		4						U304, U305, U404, U405
		74S288		1	PROM:G61				U307
		74S472		1	PROM:G21				U308
		74S74		2						U402, U602
		74S139		2						U403, U502
		25LS09		2						U505, U508
		74LS273		1						U506
		74LS04		1						U601
		74S283		2						U603, U604
		3622		1						U605
		74LS244		4						U610, U612, U614, U616
		74S02		1						U702
		74LS670		6						U703-U705, U803-U805
		74S299		2						U707, U708
		AM25S10		8						U710, U712, U714, U716, U810, U812, U814
										U816
				G.PRT[1,SMI]		25-APR-82  1255

PART NUMBER	DIPTYPE		COUNT	DESCRIPTION				LOCATIONS

		J.16		1						U800
		DIPSW		1						U801
		74S240		1						U802
		74LS138		1						U901
		74LS533		6						U903, U905-U909
		74LS145		1						U904
