				GR.PRT[1,SMI]		01-MAY-82  1341
FILNAM	P,PN		DATE	   TIME	MODULE(DWG NUM)	REV	AUTHOR
	TITLE 1				PROJECT		BOARD TYPE
	TITLE 2				SHEET n OF m
	CARD LOC(VARIABLE SETTINGS)

GR1	1,SMI		30-APR-82  1211				
							UNIVERSAL
GR2	1,SMI		30-APR-82  1209				
							UNIVERSAL
GR3	1,SMI		30-APR-82  1700				
							UNIVERSAL
GR4	1,SMI		30-APR-82  1349				
							UNIVERSAL
GR5	1,SMI		30-APR-82  1406				
							UNIVERSAL
GR6	1,SMI		30-APR-82  1404				
							UNIVERSAL
GR7	1,SMI		30-APR-82  1054				
							8136-UG1
				GR.PRT[1,SMI]		01-MAY-82  1341

PART NUMBER	DIPTYPE		COUNT	DESCRIPTION				LOCATIONS

N/A		C		0	C:50 UFD				NO. OF GATES WITH NO REF. DES. = 1
		R		0	R:1K POT				NO. OF GATES WITH NO REF. DES. = 1
		R		0	R:100 OHM POT				NO. OF GATES WITH NO REF. DES. = 3
		74S32		1						001-007
		C		93						001-008, 001-016, 001-044, 001-053
										003-046, 003-047, 005-036, 005-037
										005-046, 005-047, 005-056, 007-046
										007-047, 009-036, 009-037, 009-046
										009-047, 009-056, 011-009, 011-017
										011-026, 011-047, 015-027, 015-036
										015-053, 019-036, 021-031, 024-024
										024-035, 024-045, 024-056, 034-002
										034-013, 034-024, 034-035, 034-046
										036-002, 036-013, 036-024, 036-035
										036-046, 038-009, 038-012, 038-021
										038-030, 038-039, 038-048, 040-009
										040-012, 040-021, 040-030, 040-039
										040-048, 042-009, 042-012, 042-021
										042-030, 042-039, 042-048, 044-009
										044-012, 044-021, 044-030, 044-039
										044-048, 046-009, 046-012, 046-021
										046-030, 046-039, 046-048, 048-009
										048-012, 048-021, 048-030, 048-039
										048-048, 050-009, 050-012, 050-021
										050-030, 050-039, 050-048, 052-009
										052-011, 052-012, 052-021, 052-030
										052-039, 052-048, 054-021, 054-032
										054-043
		74S08		1						001-015
		74LS245		4						001-026, 003-026, 005-026, 027-010
		2148		6	LOCATION:2148				001-035, 003-035, 005-035, 007-035
										009-035, 011-035
		10124Q		6						001-043, 001-052, 005-045, 005-055
										009-045, 009-055
		74S04		1						003-007
		74LS174		1						003-015
		74S534		4						003-045, 007-045, 011-045, 017-056
		DAC-8		3						003-056, 007-056, 011-056
		DIPSW		1	DIP:  					005-008
		74S112		2						005-016, 015-044
		LS2521		1						007-010
		74S02		1						007-018
		74 155		1						007-026
		74S240		6						009-010, 054-010, 054-020, 054-031
										054-042, 054-053
		74S00		3						009-017, 013-017, 031-046
				GR.PRT[1,SMI]		01-MAY-82  1341

PART NUMBER	DIPTYPE		COUNT	DESCRIPTION				LOCATIONS

		74LS04		1						009-024
		74LS145		1						011-008
		74S74		3						011-016, 013-040, 021-046
		74S139		1						011-025
		74LS244		1						013-010
		74S163		5						013-025, 013-048, 015-052, 021-039
										027-048
		K1114A		1	FREQ:23.78 MHZ				013-033
		R15.DIP		1	PWR:-2VOLTS, R=50 OHMS:R=50 OHMS	013-056
		74LS273		1						015-010
		74LS670		6						015-018, 015-026, 017-018, 017-026
										019-018, 019-026
		74S288		2						015-035, 017-046
		R		3	R:220					015-054-015-056
		74S533		2						017-010, 019-010
		74S374		4						017-036, 019-046, 021-056, 024-055
		3625		2						019-035, 024-044
		74S472		1						019-056
		3628		2						021-012, 024-012
		74LS374		18						021-023, 024-023, 024-034, 027-020
										027-040, 031-010, 031-020, 031-030
										034-012, 034-023, 034-034, 034-045
										034-056, 036-012, 036-023, 036-034
										036-045, 036-056
		7406		1						021-030
		R9.SIP		1	R:1K OHMS				023-023
		R9.SIP		1	RESISTANCE:1K OHMS			023-045
		R9.SIP		1	PWR:-2VOLTS, R=50 OHMS:R=50 OHMS	023-056
		AM2966		2						027-030, 031-056
		DIPSW		1						027-056
		MTTLDL		1	DELAY:25NS				031-038
		74S251		8						038-008, 040-008, 042-008, 044-008
										046-008, 048-008, 050-008, 052-008
		4164		40						038-020, 038-029, 038-038, 038-047
										038-056, 040-020, 040-029, 040-038
										040-047, 040-056, 042-020, 042-029
										042-038, 042-047, 042-056, 044-020
										044-029, 044-038, 044-047, 044-056
										046-020, 046-029, 046-038, 046-047
										046-056, 048-020, 048-029, 048-038
										048-047, 048-056, 050-020, 050-029
										050-038, 050-047, 050-056, 052-020
										052-029, 052-038, 052-047, 052-056
