74LS374		16		AA01, AA11, AC01, AC11, AE01, AE11, AG01
4416		16		AA21, AA31, AC21, AC31, AE21, AE31, AG21
C		16		AA30, AA40, AC30, AC40, AE30, AE40, AG30
8304B		8		AA41, AC41, AE41, AG41, AJ41, AL41, BA41
74F374		8		BE01, BJ21, BJ31, CE01, CG01, CG11, CG21
74LS273		1		BE11
AM2966		5		BE21, BE31, BE41, BG21, BG31
74F153		4		BG02, BG12, BJ02, BJ12
74F138		5		BG42, CA22, CA32, CJ33, CL33
74S240		1		BJ41
74F194		2		BL02, BL12
74LS393		2		BL22, BL32
74LS373		3		BL41, CE41, CG41
74F00		1		CA02
10124Q		1		CA12
74LS244		2		CA41, CC41
3622		1	PROM:H1			CC02
74LS163		5		CC12, CC22, CC32, CE22, CE32
3622		1	PROM:H0			CE12
74S288		1	PROM:H23		CJ01
74S288		1	PROM:H22		CJ09
74S288		1	PROM:H21		CJ17
74S288		1	PROM:H20		CJ25
82S62		2		CJ42, CL42
K1114A		1	FREQ:80 MHZ		CL01
74S112		1		CL09
74F08		1		CL17
74F74		1		CL25
