				M1.PRT[1,SMI]		06-DEC-84  1409
FILNAM	P,PN		DATE	   TIME	MODULE(DWG NUM)	REV	AUTHOR
	TITLE 1				PROJECT		BOARD TYPE
	TITLE 2				SHEET n OF m
	CARD LOC(VARIABLE SETTINGS)

M1	1,SMI		26-JUL-84  1507				
	SUN MICROSYSTEMS INC				DECPC
	501-1007-08			SHEET 1 OF 9
M2	1,SMI		26-JUL-84  1437				
	SUN MICROSYSTEMS INC				DECPC
	501-1007-08			SHEET 2 OF 9
M3	1,SMI		26-JUL-84  1439				
	SUN MICROSYSTEMS INC				DECPC
	501-1007-08			SHEET 3 OF 9
M4	1,SMI		26-JUL-84  1441				
	SUN MICROSYSTEMS INC				DECPC
	501-1007-08			SHEET 4 OF 9
M5	1,SMI		26-JUL-84  1445				
	SUN MICROSYSTEMS INC				DECPC
	501-1007-08			SHEET 5 OF 9
M6	1,SMI		17-JUN-84  1312				
	PROPRIETARY SMI, SUN-2,				DECPC
	501-1007-08			SHEET 6 OF 9
M7	1,SMI		27-JUL-84  1151				
	SUN MICROSYSTEMS INC				DECPC
	501-1007-08			SHEET 7 OF 9
M8	1,SMI		17-JUN-84  1313				
	SUN MICROSYSTEMS INC				DECPC
	501-1007-08			SHEET 8 OF 9
M9	1,SMI		17-JUN-84  1313				
	PROPRIETARY SMI, SUN-2, CAPS			DECPC
					SHEET 9 OF 9
				M1.PRT[1,SMI]		06-DEC-84  1409

PART NUMBER	DIPTYPE		COUNT	DESCRIPTION				LOCATIONS

N/A		CVAR		1	::30-PF					C400
		C		1	::22-PF					C401
		C		8	CAP:47-PF				C600-C603, C610-C613
		DIODE		1	::IN4148				D100
		LM385		1	::1.2					D101
		J.50		2						J1, J2
		J.16		1						J100
		J.4		3						J102, J400, J701
		J.2		2						J200, J801
		J.8		1						J700
		LED4		2						J803, J804
		K		1	::33-UF					K100
		K		6	::10-UF					K110, K111, K900-K903
		K		1						K401
		P86		1						P1
		P60		1						P2
		R		1	::15-KOHM-1%				R100
		R		1	::100-KOHM-1%				R101
		R		1	::47.5-KOHM-1%				R102
		R		1	::26.1-KOHM-1%				R103
		R		1	::10-KOHM-1%				R104
		R		2	::1-MOHM				R105, R106
		R		2	::1-KOHM				R107, R112
		R		1	::120-OHM-1%				R110
		R		1	::360-OHM-1%				R111
		R		1	::15-OHM				R113
		R		1	::220-KOHM				R400
		R		1	::100-OHM				R401
		R		1	::10-KOHM				R402
		R		1	::20-MOHM				R403
		R		2	::4.7-KOHM				R600, R601
		R9.SIP		4	::4.7-KOHM				S100, S106, S800, S801
		R9.SIP		3	::2.7-KOHM				S103-S105
		R9.SIPG		1	::1-KOHM				S300
		68010		1	SOCK:+M64				U100
		74F00		1						U101
		74LS245		2						U102, U103
		74LS374		1						U104
		74F74		10						U105, U201, U203-U206, U312, U512, U514
										U709
		74F02		1						U108
		74F08		3						U109, U313, U703
		7407		1						U110
		74F251		1						U111
		74LS20		1						U114
		74F04		1						U115
				M1.PRT[1,SMI]		06-DEC-84  1409

PART NUMBER	DIPTYPE		COUNT	DESCRIPTION				LOCATIONS

		74LS148		1						U119
		7406		1						U122
		LM393		1						U133
		VREG		1	::LM337					U137
		K1114A		1	::39.3216-MHZ				U200
		74F374		1						U207
		74LS393		1						U209
		74LS491		1						U210
		P20X10		1	PAL:Q-U211				U211
		P20L10		1	PAL:Q-U212				U212
		P16R4		1	PAL:Q-U213				U213
		LS2518		2						U300, U301
		74F257		1						U302
		2168		8						U303-U310
		AM2949		5						U314, U317-U320
		74F151		1						U315
		P16R4		1	PAL:Q-U316				U316
		ALS138		6						U321-U324, U401, U402
		74F138		1						U400
		27256		1	PROM:Q-U406, SOCK:+M28			U406
		27256		1	PROM:Q-U407, SOCK:+M28			U407
		74LS08		1						U408
		74F32		2						U409, U503
		74S288		1	SOCK:+S16				U411
		74LS534		1						U412
		74LS273		2						U413, U802
		74LS244		1						U414
		P16R6		1						U415
		58167		1						U420
		MWX		1	::37268-HZ				U421
		BATTERY		1	VOLTAGE:3 OHMSV, SOCK:+B2		U424
		DIODE		5	::1N4148				U425-U429
		ALS244		7						U500-U502, U504-U507
		74F280		4						U508-U511
		9518		1	SOCK:+S40				U601
		P16R8		1						U602
		AM9513		1	SOCK:+S40				U604
		Z8530		1	SOCK:+S40				U605
		26LS32		3						U606, U607, U615
		74LS04		2						U608, U610
		26LS29		2						U609, U611
		74LS05		1						U613
		74LS533		6						U700-U702, U706-U708
		74LS640		3						U712-U714
		74F244		1						U717
		P16R4		1	=:U718					U718
				M1.PRT[1,SMI]		06-DEC-84  1409

PART NUMBER	DIPTYPE		COUNT	DESCRIPTION				LOCATIONS

		74LS373		2						U800, U801
		DIP20		2						U900, U901
		X		100						X900-X999
