				M11.PRT[1,SMI]		26-MAY-84  2147
FILNAM	P,PN		DATE	   TIME	MODULE(DWG NUM)	REV	AUTHOR
	TITLE 1				PROJECT		BOARD TYPE
	TITLE 2				SHEET n OF m
	CARD LOC(VARIABLE SETTINGS)

M11	1,SMI		26-MAY-84  2141				
	SUN MICROSYSTEMS INC				DECPC
	501-1013-02			SHEET 11 OF 15
M12	1,SMI		26-MAY-84  2055				
	SUN MICROSYSTEMS INC				DECPC
					SHEET 12 OF 15
M13	1,SMI		26-MAY-84  2057				
	SUN MICROSYSTEMS INC				DECPC
					SHEET 13 OF 15
M14	1,SMI		26-MAY-84  2058				
	SUN MICROSYSTEMS INC				DECPC
					SHEET 14 OF 15
M15	1,SMI		26-MAY-84  2059				
	SUN MICROSYSTEMS INC				DECPC
					SHEET 15 OF 15
				M11.PRT[1,SMI]		26-MAY-84  2147

PART NUMBER	DIPTYPE		COUNT	DESCRIPTION				LOCATIONS

N/A		K		4						K1100-K1103
		P86		1						P1101
		P60		1						P1102
		ALS244		5						U1100-U1104
		R8.DIP		3	::68-OHM				U1105-U1107
		74F158		4						U1110-U1113
		74F138		3						U1114, U1116, U1117
		DIPSW		1						U1115
		74F244		9						U1118, U1209, U1229, U1309, U1329, U1409
										U1429, U1509, U1529
		74F04		1						U1119
		4164		144						U1200-U1208, U1210-U1218, U1220-U1228
										U1230-U1238, U1300-U1308, U1310-U1318
										U1320-U1328, U1330-U1338, U1400-U1408
										U1410-U1418, U1420-U1428, U1430-U1438
										U1500-U1508, U1510-U1518, U1520-U1528
										U1530-U1538
		R8.DIP		12	::33-OHM				U1219, U1239, U1299, U1319, U1339, U1399
										U1419, U1439, U1499, U1519, U1539, U1599
		X		152						X1110-X1117, X1200-X1208, X1210-X1218
										X1220-X1228, X1230-X1238, X1300-X1308
										X1310-X1318, X1320-X1328, X1330-X1338
										X1400-X1408, X1410-X1418, X1420-X1428
										X1430-X1438, X1500-X1508, X1510-X1518
										X1520-X1528, X1530-X1538
