				M16.PRT[1,SMI]		09-OCT-84  2136
FILNAM	P,PN		DATE	   TIME	MODULE(DWG NUM)	REV	AUTHOR
	TITLE 1				PROJECT		BOARD TYPE
	TITLE 2				SHEET n OF m
	CARD LOC(VARIABLE SETTINGS)

M16	1,SMI		03-OCT-84  1149				
	PROPRIETARY SMI, SUN-2, VIDEO			DECPC
					SHEET 16 OF 19
M17	1,SMI		03-OCT-84  1128				
	PROPRIETARY SMI, SUN-2, FRAME BUFFER		DECPC
					SHEET 17 OF 19
M18	1,SMI		09-OCT-84  2135				
	PROPRIETARY SMI, SUN-2, VIDEO			DECPC
					SHEET 18 OF 19
M19	1,SMI		09-OCT-84  2132				
	PROPRIETARY SMI, SUN-2, VIDEO			DECPC
					SHEET 19 OF 19
				M16.PRT[1,SMI]		09-OCT-84  2136

PART NUMBER	DIPTYPE		COUNT	DESCRIPTION				LOCATIONS

N/A		DIODE		13	::1N4448				D1804-D1806, D1820-D1829
		J.16		3						J1600, J1903, J1904
		DB9		1						J1800
		J.2		2						J1801, J1804
		J.4		1						J1802
		J.8		1						J1803
		J.10		2						J1900, J1901
		DB15		1						J1902
		K		2	::10-UF					K1800, K1801
		P86		1						P1901
		P60		1						P1902
		R		1	::470-OHM				R1802
		R		1	::180-OHM				R1803
		R		1	::120-OHM				R1807
		R		1	::390-OHM				R1808
		R		1	::15-OHM				R1809
		R		1	::1-KOHM				R1904
		R		1	::2.2-KOHM				R1905
		R		2	::4.7-KOHM				R1906, R1907
		R9.SIP		1	::4.7-KOHM				S1600
		R9.GSIP		1	::330-OHM				S1800
		2N2905		1						T1820
		VREG		1	::LM337					T1821
		ALS374		6						U1600-U1603, U1612, U1613
		74F244		2						U1604, U1816
		74F280		2						U1608, U1609
		ALS273		2						U1610, U1611
		74F04		1						U1614
		74F374		10						U1615, U1632-U1637, U1641, U1643, U1812
		P16R4		1	=:M1616					U1616
		P16L8		1	=:M1618					U1618
		P16L8		1	=:M1619					U1619
		74F138		4						U1621, U1622, U1728, U1739
		LS2521		1						U1623
		74F74		2						U1624, U1803
		74LS393		5						U1630, U1631, U1810, U1813, U1814
		P5X8		1	=:M1640, ::25-NSEC			U1640
		P5X8		1	=:M1642, ::25-NSEC			U1642
		4416		16						U1700-U1707, U1710-U1717
		R8.DIP		2	::33-OHM				U1708, U1709
		74LS374		8						U1720-U1727
		74LS245		8						U1730-U1737
		K1114B		1	::100.000-MHZ				U1800
		74F112		1						U1801
		K1114A		1	::19.6608-MHZ				U1802
		74F194		2						U1805, U1806
				M16.PRT[1,SMI]		09-OCT-84  2136

PART NUMBER	DIPTYPE		COUNT	DESCRIPTION				LOCATIONS

		10H124		1						U1807
		10H141		1						U1808
		10H125		1						U1809
		P9X4		1	::55-NSEC, =:A1811			U1811
		P9X4		1	::55-NSEC, =:A1815			U1815
		74F08		1						U1818
		Z8530		1						U1902
		26LS31		1						U1904
		26LS32		1						U1905
		7407		1						U1906
		DIP20		2						U1998, U1999
		X		99						X1800, X1801, X1900-X1995, X1999
