				NCOLOR.PRT[1,SMI]	03-OCT-85  1801
FILNAM	P,PN		DATE	   TIME	MODULE(DWG NUM)	REV	AUTHOR
	TITLE 1				PROJECT		BOARD TYPE
	TITLE 2				SHEET n OF m
	CARD LOC(VARIABLE SETTINGS)

F01	1,SMI		03-SEP-85  0007				
	FERRARI						DECPC
	CPU				SHEET 1 OF 20
F02	1,SMI		02-SEP-85  2305				
	FERRARI						DECPC
	IO AND IOX BUS INTERFACE	SHEET 2 OF 20
F03	1,SMI		02-SEP-85  2255				
	FERRARI						DECPC
	MISC. I/O DEVICES		SHEET 3 OF 20
F04	1,SMI		02-SEP-85  2325				
	FERRARI						DECPC
	MISC. I/O DEVICES		SHEET 4 OF 20
F05	1,SMI		02-SEP-85  2323				
	FERRARI						DECPC
	SERIAL I/O			SHEET 5 OF 20
F06	1,SMI		02-SEP-85  2328				
	FERRARI						DECPC
	ETHERNET INTERFACE		SHEET 6 OF 20
F07	1,SMI		24-SEP-85  1319				
	FERRARI						DECPC
	PARITY LOGIC			SHEET 7 OF 20
F08	1,SMI		23-SEP-85  1829				
	FERRARI						DECPC
	MEMORY CONTROL AND DRIVERS	SHEET 8 OF 20
F10	1,SMI		31-AUG-85  1132				
	FERRARI						DECPC
	MAIN MEMORY 4/8 MEGABYTES	SHEET 10 OF 20
F11	1,SMI		31-AUG-85  1107				
	FERRARI						DECPC
	MAIN MEMORY 4/8 MEGABYTES	SHEET 11 OF 20
F18	1,SMI		02-SEP-85  2100				
	FERRARI						DECPC
	TERMINATORS, RESET		SHEET 18 OF 20
F19	1,SMI		25-AUG-85  2245				
	FERRARI						DECPC
					SHEET 19 OF 20
F20	1,SMI		25-AUG-85  2245				
	FERRARI						DECPC
	CONNECTORS			SHEET 20 OF 20
				NCOLOR.PRT[1,SMI]	03-OCT-85  1801

PART NUMBER	DIPTYPE		COUNT	DESCRIPTION				LOCATIONS

N/A		C		1	::20-PF					C400
		CVAR		1	::20-PF					C401
		X		248						C402, C603-C605, X1200-X1217
										X1220-X1237, X1240-X1257, X1260-X1277
										X1300-X1317, X1320-X1337, X1340-X1357
										X1360-X1377, X1900-X1999
		C		2	::100-PF				C600, C601
		C		1	::470-PF				C602
		DIODE		1	::1N4448				D199
		DB15		1						J1
		DB25		2						J2, J3
		J.2		1						J300
		COAX		1						J610
		K		2	::10-UF					K112, K600
		K		1	::33-UF					K199
		P96		3						P1-P3
		R		2	::120-OHM				R112, R113
		R		1	::47-KOHM				R199
		R		1	::100-OHM				R400
		R		1	::2-KOHM				R601
		R		1	::12-KOHM				R602
		R		1	::1-KOHM-1%				R615
		S10.T		11	::2.2K/3.3K				S100-S109, S114
		R9.SIP		2	::1-KOHM				S110, S111
		R9.SIP		3	::4.7-KOHM				S112, S113, S602
		R9.SIPG		1	::1-KOHM				S115
		R8.ESIP		3						S120-S122
		R4.SIP		2	::470-OHM				S300, S601
		R4.SIP		2	::4.7-KOHM				S500, S501
		R4.SIP		1	::40.2-OHM1%				S600
		68020		1						U100
		68881		1						U101
		P20L8		2	::15-NSEC				U102, U801
		AS1004		8						U104, U120, U930, U931, U935, U936, U940
										U941
		P16L8		4	::15-NSEC				U105, U332, U701, U800
		P16L8		4						U106, U407, U618, U900
		P20X8		1						U107
		74F08		1						U108
		K1114A		1	::80.000-MHZ				U110
		AS112		1						U111
		K1114A		1	::25.000-MHZ				U112
		74F74		2						U113, U201
		74F04		3						U114, U217, U810
		74F175		2						U117, U118
		AS1032		6						U121, U901, U902, U910, U912, U914
				NCOLOR.PRT[1,SMI]	03-OCT-85  1801

PART NUMBER	DIPTYPE		COUNT	DESCRIPTION				LOCATIONS

		VREG		1	::LM337					U197
		ALS374		7						U200, U202, U310, U720-U723
		ALS373		10						U203, U311, U321, U326, U405, U409
										U610-U613
		ALS245		15						U204-U208, U220, U222, U224, U226, U312
										U313, U315-U318
		74F374		1						U213
		P16R8		1	=:DVMA1					U214
		P16R4		3						U215, U619, U703
		74F20		1						U216
		74F64		4						U218, U219, U806, U807
		ALS244		1						U229
		R8.DIP		4	::33-OHM				U230, U232, U234, U236
		2188		2	::35-NSEC				U300, U301
		2168		7	::25-NSEC				U302-U308
		ALS273		5						U320, U325, U327, U404, U700
		74F151		1						U322
		74F534		1						U323
		P5X8		1	::45-NSEC				U324
		LED4		2						U328, U329
		P20L10		1						U331
		ALS138		5						U334, U335, U413, U414, U704
		27256		1						U400
		2816		1						U401
		7170		1						U402
		P20L8		2						U408, U412
		XTAL		1	::32768-HZ				U410
		BATTERY		1						U411
		Z8530		2						U500, U501
		K1114A		1	::19.6608-MHZ				U502
		ALS74		1						U503
		26LS32		3						U506, U507, U513
		ALS04		2						U508, U510
		26LS29		2						U509, U511
		DIPSW		1	::CAP8-33PF				U512
		ALS08		1						U516
		7990		1						U600
		7992		1						U601
		XTAL		1	::20.0000MHZ				U602
		UUT		1						U603
		TRANSF		1						U604
		8392		1						U605
		DIODE		1	::1N4149				U606
		74LS652		4						U614-U617
		AS258		4						U705, U812-U814
		74F280		4						U710-U713
				NCOLOR.PRT[1,SMI]	03-OCT-85  1801

PART NUMBER	DIPTYPE		COUNT	DESCRIPTION				LOCATIONS

		R8.DIP		1	::68-OHM				U715
		74F112		1						U815
		R8.DIP		3	::39-OHM				U911, U913, U915
		R8.DIP		9	::27-OHM				U932-U934, U937-U939, U942-U944
		41000		108						U1000-U1017, U1020-U1037, U1040-U1057
										U1060-U1077, U1100-U1117, U1120-U1137
