				PC.PRT[1,SMI]		25-JUL-86  0208
FILNAM	P,PN		DATE	   TIME	MODULE(DWG NUM)	REV	AUTHOR
	TITLE 1				PROJECT		BOARD TYPE
	TITLE 2				SHEET n OF m
	CARD LOC(VARIABLE SETTINGS)

XX1	1,SMI		25-JUL-86  0130				
	SUN/X						DECPC
					SHEET 1 OF 10
XX10	1,SMI		25-JUL-86  0151				
	SUN/X						DECPC
					SHEET 10 OF 10
XX3	1,SMI		25-JUL-86  0016				
	SUN-3/F						DECPC
	ETHERNET			SHEET 3 OF 6
XX4	1,SMI		17-JUL-86  1259				
	SUN/X						DECPC
					SHEET 4 OF 6
XX5	1,SMI		25-JUL-86  0131				
	SUN/X						DECPC
					SHEET 5 OF 6
XX6	1,SMI		25-JUL-86  0132				
	SUN/X						DECPC
					SHEET 6 OF 6
XX7	1,SMI		25-JUL-86  0208				
	SUN-3/X						DECPC
					SHEET 7 OF 10
XX8	1,SMI		23-JUL-86  0940				
	SUN-3/F						DECPC
	COLOR VIDEO MEMORY		SHEET 8 OF 10
XX9	1,SMI		23-JUL-86  0939				
	SUN-3/F						DECPC
	COLOR VIDEO			SHEET 9 OF 10
				PC.PRT[1,SMI]		25-JUL-86  0208

PART NUMBER	DIPTYPE		COUNT	DESCRIPTION				LOCATIONS

N/A		X		46						C199, C303, C304, C306, C312, C906
										X100-X139
		C		2	::100-PF				C300, C301
		C		1	::680-PF				C302
		C		1	::0.0056-UF				C305
		C		1	::220-PF				C310
		C		1	::47-PF					C311
		C		4	::0.01-UF				C900, C902, C903, C905
		K		4	::10-UF					C901, C904, K199, K300
		DIODE		3	::1N4448				D310-D312
		COAX		1						J5
		DB9		1						J900
		K		1	::4.7-UF				K301
		L		2	::XXX-UH				L900, L901
		R		1	::510-OHM				R301
		R		1	::3-KOHM				R302
		R		2	::40.2-OHM1%				R310, R311
		R		1	::162-OHM1%				R312
		R		1	::1-KOHM1%				R313
		R		1	::25-KOHM1%				R314
		R		1	::75-KOHM1%				R315
		R		1	::9.1-OHM1%				R316
		R		1	::6.8-OHM1%				R317
		R		1	::1.5-OHM				R318
		R		1	::1-MOHM				R319
		R		1	::   500-OHM1%				R900
		R		1	::1-KHM1%				R901
		R		3	::75-OHM1%				R902-R904
		R9.SIP		1	::470-OHM				S100
		R9.SIP		2	::4.7-KOHM				S101, S302
		R4.SIP		1	::40.2-OHM1%				S300
		R9.GSIP		1	::330-OHM				S900
		68020		1						U100
		K1114A		1	::33.333-MHZ				U101
		74F174		2						U102, U116
		74F64		1						U103
		74F04		1						U104
		P16L8		8						U105, U106, U115, U318, U530, U720, U722
										U724
		7705		1						U107
		74F00		1						U108
		74F74		1						U109
		P20R6		2						U117, U604
		7990		1						U300
		7992		1						U301
		XTAL		1	::20.0000MHZ				U302
				PC.PRT[1,SMI]		25-JUL-86  0208

PART NUMBER	DIPTYPE		COUNT	DESCRIPTION				LOCATIONS

		TRANSF		1						U304
		7995		1						U305
		UUT		1						U307
		ALS373		2						U310, U311
		ALS245		4						U314-U317
		27512		1						U400
		2816		1						U408
		AS257		3						U500, U502, U504
		256KX4		8						U510-U517
		R8.DIP		2						U531, U716
		P20X10		3						U601-U603
		74F257		8						U700-U707
		74LS393		1						U708
		AS1032		1						U709
		R8.DIP		4	::10-OHM				U710, U712, U714, U727
		R8.DIP		3	::22-OHM				U721, U723, U725
		P16R8		1						U726
		VRAM		40						U800-U831, U900-U907
		BT458		1						U910
		K1114E		1	::92.9405-MHZ				U911
		10H101		1						U912
		10H131		1						U913
		10H350		1						U914
		LM385		1	::-1.2					U915
		DIPSW		1	::DIODE.8				U916
		74F08		1						U918
