				PX.PRT[1,SMI]		29-APR-82  1622
FILNAM	P,PN		DATE	   TIME	MODULE(DWG NUM)	REV	AUTHOR
	TITLE 1				PROJECT		BOARD TYPE
	TITLE 2				SHEET n OF m
	CARD LOC(VARIABLE SETTINGS)

PX1	1,SMI		29-APR-82  1611				
	(C) 1982 SMI, SUN 68000, CPU			DECPC
					SHEET 1 OF 7
PX2	1,SMI		29-APR-82  1612				
	(C) 1982 SMI, SUN 68000, RAM			DECPC
					SHEET 2 OF 7
PX3	1,SMI		29-APR-82  1613				
	(C) 1982 SMI, SUN 68000, MULTIBUS INTERFACE	DECPC
					SHEET 3 OF 7
PX4	1,SMI		29-APR-82  1614				
	(C) 1982 SMI, SUN 68000, I/O AND INIT		DECPC
					SHEET 4 OF 7
PX5	1,SMI		29-APR-82  1615				
	(C) 1982 SMI, SUN 68000, CLOCK AND CONTROL	DECPC
					SHEET 5 OF 7
PX6	1,SMI		29-APR-82  1616				
	(C) 1982 SMI, SUN 68000, J-CONNETORS		DECPC
					SHEET 6 OF 7
PX7	1,SMI		29-APR-82  1617				
	(C) 1982 SMI, SUN 68000, P-CONNECTORS		DECPC
					SHEET 7 OF 7
				PX.PRT[1,SMI]		29-APR-82  1622

PART NUMBER	DIPTYPE		COUNT	DESCRIPTION				LOCATIONS

N/A		C		2	::10 UF					C300, C301
		C		76						C304, C902, C903, K100-K103, K106, K109
										K110, K202-K204, K300, K301, K404, K408
										K410, K501-K504, K601, K605, K611, K700
										K701, K800, K802, K804, K900, K901
										K906-K912, K919, X100-X108, X200-X208
										X300-X308, X400-X408
		J.50		2						J1, J2
		J.10		2						J100, J901
		K.2		2						J101, J102
		J.4		2						J801, J902
		J.2		2						J900, J903
		J.16		1						J904
		4164		36						M100-M108, M200-M208, M300-M308
										M400-M408
		R		1	::15K					R300
		R		1	::100K					R301
		R		1	::4.8K					R302
		R		2	::1K					R407, R408
		R		2	::33					R912, R913
		R9.SIP		5	::4.7K					S100-S102, S600, S900
		R7.SIP		3	::1K					S601-S603
		26LS32		1						U100
		2764		4						U101-U104
		7201		1						U105
		AM2966		3						U106, U407, U611
		74LS244		3						U107, U108, U900
		7406		1						U109
		74LS74		2						U110, U702
		26LS29		1						U200
		74LS04		1						U201
		82S62		2						U202, U203
		74S02		1						U204
		7660		1						U300
		AM9513		1						U301
		8211		1						U302
		K1114A		1	FREQ:20 MHZ				U400
		74S74		3						U401, U600, U601
		MC68000		1						U402
		LS2518		1						U403
		2148		7						U404-U406, U604-U607
		74S240		6						U408-U411, U501, U903
		74S158		1						U500
		74S288		2						U502, U602
		3622		1						U503
		8304B		4						U504, U505, U804, U805
				PX.PRT[1,SMI]		29-APR-82  1622

PART NUMBER	DIPTYPE		COUNT	DESCRIPTION				LOCATIONS

		74LS05		1						U603
		74LS20		1						U700
		74S32		1						U701
		74LS257		1						U703
		8205		1						U800
		74S00		1						U801
		74S08		1	*: 					U802
		74S08		1						U802
		74S244		1						U901
		8289		1						U902
		74LS533		3						U904, U907, U908
		74LS374		1						U905
		74LS148		1						U906
		8303B		3						U909-U911
		74S138		1						U912
