				Q9.PRT[1,SMI]		05-APR-84  1454
FILNAM	P,PN		DATE	   TIME	MODULE(DWG NUM)	REV	AUTHOR
	TITLE 1				PROJECT		BOARD TYPE
	TITLE 2				SHEET n OF m
	CARD LOC(VARIABLE SETTINGS)

Q1	1,SMI		05-APR-84  1443				
	SUN MICROSYSTEMS INC				DECPC
	501-1007-08			SHEET 1 OF 9
Q2	1,SMI		05-APR-84  1443				
	SUN MICROSYSTEMS INC				DECPC
	501-1007-08			SHEET 2
Q3	1,SMI		05-APR-84  1444				
	SUN MICROSYSTEMS INC				DECPC
	501-1007-08			SHEET 3
Q4	1,SMI		05-APR-84  1445				
	SUN MICROSYSTEMS INC				DECPC
	501-1007-08			SHEET 4
Q5	1,SMI		05-APR-84  1445				
	SUN MICROSYSTEMS INC				DECPC
	501-1007-08			SHEET 5
Q6	1,SMI		05-APR-84  1445				
	SUN MICROSYSTEMS INC				DECPC
	501-1007-08			SHEET 6
Q7	1,SMI		05-APR-84  1446				
	SUN MICROSYSTEMS INC				DECPC
	501-1007-08			SHEET 7
Q8	1,SMI		05-APR-84  1446				
	SUN MICROSYSTEMS INC				DECPC
	501-1007-08			SHEET 8
Q9	1,SMI		05-APR-84  1447				
	SUN MICROSYSTEMS INC				DECPC
	501-1007-08			SHEET 9
				Q9.PRT[1,SMI]		05-APR-84  1454

PART NUMBER	DIPTYPE		COUNT	DESCRIPTION				LOCATIONS

N/A		K		2	::10-UF					C1, C2
		K		6						C100, C604, C605, C614, C615, K401
		CVAR		1	::30-PF					C400
		C		1	::22-PF					C401
		C		8	CAP:47-PF				C600-C603, C610-C613
		J.50		2						J1, J2
		J.2		8						J200, J400, J401, J700-J703, J801
		LED4		2						J803, J804
		P86		1						P1
		P60		1						P2
		R		2	RES:16-KOHM				R100, R102
		R		1	RES:100-KOHM				R101
		R		1	RES:6.8-KOHM				R103
		R		1	::200-KOHM				R400
		R		1	::100-OHM				R401
		R		1	R:16-KOHM				R402
		R		2	::4.7-KOHM				R600, R601
		R		2	::1-KOHM				R800, R801
		R9.SIP		3	::4.7-KOHM				S100, S800, S801
		R9.SIP		3	::2.7-KOHM				S103-S105
		R9.SIPG		1	RES:4.7 OHMSKOHM, ::XXX-OHM		S300
		R9.SIP		1	::1-KOHM				S500
		68010		1	SOCK:+M64				U100
		74F32		2						U101, U503
		74F00		2						U102, U513
		74F08		3						U109, U313, U703
		7407		1						U110
		74F251		1						U111
		74LS20		2						U114, U520
		74F04		1						U115
		74LS148		1						U119
		8211		1						U120
		7406		1						U122
		K1114A		1	FREQ:19.6608 OHMSMHZ			U200
		74F74		8						U201, U203-U207, U512, U709
		74LS393		1						U209
		74LS491		1						U210
		P20X10		1	PAL:Q-U211				U211
		P20L10		1	PAL:Q-U212				U212
		P16R4		1	PAL:Q-U213				U213
		LS2518		2						U300, U301
		74F257		1						U302
		2168		8						U303-U310
		AM2949		5						U314, U317-U320
		74F151		1						U315
		P16R4		1	PAL:Q-U316				U316
				Q9.PRT[1,SMI]		05-APR-84  1454

PART NUMBER	DIPTYPE		COUNT	DESCRIPTION				LOCATIONS

		74LS138		6						U321-U324, U401, U402
		74F138		1						U400
		27256		1	PROM:Q-U406, SOCK:+M28			U406
		27256		1	PROM:Q-U407, SOCK:+M28			U407
		74S288		1	SOCK:+S16				U411
		74LS534		1						U412
		74LS273		2						U413, U802
		74LS244		3						U414, U800, U801
		58167		1						U420
		MWX		1	::37268-HZ				U421
		74LS08		1						U422
		BATTERY		1	VOLTAGE:3 OHMSV, SOCK:+B2		U424
		DIODE		2	::1N4148				U425, U426
		DIODE		1	::1N5179				U427
		ALS244		7						U500-U502, U504-U507
		74F02		1						U508
		82S62		2						U509, U510
		85000		1	SOCK:+M28				U511
		74F244		5						U514-U517, U717
		74S288		1	PROM:Q-U518				U518
		74F374		1						U519
		80287		1	SOCK:+S40				U600
		9518		1	SOCK:+S40				U601
		P16R4		1	PAL:Q-602				U602
		AM9513		1	SOCK:+S40				U604
		Z8530		1	SOCK:+S40				U605
		26LS32		3						U606, U607, U615
		74LS04		2						U608, U610
		26LS29		2						U609, U611
		7660		2						U612, U614
		74LS05		1						U613
		74LS533		6						U700-U702, U705, U707, U708
		8303B		3						U712-U714
		8289		1						U718
		X		50						X1-X50
