				Q.PRT[1,SMI]		03-JUL-83  1106
FILNAM	P,PN		DATE	   TIME	MODULE(DWG NUM)	REV	AUTHOR
	TITLE 1				PROJECT		BOARD TYPE
	TITLE 2				SHEET n OF m
	CARD LOC(VARIABLE SETTINGS)

Q1	1,SMI		03-JUL-83  1102				
	(C) 1983 SMI, SUN 68010, CPU			DECPC
					SHEET 1 OF 8
Q2	1,SMI		03-JUL-83  1025				
	(C) 1983 SMI, SUN 68010, CLOCKS			DECPC
					SHEET 2 OF 8
Q3	1,SMI		03-JUL-83  1027				
	(C) 1983 SMI, SUN 68010, MMU			DECPC
					SHEET 3 OF 8
Q4	1,SMI		03-JUL-83  1035				
	(C) 1983 SMI, SUN 68010, DECODING AND PROMS	DECPC
					SHEET 4 OF 8
Q5	1,SMI		03-JUL-83  1035				
	(C) 1983 SMI, SUN 68010, MEMORY INTERFACE	DECPC
					SHEET 5 OF 8
Q6	1,SMI		03-JUL-83  1043				
	(C) 1983 SMI, SUN 68010, I/O			DECPC
					SHEET 6 OF 8
Q7	1,SMI		03-JUL-83  1046				
	(C) 1983 SMI, SUN 68010, BUS INTERFACE		DECPC
					SHEET 7 OF 8
Q8	1,SMI		12-JUN-83  1116				
	(C) 1983, SUN 68010, CONNECTORS			DECPC
					SHEET 8 OF 8
Q9	1,SMI		24-FEB-83  0056				
	(C) 1983 SMI, SUN 68010, CAPACITORS		DECPC
					SHEET 9 OF 9
				Q.PRT[1,SMI]		03-JUL-83  1106

PART NUMBER	DIPTYPE		COUNT	DESCRIPTION				LOCATIONS

N/A		K		8						C1, C2, C100, C604, C605, C614, C615
										K401
		C		2	CAP:22 OHMSPF				C400, C401
		C		8	CAP:47 OHMSPF				C600-C603, C610-C613
		J.50		2						J1, J2
		J.16		1						J3
		J.4		1						J400
		J.2		4	SOCK:+J					J700-J703
		J.2		1						J801
		R		2	::16K					R100, R102
		R		1	::100K					R101
		R		3	::4.8K					R103, R600, R601
		R		1	RES:200 OHMSKOHM			R400
		R		1	RES:100 OHMSOHM				R401
		R9.SIP		4						S100, S103-S105
		R9.SIPG		1						S300
		R9.SIP		1	::1K OHM				S500
		R9.SIP		2	::4.7K					S800, S801
		68010		1	SKT:+M64				U100
		74F32		2						U101, U503
		74F00		2						U102, U513
		74F08		3						U109, U313, U703
		7407		1	SKT:+S40				U110
		7407		1						U110
		74F251		1						U111
		74LS20		2						U114, U520
		74F04		1						U115
		74LS374		1						U118
		74LS148		1						U119
		8211		1						U120
		7406		1						U122
		K1114A		1	FREQ:19.6608-MHZ			U200
		74F74		8						U201, U203-U207, U512, U709
		74LS393		1						U209
		74LS491		1						U210
		P20X10		1	PAL:Q-U211				U211
		P20L10		1	PAL:Q-U212				U212
		P16R4		1	PAL:Q-U213				U213
		LS2518		2						U300, U301
		74F257		1						U302
		2168		8						U303-U310
		AM2949		5						U314, U317-U320
		74F151		1						U315
		P16R4		1	PAL:Q-U316				U316
		74LS138		6						U321-U324, U401, U402
		74F138		1						U400
				Q.PRT[1,SMI]		03-JUL-83  1106

PART NUMBER	DIPTYPE		COUNT	DESCRIPTION				LOCATIONS

		27256		1	SKT:+M28, PROM:Q-U406			U406
		27256		1	SKT:+M28, PROM:Q-U407			U407
		74S472		1	SCK:+M20, PROM:P2			U411
		74LS534		1						U412
		74LS273		2						U413, U802
		74LS244		3						U414, U800, U801
		58167		1						U420
		MWX		1						U421
		BATTERY		1	SOCK:+B2, ::2.5 V			U424
		DIODE		1						U425
		74F244		12						U500-U502, U504-U507, U514-U517, U717
		74F02		1						U508
		82S62		2						U509, U510
		85000		1	SKT:+M28				U511
		74S288		1	PROM:Q-U518				U518
		74F374		1						U519
		80287		1	SKT:+S40				U600
		9518		1	SKT:+S40				U601
		P16R4		1	PAL:Q-U602, SOCK:+M20			U602
		K1114A		1	FREQ:15.000-MHZ				U603
		AM9513		1	SCK:+S40				U604
		Z8530		1						U605
		26LS32		3						U606, U607, U615
		74LS04		2						U608, U610
		26LS29		2						U609, U611
		7660		2						U612, U614
		74LS05		1						U613
		74LS533		6						U700-U702, U705, U707, U708
		8303B		3						U712-U714
		8289		1						U718
		X		50						X1-X50
