				R.PRT[1,SMI]		15-MAY-83  2214
FILNAM	P,PN		DATE	   TIME	MODULE(DWG NUM)	REV	AUTHOR
	TITLE 1				PROJECT		BOARD TYPE
	TITLE 2				SHEET n OF m
	CARD LOC(VARIABLE SETTINGS)

R1	1,SMI		15-MAY-83  2135				
	PROPRIETARY SMI, ROPC, REGISTERS		8136-UG1
					SHEET 1 OF 3
R2	1,SMI		15-MAY-83  2204				
	PROPRIETARY SMI, ROPC, SHIFTER			8136-UG1
					SHEET 2 OF 3
R3	1,SMI		15-MAY-83  2208				
	PROPRIETARY SMI, ROPC, BUS INTERFACE		8136-UG1
					SHEET  OF 3
				R.PRT[1,SMI]		15-MAY-83  2214

PART NUMBER	DIPTYPE		COUNT	DESCRIPTION				LOCATIONS

N/A		8304B		2						AA01, AA11
		74LS244		14						AC01, AC11, AG01, AG11, AL01, AL11, BC01
										BC11, BG01, BG11, CC01, CC11, CG01, CG11
		74LS374		17						AE01, AE11, AJ01, AJ11, BA01, BA11, BE01
										BE11, BL01, CA01, CA11, CE01, CE11, CJ01
										CJ11, CL01, CL11
		74LS32		4						AE22, AG22, AJ22, AL22
		74LS125		4						AE32, AG32, AJ32, AL32
		74LS126		4						AE42, AG42, AJ42, AL42
		74LS138		4						BA22, BC22, BE22, BG22
		74LS251		16						BA32, BA42, BC32, BC42, BE32, BE42, BG32
										BG42, BJ32, BJ42, BL32, BL42, CA32, CA42
										CC32, CC42
		74LS534		1						BJ01
		74LS240		2						BJ11, BL11
		74LS04		1						BJ22
		74LS08		1						BL22
		LS2518		1						CA22
		74S288		1	PROM:R1					CC22
		AM25S10		11						CE22, CE32, CE42, CG22, CG32, CG42, CJ22
										CJ32, CJ42, CL32, CL42
