				S.PRT[1,SMI]		02-NOV-82  2205
FILNAM	P,PN		DATE	   TIME	MODULE(DWG NUM)	REV	AUTHOR
	TITLE 1				PROJECT		BOARD TYPE
	TITLE 2				SHEET n OF m
	CARD LOC(VARIABLE SETTINGS)

S1	1,SMI		17-OCT-82  2045				
	(C) 1982 SMI, SUN-2, 512K MEMORY		UNIVERSAL
					SHEET 1 OF 12
S10	1,SMI		02-NOV-82  2201				
	(C) 1982 SMI, SUN-2, DECODING			UNIVERSAL
					SHEET 10 OF 15
S11	1,SMI		02-NOV-82  2152				
	(C) 1982 SMI, SUN-2, UARTS			UNIVERSAL
					SHEET 11 OF 15
S2	1,SMI		17-OCT-82  2046				
	(C) 1982 SMI, SUN-2, 512K MEMORY		UNIVERSAL
					SHEET 2 OF 12
S3	1,SMI		30-OCT-82  2208				
	(C) 1982 SMI, SUN-2, MEMORY INTERFACE		UNIVERSAL
					SHEET 3 OF 15
S4	1,SMI		02-NOV-82  2132				
	(C) 1982 SMI, SUN-2, MEMORY DATA PATHS		UNIVERSAL
					SHEET 4 OF 15
S5	1,SMI		02-NOV-82  2134				
	(C) 1982 SMI, SUN-2, VIDEO BUFFER		UNIVERSAL
					SHEET 5 OF 15
S6	1,SMI		02-NOV-82  2203				
	(C) 1982 SMI, SUN-2, VIDEO INTERFACE		UNIVERSAL
					SHEET 6 OF 15
S7	1,SMI		02-NOV-82  2143				
	(C) 1982 SMI, SUN-2, CLOCKS			UNIVERSAL
					SHEET 7 OF 15
S8	1,SMI		02-NOV-82  2147				
	(C) 1982 SMI, SUN-2, CPU			UNIVERSAL
					SHEET 8 OF 15
S9	1,SMI		02-NOV-82  2201				
	(C) 1982 SMI, SUN-2, MMU			UNIVERSAL
					SHEET 9 OF 15
				S.PRT[1,SMI]		02-NOV-82  2205

PART NUMBER	DIPTYPE		COUNT	DESCRIPTION				LOCATIONS

N/A		27128		0						NO. OF GATES WITH NO REF. DES. = 2
		74F244		16						NO. OF GATES WITH NO REF. DES. = 6
										001-078, 003-078, 005-078, 007-078
										009-078, 011-078, 013-078, 015-078
										017-078, 019-078, 021-078, 023-078
										025-078, 027-078, 029-078, 031-078
		68010		0						NO. OF GATES WITH NO REF. DES. = 1
		74LS20		0						NO. OF GATES WITH NO REF. DES. = 2
		74LS148		0						NO. OF GATES WITH NO REF. DES. = 1
		74LS374		2						NO. OF GATES WITH NO REF. DES. = 4
										036-074, 037-071
		74S08		0	*: 					NO. OF GATES WITH NO REF. DES. = 6
		74LS05		0						NO. OF GATES WITH NO REF. DES. = 6
		74LS138		2						NO. OF GATES WITH NO REF. DES. = 7
										039-001, 039-003
		R		0	::4.8K					NO. OF GATES WITH NO REF. DES. = 1
		C		2	::10UF					NO. OF GATES WITH NO REF. DES. = 1
										024-300, 024-301
		74LS273		0						NO. OF GATES WITH NO REF. DES. = 2
		74LS32		0						NO. OF GATES WITH NO REF. DES. = 2
		74LS04		1						NO. OF GATES WITH NO REF. DES. = 2
										136-201
		8211		0						NO. OF GATES WITH NO REF. DES. = 1
		R		0	::100K					NO. OF GATES WITH NO REF. DES. = 1
		R		0	::16K					NO. OF GATES WITH NO REF. DES. = 2
		74S240.		0						NO. OF GATES WITH NO REF. DES. = 7
		K1114A		0	FREQ:19.660MHZ				NO. OF GATES WITH NO REF. DES. = 1
		R9.SIP		0						NO. OF GATES WITH NO REF. DES. = 4
		74S151		0						NO. OF GATES WITH NO REF. DES. = 4
		74S158		0						NO. OF GATES WITH NO REF. DES. = 1
		74F00		2						NO. OF GATES WITH NO REF. DES. = 12
										037-042, 039-042
		74F138		1						NO. OF GATES WITH NO REF. DES. = 1
										038-002
		82S62		0						NO. OF GATES WITH NO REF. DES. = 2
		74LS02		0						NO. OF GATES WITH NO REF. DES. = 2
		74LS74		0						NO. OF GATES WITH NO REF. DES. = 8
		AM2949		0						NO. OF GATES WITH NO REF. DES. = 5
		LS2518		0						NO. OF GATES WITH NO REF. DES. = 1
		74F02		0						NO. OF GATES WITH NO REF. DES. = 4
		2168		0						NO. OF GATES WITH NO REF. DES. = 10
		25LS09		0						NO. OF GATES WITH NO REF. DES. = 1
		74LS244		0						NO. OF GATES WITH NO REF. DES. = 1
		74F153		0						NO. OF GATES WITH NO REF. DES. = 1
		74S472		0	PROM:S1					NO. OF GATES WITH NO REF. DES. = 1
		74F163		0						NO. OF GATES WITH NO REF. DES. = 3
				S.PRT[1,SMI]		02-NOV-82  2205

PART NUMBER	DIPTYPE		COUNT	DESCRIPTION				LOCATIONS

		K1114A		0	FREQ:80 MHZ				NO. OF GATES WITH NO REF. DES. = 1
		74S240		0						NO. OF GATES WITH NO REF. DES. = 1
		74S74		0						NO. OF GATES WITH NO REF. DES. = 4
		74S189		0						NO. OF GATES WITH NO REF. DES. = 32
		AM25S09		0						NO. OF GATES WITH NO REF. DES. = 4
		74S471		0	PROM:S3					NO. OF GATES WITH NO REF. DES. = 1
		74S472		0	PROM:S2					NO. OF GATES WITH NO REF. DES. = 1
		4164		144						001-001, 001-009, 001-017, 001-025
										001-033, 001-041, 001-049, 001-057
										003-001, 003-009, 003-017, 003-025
										003-033, 003-041, 003-049, 003-057
										005-001, 005-009, 005-017, 005-025
										005-033, 005-041, 005-049, 005-057
										007-001, 007-009, 007-017, 007-025
										007-033, 007-041, 007-049, 007-057
										009-001, 009-009, 009-017, 009-025
										009-033, 009-041, 009-049, 009-057
										011-001, 011-009, 011-017, 011-025
										011-033, 011-041, 011-049, 011-057
										013-001, 013-009, 013-017, 013-025
										013-033, 013-041, 013-049, 013-057
										015-001, 015-009, 015-017, 015-025
										015-033, 015-041, 015-049, 015-057
										017-001, 017-009, 017-017, 017-025
										017-033, 017-041, 017-049, 017-057
										019-001, 019-009, 019-017, 019-025
										019-033, 019-041, 019-049, 019-057
										021-001, 021-009, 021-017, 021-025
										021-033, 021-041, 021-049, 021-057
										023-001, 023-009, 023-017, 023-025
										023-033, 023-041, 023-049, 023-057
										025-001, 025-009, 025-017, 025-025
										025-033, 025-041, 025-049, 025-057
										027-001, 027-009, 027-017, 027-025
										027-033, 027-041, 027-049, 027-057
										029-001, 029-009, 029-017, 029-025
										029-033, 029-041, 029-049, 029-057
										031-001, 031-009, 031-017, 031-025
										031-033, 031-041, 031-049, 031-057
										033-001, 033-009, 033-017, 033-025
										033-033, 033-041, 033-049, 033-057
										035-001, 035-009, 035-017, 035-025
										035-033, 035-041, 035-049, 035-057
		AM2966		5						037-001, 037-021, 037-031, 039-021
										039-031
		R8.DIP		1						037-052
				S.PRT[1,SMI]		02-NOV-82  2205

PART NUMBER	DIPTYPE		COUNT	DESCRIPTION				LOCATIONS

		74S288		1	PROM:S0					039-052
		74S299		2						039-061, 039-071
		J.50		1						064-001
		26LS29		1						099-099
		26LS32		1						136-100
		Z8530		1						136-105
		7660		1						136-300
		AM9513		1						136-301
