				SC.PRT[1,SMI]		31-AUG-84  1023
FILNAM	P,PN		DATE	   TIME	MODULE(DWG NUM)	REV	AUTHOR
	TITLE 1				PROJECT		BOARD TYPE
	TITLE 2				SHEET n OF m
	CARD LOC(VARIABLE SETTINGS)

SC1	1,SMI		27-AUG-84  2219				
	(C) SUN-2 COLOR, VME-BUS INTERFACE		DECPC
					SHEET 1 OF 21
SC10	1,SMI		31-AUG-84  0915				
	(C) SUN-2 COLOR, MEMORY PLANES A + B + C	DECPC
					SHEET 10 OF 21
SC11	1,SMI		31-AUG-84  0917				
	(C) SUN-2 COLOR, MEMORY PLANES D + E + F	DECPC
					SHEET 11 OF 21
SC12	1,SMI		31-AUG-84  0920				
	(C) SUN-2 COLOR, MEMORY PLANES G + H		DECPC
					SHEET 12 OF 21
SC13	1,SMI		31-AUG-84  0926				
	(C) SUN-2 COLOR, VIDEO OUTPUT BUFFERS		DECPC
					SHEET 13 OF 21
SC14	1,SMI		09-JUL-84  1847				
	(C) SUN-2 COLOR, VIDEO OUTPUT BUFFERS		DECPC
					SHEET 14 OF 21
SC15	1,SMI		31-AUG-84  0936				
	(C) SUN-2 COLOR, ECL SHIFTERS			DECPC
					SHEET 15 OF 21
SC16	1,SMI		31-AUG-84  0945				
	(C) SUN-2 COLOR, COLOR MAPS AND DACS		DECPC
					SHEET 16 OF 21
SC17	1,SMI		31-AUG-84  1001				
	(C) SUN-2 COLOR, ZOOM CLOCK GENERATION		DECPC
					SHEET 17 OF 21
SC18	1,SMI		31-AUG-84  1005				
	(C) SUN-2 COLOR, SYNC GENERATION		DECPC
					SHEET 18 OF 21
SC19	1,SMI		21-NOV-83  0339				
	(C) SUN-2 COLOR, CAPACITORS			DECPC
					SHEET 19 OF 21
SC2	1,SMI		27-AUG-84  2206				
	(2) SUN-2 COLOR, VIDEO ADDRESSING		DECPC
					SHEET 2 OF 21
SC20	1,SMI		31-AUG-84  1008				
	(C) SUN-2 COLOR, CAPACITORS			DECPC
					SHEET 20 OF 21
SC21	1,SMI		31-AUG-84  1018				
	(C) SUN-2 COLOR, CONNECTORS AND SPARES		DECPC
					SHEET 21 OF 21
				SC.PRT[1,SMI]		31-AUG-84  1023
FILNAM	P,PN		DATE	   TIME	MODULE(DWG NUM)	REV	AUTHOR
	TITLE 1				PROJECT		BOARD TYPE
	TITLE 2				SHEET n OF m
	CARD LOC(VARIABLE SETTINGS)

SC3	1,SMI		27-AUG-84  2218				
	(2) SUN-2 COLOR, VIDEO ADDRESSING		DECPC
					SHEET 3 OF 21
SC4	1,SMI		27-AUG-84  2228				
	(C) SUN-2 COLOR, MEMORY CONTROL			DECPC
					SHEET 4 OF 21
SC5	1,SMI		27-AUG-84  2233				
	(C) SUN-2 COLOR, RAS + CAS DECODING		DECPC
					SHEET 5 OF 21
SC6	1,SMI		27-AUG-84  2242				
	(C) SUN-2 COLOR, ADDR DRIVERS + TERMINATORS	DECPC
					SHEET 6 OF 21
SC7	1,SMI		31-AUG-84  0854				
	(C) SUN-2 COLOR, PIXEL-MODE DATA PATHS		DECPC
					SHEET 7 OF 21
SC8	1,SMI		31-AUG-84  0903				
	(C) SUN-2 COLOR, WORD-MODE DATA PATHS		DECPC
					SHEET 8 OF 21
SC9	1,SMI		31-AUG-84  0911				
	(C) SUN-2 COLOR, WORD-MODE DATA PATHS		DECPC
					SHEET 9 OF 21
				SC.PRT[1,SMI]		31-AUG-84  1023

PART NUMBER	DIPTYPE		COUNT	DESCRIPTION				LOCATIONS

N/A		R.VAR		0	::10K OHM, LOC:LOC: M35			NO. OF GATES WITH NO REF. DES. = 1
		C		420						C1-C340, C400, C501-C508, C510-C516
										C518-C522, C526-C531, C533, C535, C536
										C538-C545, C547-C555, C557-C561, C601
										C603-C610, C612-C624, C701-C705, C801
		DIODE		1	::1N4148, LOC:LOC: K22			D1722
		DIODE		2	::1N4148, LOC:LOC: L22			D1724, D1725
		J.4		1	LOC:LOC: A2				J100
		J.8		1	LOC:LOC: L1				J200
		J.2		1	LOC:LOC: J26				J1700
		J.4		1	LOC:LOC: K21				J1800
		K		56						K1-K22, K501-K507, K509-K513, K515-K522
										K601-K608, K701-K703, K801-K803
		2600		1	LOC:LOC: I8				M100
		2600		1	LOC:LOC: I9				M101
		2600		1	LOC:LOC: I10				M102
		2600		1	LOC:LOC: I11				M103
		2600		1	LOC:LOC: I12				M104
		2600		1	LOC:LOC: I13				M105
		2600		1	LOC:LOC: I14				M106
		2600		1	LOC:LOC: I15				M107
		2600		1	LOC:LOC: I16				M108
		2600		1	LOC:LOC: I17				M109
		2600		1	LOC:LOC: I18				M110
		2600		1	LOC:LOC: I19				M111
		2600		1	LOC:LOC: I20				M112
		2600		1	LOC:LOC: I21				M113
		2600		1	LOC:LOC: I22				M114
		2600		1	LOC:LOC: I23				M115
		2600		1	LOC:LOC: H8				M200
		2600		1	LOC:LOC: H9				M201
		2600		1	LOC:LOC: H10				M202
		2600		1	LOC:LOC: H11				M203
		2600		1	LOC:LOC: H12				M204
		2600		1	LOC:LOC: H13				M205
		2600		1	LOC:LOC: H14				M206
		2600		1	LOC:LOC: H15				M207
		2600		1	LOC:LOC: H16				M208
		2600		1	LOC:LOC: H17				M209
		2600		1	LOC:LOC: H18				M210
		2600		1	LOC:LOC: H19				M211
		2600		1	LOC:LOC: H20				M212
		2600		1	LOC:LOC: H21				M213
		2600		1	LOC:LOC: H22				M214
		2600		1	LOC:LOC: H23				M215
		2600		1	LOC:LOC: G8				M300
				SC.PRT[1,SMI]		31-AUG-84  1023

PART NUMBER	DIPTYPE		COUNT	DESCRIPTION				LOCATIONS

		2600		1	LOC:LOC: G9				M301
		2600		1	LOC:LOC: G10				M302
		2600		1	LOC:LOC: G11				M303
		2600		1	LOC:LOC: G12				M304
		2600		1	LOC:LOC: G13				M305
		2600		1	LOC:LOC: G14				M306
		2600		1	LOC:LOC: G15				M307
		2600		1	LOC:LOC: G16				M308
		2600		1	LOC:LOC: G17				M309
		2600		1	LOC:LOC: G18				M310
		2600		1	LOC:LOC: G19				M311
		2600		1	LOC:LOC: G20				M312
		2600		1	LOC:LOC: G21				M313
		2600		1	LOC:LOC: G22				M314
		2600		1	LOC:LOC: G23				M315
		2600		1	LOC:LOC: F8				M400
		2600		1	LOC:LOC: F9				M401
		2600		1	LOC:LOC: F10				M402
		2600		1	LOC:LOC: F11				M403
		2600		1	LOC:LOC: F12				M404
		2600		1	LOC:LOC: F13				M405
		2600		1	LOC:LOC: F14				M406
		2600		1	LOC:LOC: F15				M407
		2600		1	LOC:LOC: F16				M408
		2600		1	LOC:LOC: F17				M409
		2600		1	LOC:LOC: F18				M410
		2600		1	LOC:LOC: F19				M411
		2600		1	LOC:LOC: F20				M412
		2600		1	LOC:LOC: F21				M413
		2600		1	LOC:LOC: F22				M414
		2600		1	LOC:LOC: F23				M415
		2600		1	LOC:LOC: D8				M500
		2600		1	LOC:LOC: D9				M501
		2600		1	LOC:LOC: D10				M502
		2600		1	LOC:LOC: D11				M503
		2600		1	LOC:LOC: D12				M504
		2600		1	LOC:LOC: D13				M505
		2600		1	LOC:LOC: D14				M506
		2600		1	LOC:LOC: D15				M507
		2600		1	LOC:LOC: D16				M508
		2600		1	LOC:LOC: D17				M509
		2600		1	LOC:LOC: D18				M510
		2600		1	LOC:LOC: D19				M511
		2600		1	LOC:LOC: D20				M512
		2600		1	LOC:LOC: D21				M513
		2600		1	LOC:LOC: D22				M514
				SC.PRT[1,SMI]		31-AUG-84  1023

PART NUMBER	DIPTYPE		COUNT	DESCRIPTION				LOCATIONS

		2600		1	LOC:LOC: D23				M515
		2600		1	LOC:LOC: C8				M600
		2600		1	LOC:LOC: C9				M601
		2600		1	LOC:LOC: C10				M602
		2600		1	LOC:LOC: C11				M603
		2600		1	LOC:LOC: C12				M604
		2600		1	LOC:LOC: C13				M605
		2600		1	LOC:LOC: C14				M606
		2600		1	LOC:LOC: C15				M607
		2600		1	LOC:LOC: C16				M608
		2600		1	LOC:LOC: C17				M609
		2600		1	LOC:LOC: C18				M610
		2600		1	LOC:LOC: C19				M611
		2600		1	LOC:LOC: C20				M612
		2600		1	LOC:LOC: C21				M613
		2600		1	LOC:LOC: C22				M614
		2600		1	LOC:LOC: C23				M615
		2600		1	LOC:LOC: B8				M700
		2600		1	LOC:LOC: B9				M701
		2600		1	LOC:LOC: B10				M702
		2600		1	LOC:LOC: B11				M703
		2600		1	LOC:LOC: B12				M704
		2600		1	LOC:LOC: B13				M705
		2600		1	LOC:LOC: B14				M706
		2600		1	LOC:LOC: B15				M707
		2600		1	LOC:LOC: B16				M708
		2600		1	LOC:LOC: B17				M709
		2600		1	LOC:LOC: B18				M710
		2600		1	LOC:LOC: B19				M711
		2600		1	LOC:LOC: B20				M712
		2600		1	LOC:LOC: B21				M713
		2600		1	LOC:LOC: B22				M714
		2600		1	LOC:LOC: B23				M715
		2600		1	LOC:LOC: A8				M800
		2600		1	LOC:LOC: A9				M801
		2600		1	LOC:LOC: A10				M802
		2600		1	LOC:LOC: A11				M803
		2600		1	LOC:LOC: A12				M804
		2600		1	LOC:LOC: A13				M805
		2600		1	LOC:LOC: A14				M806
		2600		1	LOC:LOC: A15				M807
		2600		1	LOC:LOC: A16				M808
		2600		1	LOC:LOC: A17				M809
		2600		1	LOC:LOC: A18				M810
		2600		1	LOC:LOC: A19				M811
		2600		1	LOC:LOC: A20				M812
				SC.PRT[1,SMI]		31-AUG-84  1023

PART NUMBER	DIPTYPE		COUNT	DESCRIPTION				LOCATIONS

		2600		1	LOC:LOC: A21				M813
		2600		1	LOC:LOC: A22				M814
		2600		1	LOC:LOC: A23				M815
		P32		2						P100, P102
		P32		1	LOC:LOC: A1				P101
		P32		1	::P3-A					P300
		P32		1	::P3-B, LOC:LOC: K1			P301
		P32		1	::P3-C					P302
		R8.DIP		1						R100
		R8.DIP		1	LOC:LOC: J20				R101
		R9.SIP		1	::1K OHM, R:1K OHM, LOC:LOC: L2		R200
		R8.DIP		1	R:68 OHM, LOC:LOC: E5			R201
		R8.DIP		1	R:33 OHM, LOC:LOC: J20			R400
		R8.DIP		1	R:33 OHM, LOC:LOC: J10			R500
		R8.DIP		1	R:33 OHM, LOC:LOC: J17			R501
		R8.DIP		1	R:33 OHM, LOC:LOC: J13			R502
		R8.DIP		1	R:68 OHM, LO:LOC: E7			R503
		R8.DIP		1	R:47 OHM, LOC:LOC: I7			R600
		R8.DIP		1	R:47 OHM, LOC:LOC: H7			R601
		R8.DIP		1	R:47 OHM, LOC:LOC: G7			R602
		R8.DIP		1	R:47 OHM, LOC:LOC: F7			R603
		R8.DIP		1	R:47 OHM, LOC:LOC: D7			R604
		R8.DIP		1	R:47 OHM, LOC:LOC: C7			R605
		R8.DIP		1	R:47 OHM, LOC:LOC: B7			R606
		R8.DIP		1	R:47 OHM, LOC:LOC: A7			R607
		R8.DIP		4	R:68 OHM				R608, R612, R616, R620
		R8.DIP		1	R:68 OHM, LOC:LOC: I25			R609
		R8.DIP		1	R:68 OHM, LOC:LOC: H24			R610
		R8.DIP		1	R:68 OHM, LOC:LOC: H25			R611
		R8.DIP		1	R:68 OHM, LOC:LOC: G25			R613
		R8.DIP		1	R:68 OHM, LOC:LOC: F24			R614
		R8.DIP		1	R:68 OHM, LOC:LOC: F25			R615
		R8.DIP		1	R:68 OHM, LOC:LOC: D25			R617
		R8.DIP		1	R:68 OHM, LOC:LOC: C24			R618
		R8.DIP		1	R:68 OHM, LOC:LOC: C25			R619
		R8.DIP		1	R:68 OHM, LOC:LOC: B25			R621
		R8.DIP		1	R:68 OHM, LOC:LOC: A24			R622
		R8.DIP		1	R:68 OHM, LOC:LOC: A25			R623
		R9.GSIP		1	R:56 OHM, LOC:LOC: K35			R1500
		R9.GSIP		1	R:56 OHM, LOC:LOC: K30			R1501
		R9.GSIP		1	R:56 OHM, LOC:LOC: J35			R1502
		R9.GSIP		1	R:56 OHM, LOC:LOC: J30			R1503
		R9.GSIP		1	R:56 OHM, LOC:LOC: J33			R1600
		R9.GSIP		1	R:33 OHM, LOC:LOC: J31			R1601
		R9.GSIP		1	R:56 OHM, LOC:LOC: J26			R1602
		R		3	R:56 OHM, LOC:LOC: L25			R1603, R1606, R1611
				SC.PRT[1,SMI]		31-AUG-84  1023

PART NUMBER	DIPTYPE		COUNT	DESCRIPTION				LOCATIONS

		R		1	R:56 OHM, LOC:LOC: K26			R1604
		R		1	R:56 OHM, LOC:LOC: M31			R1607
		R		2	R:56 OHM, LOC:LOC: K29			R1608, R1711
		R		3	R:56 OHM, LOC:LOC: K30			R1609, R1713, R1715
		R		1	R:56 OHM, LOC:LOC: J26			R1612
		R		2	R:56 OHM, LOC:LOC: L33			R1613, R1709
		R		1	R:56 OHM, LOC:LOC: M26			R1615
		R		1	R:56 OHM, LOC:LOC: L31			R1616
		DELAY		1	DELAY:3 NSEC, LOC:LOC: K26		R1619
		R8.DIP		1	LOC:LOC: J22, R:0 OHM			R1700
		R9.GSIP		1	R:56 OHM, LOC:LOC: K25			R1706
		R9.GSIP		1	R:56 OHM, LOC:LOC: K27			R1707
		R		2	R:56 OHM, LOC:LOC: J27			R1708, R1718
		R		2	R:56 OHM, LOC:LOC: J29			R1710, R1716
		R		2	R:56 OHM, LOC:LOC: J25			R1712, R1714
		R		1	R:56 OHM, LOC:LOC: J30			R1717
		R		1	::470 OHM, LOC:LOC: J22			R1720
		R		1	::180 OHM, LOC:LOC: K22			R1721
		R		1	R:124 OHM 1%, LOC:LOC: M33		R2100
		R		1	R:75 OHM 1%, LOC:LOC: M33		R2101
		R		1	R:124 OHM 1%, LOC:LOC: L24		R2102
		R		1	R:75 OHM 1%, LOC:LOC: M24		R2103
		R		1	R:124 OHM 1%				R2104
		R		1	R:442 OHM 1%, LOC:LOC: M32		R2105
		R		1	R:15 OHM, SIZE:1 WATT, LOC:LOC: L1	R2107
		R		1	R:1K OHM, LOC:LOC: M35			R2108
		2N2905		1	LOC:LOC: J26				T1723
		74F373		1	LOC:LOC: C2				U100
		ALS373		1	LOC:LOC: D1				U101
		ALS373		1	LOC:LOC: D2				U102
		ALS373		1	LOC:LOC: A2				U103
		ALS373		1	LOC:LOC: A1				U104
		ALS2441		1	LOC:LOC: A3				U105
		ALS2441		1	LOC:LOC: C1				U106
		LS2521		1	LOC:LOC: C3				U107
		74F74		1	LOC:LOC: D5				U108
		P16L8A		1	LOC:LOC: D3				U109
		74F74		1	LOC:LOC: A5				U110
		74F74		1	LOC:LOC: A4				U111
		MTTLDL		1	DELAY:65 NSEC, LOC:LOC: B5		U112
		74F74		1	LOC:LOC: B4				U113
		74F74		1	LOC:LOC: C4				U114
		ALS374		1	LOC:LOC: D4				U115
		7438		1	LOC:LOC: J1				U116
		74F240*		1	LOC:LOC: E2				U117
		74F240*		1	LOC:LOC: E1				U118
				SC.PRT[1,SMI]		31-AUG-84  1023

PART NUMBER	DIPTYPE		COUNT	DESCRIPTION				LOCATIONS

		74F04		1	LOC:LOC: K10				U119
		74F02		1	LOC:LOC: E5				U120
		74F32		1	LOC:LOC: C5				U121
		74F32		1	LOC:LOC: L5				U121
		74F08		1	LOC:LOC: K21				U122
		ALS157		1	LOC:LOC: J4				U200
		ALS138		1	LOC:LOC: J5				U201
		ALS138		1	LOC:LOC: K5				U202
		ALS138		1	LOC:LOC: K4				U203
		P16L8A		1	LOC: E3:LOC: E3				U204
		P16L8A		1	LOC:LOC: E4				U205
		ALS273		1	LOC:LOC: K2				U207
		ALS373		1	LOC:LOC: K3				U208
		74F74		1	LOC:LOC: J3				U210
		P16L8A		1	LOC:LOC: F2				U212
		P16L8A		1	LOC:LOC: F1				U213
		P16L8A		1	LOC:LOC: K9				U300
		2952		1	LOC:LOC: M1				U301
		2952		1	LOC:LOC: M2				U302
		ALS273		1	LOC:LOC: M3				U303
		ALS273		1	LOC:LOC: M4				U304
		74F258		1	LOC:LOC: L3				U305
		ALS163		1	LOC:LOC: L4				U306
		2952		1	LOC:LOC: L6				U308
		2952		1	LOC:LOC: M6				U309
		74LS461		1	LOC:LOC: L7				U310
		74LS461		1	LOC:LOC: M7				U311
		74LS461		1	LOC:LOC: L8				U312
		74LS461		1	LOC:LOC: M8				U313
		74F74		1	LOC:LOC: J9				U314
		74F258		1	LOC:LOC: K8				U315
		74F258		1	LOC:LOC: J8				U316
		74F258		1	LOC:LOC: K7				U317
		74F258		1	LOC:LOC: J7				U318
		74F258		1	LOC:LOC: K6				U319
		74F258		1	LOC:LOC: J6				U320
		ALS273		1	LOC:LOC: M5				U321
		74F32		1	LOC:LOC: K11				U322
		74F04		1	LOC:LOC: L5				U323
		ALS157		1	LOC:LOC: K20				U400
		74F163		1	LOC:LOC: K23				U401
		27S29A		1	LOC:LOC: K17				U402
		74F374		1	LOC:LOC: K19				U403
		ALS157		1	LOC:LOC: J21				U404
		74F374		1	LOC:LOC: K22				U405
		74F257		1	LOC:LOC: J19				U406
				SC.PRT[1,SMI]		31-AUG-84  1023

PART NUMBER	DIPTYPE		COUNT	DESCRIPTION				LOCATIONS

		74F257		1	LOC:LOC: J18				U407
		74S472		1	LOC:LOC: K15				U408
		ALS163		1	LOC:LOC: K16				U409
		ALS163		1	LOC:LOC: K18				U410
		74S472		1	LOC:LOC: K14				U411
		ALS163		1	LOC:LOC: L13				U412
		2764		1	LOC:LOC: L15				U413
		LS2521		2						U414, U1810
		ALS163		1						U415
		74F374		1	LOC:LOC: L19				U416
		27S29A		1	LOC:LOC: L20				U417
		74F374		1	LOC:LOC: L21				U418
		74F374		1	LOC:LOC: L22				U419
		P16L8A		1	LOC:LOC: J12				U500
		74F534		1	LOC:LOC: J11				U501
		P16L8A		1	LOC:LOC: J15				U503
		74F534		1	LOC:LOC: J16				U504
		74F374		1	LOC:LOC: J14				U505
		2952		1						U506
		P16L8A		1	LOC:LOC: F5				U507
		P16L8A		1	LOC:LOC: F4				U508
		74F74		1	LOC:LOC: J2				U509
		74F74		1	LOC:LOC: F3				U509
		74F244		1	LOC:LOC: I6				U600
		74F244		1	LOC:LOC: H6				U601
		74F244		1	LOC::LOC: G6				U602
		74F244		3						U603, U605, U607
		74F244		1	LOC:LOC: E6				U604
		74F244		1	LOC:LOC: B6				U606
		AM2949		1	LOC:LOC: E16				U700
		AM2949		1	LOC:LOC: E17				U701
		AM2949		1	LOC:LOC: E18				U702
		AM2949		1	LOC:LOC: E19				U703
		AM2949		1	LOC:LOC: E20				U704
		AM2949		1	LOC:LOC: E21				U705
		AM2949		1	LOC:LOC: E22				U706
		AM2949		1	LOC:LOC: E23				U707
		AM2949		1	LOC:LOC: E15				U708
		AM2949		1	LOC:LOC: E14				U709
		AM2949		1	LOC:LOC: E13				U710
		AM2949		1	LOC:LOC: E12				U711
		AM2949		1	LOC:LOC: E11				U712
		AM2949		1	LOC:LOC: E10				U713
		AM2949		1	LOC:LOC: E9				U714
		AM2949		1	LOC:LOC: E8				U715
		ALS138		1	LOC:LOC: I5				U716
				SC.PRT[1,SMI]		31-AUG-84  1023

PART NUMBER	DIPTYPE		COUNT	DESCRIPTION				LOCATIONS

		ALS373		1	LOC:LOC: H4				U718
		ALS373		1	LOC:LOC: H2				U719
		74F08		1	LOC:LOC: I4				U720
		74F08		4						U720-U723
		74F08		1	LOC:LOC: I3				U721
		74F08		1	LOC:LOC: I2				U722
		74F08		1	LOC:LOC: I1				U723
		ALS373		1	LOC:LOC: H5				U724
		ALS373		1	LOC:LOC: H3				U725
		ALS373		1	LOC:LOC: I26				U800
		ALS373		1	LOC:LOC: I27				U801
		AM2949		1	LOC:LOC: I28				U802
		AM2949		1	LOC:LOC: I29				U803
		16016		1	LOC:LOC: I31				U804
		ALS373		1	LOC:LOC: H26				U805
		ALS373		1	LOC:LOC: H27				U806
		AM2949		1	LOC: H28:LOC: H28			U807
		AM2949		1	LOC:LOC: H29				U808
		16016		1	LOC:LOC: H31				U809
		ALS373		1	LOC:LOC: G26				U810
		ALS373		1	LOC:LOC: G27				U811
		AM2949		1	LOC:LOC: G28				U812
		AM2949		1	LOC:LOC: G29				U813
		16016		1	LOC:LOC: G31				U814
		ALS373		1	LOC:LOC: F26				U815
		ALS373		1	LOC:LOC: F27				U816
		AM2949		1	LOC:LOC: F28				U817
		AM2949		1	LOC:LOC: F29				U818
		16016		1	LOC:LOC: F31				U819
		ALS373		1	LOC:LOC: E26				U900
		ALS373		1	LOC:LOC: E27				U901
		AM2949		1	LOC:LOC: E28				U902
		AM2949		1	LOC:LOC: E29				U903
		16016		1	LOC:LOC: E31				U904
		ALS373		1	LOC:LOC: D26				U905
		ALS373		1	LOC:LOC: D27				U906
		AM2949		1	LOC:LOC: D28				U907
		AM2949		1	LOC:LOC: D29				U908
		16016		1	LOC:LOC: D31				U909
		ALS373		1	LOC:LOC: B26				U910
		ALS373		1	LOC:LOC: B27				U911
		AM2949		1	LOC:LOC: B28				U912
		AM2949		1	LOC:LOC: B29				U913
		16016		1	LOC:LOC: B31				U914
		ALS373		1	LOC:LOC: A26				U915
		ALS373		1	LOC:LOC: A27				U916
				SC.PRT[1,SMI]		31-AUG-84  1023

PART NUMBER	DIPTYPE		COUNT	DESCRIPTION				LOCATIONS

		AM2949		1	LOC:LOC: A28				U917
		AM2949		1	LOC:LOC: A29				U918
		16016		1	LOC:LOC: A31				U919
		29520		1	LOC:LOC: H32				U1300
		29520		1	LOC:LOC: H33				U1301
		29520		1	LOC:LOC: G31				U1302
		29520		1	LOC:LOC: I31				U1303
		74F374		1	LOC:LOC: I34				U1304
		74F350		1	LOC:LOC: I33				U1305
		74F374		1	LOC:LOC: H34				U1307
		74F350		1	LOC:LOC: I32				U1308
		29520		1	LOC:LOC: F32				U1310
		29520		1	LOC:LOC: F33				U1311
		29520		1	LOC:LOC: E31				U1312
		29520		1	LOC:LOC: F31				U1313
		74F374		1	LOC:LOC: G34				U1314
		74F350		1	LOC:LOC: G33				U1315
		74F374		1	LOC:LOC: F34				U1317
		74F350		1	LOC:LOC: G32				U1318
		29520		8						U1400-U1403, U1410-U1413
		74F374		4						U1404, U1407, U1414, U1417
		74F350		4						U1405, U1408, U1415, U1418
		10H124		1	LOC:LOC: I35				U1500
		10H141		1	LOC:LOC: K34				U1501
		10H124		1	LOC:LOC: H35				U1502
		10H141		1	LOC:LOC: K33				U1503
		10H124		2	LOC:LOC: A35				U1504, U1514
		10H141		1	LOC:LOC: K31				U1505
		10H124		1	LOC:LOC: F35				U1506
		10H141		1	LOC:LOC: K30				U1507
		10H124		1	LOC:LOC: E35				U1508
		10H141		1	LOC:LOC: J34				U1509
		10H124		1	LOC:LOC: D35				U1510
		10H141		1	LOC:LOC: J33				U1511
		10H124		1	LOC:LOC: B35				U1512
		10H141		1	LOC:LOC: J31				U1513
		10H141		1	LOC:LOC: J30				U1515
		ALS157		1	LOC:LOC: K13				U1600
		ALS157		1	LOC:LOC: L14				U1601
		ALS157		1	LOC:LOC: L13				U1602
		2148		1	LOC:LOC: L11				U1603
		2148		1	LOC:LOC: L12				U1604
		AM2949		1	LOC:LOC: M10				U1605
		P16L8A		1	LOC:LOC: L10				U1606
		10H124		1	LOC:LOC: K32				U1608
		10H176		1	LOC:LOC: L32				U1610
				SC.PRT[1,SMI]		31-AUG-84  1023

PART NUMBER	DIPTYPE		COUNT	DESCRIPTION				LOCATIONS

		10H124		1	LOC:LOC: J32				U1611
		10H176		1	LOC:LOC: L33				U1613
		10H124		1	LOC:LOC: M24				U1614
		10H124		1	LOC:LOC: M25				U1615
		10H124		1	LOC:LOC: L24				U1616
		DAC8E		1	LOC:LOC: M29				U1617
		10H105		1	LOC:LOC: L26				U1618
		K1114B		1	LOC:LOC: J26				U1700
		10H124		1	LOC:LOC: J27				U1701
		10H124		1	LOC:LOC: K24				U1702
		10H176		1	LCC:LOC: K26				U1703
		10H136		1	LOC:LOC: K28				U1704
		10H136		1	LOC:LOC: K29				U1705
		10H136		1	LOC:LOC:  K27				U1706
		10H102		1	LOC:LOC: J28				U1707
		10H105		1	LOC:LOC: J29				U1708
		10H125		1	LOC:LOC: J24				U1710
		74F244		1	LOC:LOC: J23				U1711
		74F163		1	LOC:LOC: M19				U1800
		74F163		1	LOC:LOC: M20				U1801
		74F163		1	LOC:LOC: M21				U1802
		27S33A		1	LOC:LOC: M18				U1803
		74F374		1	LOC:LOC: M17				U1804
		74F163		1	LOC:LOC: M14				U1805
		74F163		1	LOC:LOC: M15				U1806
		74F163		1	LOC:LOC: M16				U1807
		27S33A		1	LOC:LOC: M13				U1808
		2952		1	LOC:LOC: M11				U1809
		VREG		1	DIP:LM337H, LOC:LOC: M32		V1
		VREG		1	DIP:LM337H, LOC:LOC: M34		V2
		VREG		1	DIP:LM337H, LOC:LOC: M23		V3
		MINCOAX		1	LOC:LOC: M35				Y1
		MINCOAX		1	LOC:LOC: L35				Y2
		MINCOAX		1	LOC:LOC: K35				Y3
		MINCOAX		1	LOC:LOC: J35				Y4
