				SCSI.PRT[1,SMI]		02-APR-85  1048
FILNAM	P,PN		DATE	   TIME	MODULE(DWG NUM)	REV	AUTHOR
	TITLE 1				PROJECT		BOARD TYPE
	TITLE 2				SHEET n OF m
	CARD LOC(VARIABLE SETTINGS)

2513	1,SMI		02-APR-85  1029				
	PROPRIETARY SUN, M25				DECPC
					SHEET 13 OF 19
2514	1,SMI		02-APR-85  1014				
	PROPRIETARY SUN, M25				DECPC
					SHEET 14 OF 19
2515	1,SMI		02-APR-85  1015				
	PROPRIETARY SUN, M25				DECPC
					SHEET 15 OF 19
2516	1,SMI		02-APR-85  1020				
	PROPRIETARY SUN, M25				DECPC
					SHEET 16 OF 19
				SCSI.PRT[1,SMI]		02-APR-85  1048

PART NUMBER	DIPTYPE		COUNT	DESCRIPTION				LOCATIONS

N/A		J.50		1						J5
		R		1	::470-OHM				R610
		R		1	::56-OHM				R630
		S8.T		3						S610, S620, S622
		S10.T		2						S632, S633
		9516		1						U610
		ALS74		4						U611, U647-U649
		ALS00		1						U612
		ALS32		1						U613
		ALS08		1						U614
		ALS373		4						U617, U619, U635, U637
		ALS273		1						U618
		5380		1						U620
		ALS245		1						U621
		ALS374		6						U622-U625, U634, U636
		ALS244		1						U626
		74F374		1						U627
		8X60		1						U630
		6264		2						U632, U633
		P16L8		2						U640, U643
		P16R6		1						U641
		P16R8		1						U642
		ALS04		1						U644
		74LS393		1						U645
