				SCV.PRT[1,SMI]		09-MAR-83  0926
FILNAM	P,PN		DATE	   TIME	MODULE(DWG NUM)	REV	AUTHOR
	TITLE 1				PROJECT		BOARD TYPE
	TITLE 2				SHEET n OF m
	CARD LOC(VARIABLE SETTINGS)

SC1	1,SMI		08-MAR-83  2159				
	(C) 1982 SMI, SUN 1/4" TAPE, 796-BUS INTERFACE	DECPC
					SHEET 2 OF 4
SC10	1,SMI		09-MAR-83  0843				
							DECPC
SC11	1,SMI		02-MAR-83  0923				
	MEMORY PLANES A,B,C				DECPC
SC12	1,SMI		02-MAR-83  0925				
	MEMORY PLANES D,E,F				DECPC
SC13	1,SMI		02-MAR-83  0928				
	MEMORY PLANES G,H,I				DECPC
SC14	1,SMI		02-MAR-83  1621				
	MEMORY PLANES J,K,L				DECPC
SC15	1,SMI		07-MAR-83  2026				
	VIDEO OUTPUT BUFFER				DECPC
SC16	1,SMI		09-MAR-83  0846				
							DECPC
SC17	1,SMI		07-MAR-83  2028				
	TTL COLOR MAP					DECPC
SC18	1,SMI		07-MAR-83  1907				
	ECL COLOR MAP AND DACS				DECPC
SC19	1,SMI		07-MAR-83  2034				
							DECPC
SC2	1,SMI		09-MAR-83  0830				
	(C) 1982 SMI, SUN 1/4" TAPE, 796-BUS INTERFACE	DECPC
					SHEET 2 OF 4
SC20	1,SMI		09-MAR-83  0852				
							DECPC
SC21V	1,SMI		09-MAR-83  0907				
	(C) 1982 SMI, COLOR BOARD, CONNECTORS.		DECPC
					SHEET 7 OF 7
SC3	1,SMI		07-MAR-83  1830				
	HORIZ. & VERT. STATE MACHINES			DECPC
SC4	1,SMI		07-MAR-83  2016				
	VERTICAL ZOOM AND PAN CONTROL			DECPC
SC5	1,SMI		09-MAR-83  0828				
	HORIZONTAL ZOOM AND MEMORY CONTROL		DECPC
SC6	1,SMI		07-MAR-83  2021				
	RAS, CAS, WE DRIVERS				DECPC
SC7	1,SMI		07-MAR-83  2022				
							DECPC
SC8	1,SMI		09-MAR-83  0833				
							DECPC
				SCV.PRT[1,SMI]		09-MAR-83  0926
FILNAM	P,PN		DATE	   TIME	MODULE(DWG NUM)	REV	AUTHOR
	TITLE 1				PROJECT		BOARD TYPE
	TITLE 2				SHEET n OF m
	CARD LOC(VARIABLE SETTINGS)

SC9	1,SMI		09-MAR-83  0841				
							DECPC
				SCV.PRT[1,SMI]		09-MAR-83  0926

PART NUMBER	DIPTYPE		COUNT	DESCRIPTION				LOCATIONS

N/A		C		320						C1-C128, X1-X192
		J.16		5						J100, J102-J104, J1600
		J.8		1						J101
		R9.SIP		5						R100, R101, R103, R600, R601
		R9.GSIP		11	R:50 OHM				R1600, R1900-R1909
		R		3	R:82 OHM				R1800, R1802, R1804
		R		3	R:220 OHM				R1801, R1803, R1805
		R9.GSIP		4						R1910-R1913
		74LS373		5						U100-U102, U729, U730
		8304B		2						U103, U104
		LS2521		2						U105, U511
		74F74		2						U106, U107
		74F240*		4						U108, U828, U1028, U1634
		74F139		2						U109, U212
		MTTLDL		1	DELAY:50 NSEC				U110
		MTTLDL		2	DELAY:XX NSEC				U110, U420
		74F00		1						U111
		74F02		2						U112, U621
		74F08		2						U113, U115
		74F32		1						U114
		7406		1						U116
		74LS74		2						U117, U120
		74F374		11						U118, U308, U402, U503, U505, U513
										U515-U517, U604, U605
		74LS151		1						U119
		74LS138		10						U200-U202, U207-U209, U614, U615, U724
										U725
		74LS257		9						U203-U206, U500, U1712-U1714, U1716
		74LS374		10						U210, U211, U404, U1600-U1602
										U1615-U1617, U1715
		P10L8		1						U213
		74LS273		1						U215
		74LS244		4						U216, U1702, U1706, U1710
		74LS04		2						U218, U519
		74LS00		5						U219, U419, U610, U612, U613
		74F163		5						U300, U301, U304, U305, U501
		74LS163		7						U302, U306, U406, U507-U509, U512
		27S33A		3						U303, U307, U502
		LS2518		4						U400, U401, U607, U609
		2952		5						U403, U407, U413, U606, U608
		74LS258		1						U405
		74LS461		4						U408, U409, U414, U415
		74F257		10						U410-U412, U416-U418, U616-U618, U1635
		MTTLDL		1	DELAY:14 NSEC				U420
		74F258		1						U504
		27S29A		4						U506, U514, U602, U603
				SCV.PRT[1,SMI]		09-MAR-83  0926

PART NUMBER	DIPTYPE		COUNT	DESCRIPTION				LOCATIONS

		2716		1						U510
		74LS02		4						U518, U726-U728
		74F244		38						U600, U601, U800, U801, U807, U808, U814
										U815, U821, U822, U900, U901, U907, U908
										U914, U915, U921, U922, U1000, U1001
										U1007, U1008, U1014, U1015, U1021, U1022
										U1100, U1117, U1134, U1200, U1217, U1234
										U1300, U1317, U1334, U1400, U1417, U1434
		R8.DIP		2						U619, U620
		74LS240		24						U700-U723
		AM2949		27						U802, U803, U809, U810, U816, U817, U823
										U824, U902, U903, U909, U910, U916, U917
										U923, U924, U1002, U1003, U1009, U1010
										U1016, U1017, U1023, U1024, U1703, U1707
										U1711
		74LS533		24						U804, U805, U811, U812, U818, U819, U825
										U826, U904, U905, U911, U912, U918, U919
										U925, U926, U1004, U1005, U1011, U1012
										U1018, U1019, U1025, U1026
		85000		12						U806, U813, U820, U827, U906, U913, U920
										U927, U1006, U1013, U1020, U1027
		2600		192						U1101-U1116, U1118-U1133, U1135-U1150
										U1201-U1216, U1218-U1233, U1235-U1250
										U1301-U1316, U1318-U1333, U1335-U1350
										U1401-U1416, U1418-U1433, U1435-U1450
		29520		24						U1500-U1523
		AM25S10		12						U1603-U1608, U1618-U1623
		74F194		12						U1609-U1614, U1624-U1629
		10124Q		15						U1630-U1632, U1719, U1720, U1723, U1724
										U1727-U1732, U1900, U1901
		10125		7						U1633, U1700, U1701, U1704, U1705, U1708
										U1709
		2168		6	T(AA):40 NSEC				U1717, U1718, U1721, U1722, U1725, U1726
		10H210		1						U1733
		10H186		11						U1800-U1805, U1830-U1833, U1902
		HM2142		24						U1806-U1829
		DAC-8		3						U1834-U1836
		10H136		3						U1903, U1904, U1906
		K1114A		1	FREQ:86.077 MHZ				U1905
		10H116		2						U1907, U1908
