				SIO.PRT[1,SMI]		21-JUN-84  1003
FILNAM	P,PN		DATE	   TIME	MODULE(DWG NUM)	REV	AUTHOR
	TITLE 1				PROJECT		BOARD TYPE
	TITLE 2				SHEET n OF m
	CARD LOC(VARIABLE SETTINGS)

SIO1	1,SMI		05-APR-84  1506				
	PROPRIETARY SMI, SUN-2, SCSI BOARD, SCSI IFCE	DECPC
					SHEET 1 OF 5
SIO2	1,SMI		05-APR-84  1502				
	PROPRIETARY SMI, SUN-2, SCSI BOARD, DMA		DECPC
					SHEET 2 OF 5
SIO3	1,SMI		05-APR-84  1421				
	PROPRIETARY SMI, SUN-2, SCSI BOARD, P796	DECPC
					SHEET 3 OF 5
SIO4	1,SMI		05-APR-84  1334				
	PROPRIETARY SMI, SUN-2, SCSI BOARD, UARTS	DECPC
					SHEET 4 OF 5
SIO5	1,SMI		05-APR-84  1336				
	PROPRIETARY SMI, SUN-2, SCSI BOARD, CAPACITORS	DECPC
					SHEET 5 OF 5
				SIO.PRT[1,SMI]		21-JUN-84  1003

PART NUMBER	DIPTYPE		COUNT	DESCRIPTION				LOCATIONS

N/A		C		1	::10-NF					C211
		C		16	CAP:47 PF				C400-C415
		J.50		3						J1-J3
		J.2		4						J400-J403
		X		8						K400-K407
		P86		1						P1
		R		1	::2.4-KOHM				R211
		R		4	R:5.1-KOHM				R400-R403
		R		4	RES:1K					R404-R407
		7438		1						U100
		74LS08		1						U102
		74LS32		1						U103
		LS240.		1						U104
		74LS74		3						U105, U106, U422
		P16L8		2						U108, U300
		74LS244		2						U110, U119
		2952		3						U111, U113, U120
		8303B		6						U112, U301, U303, U309-U311
		82S62		1						U114
		74LS273		2						U115, U302
		74LS240		1						U116
		DIPTERM		2						U117, U118
		P10L8		1						U121
		74LS138		4						U200, U210, U307, U314
		8289		1						U202
		74F74		1						U203
		P16R4		1						U204
		74LS461		5						U205-U209
		74LS14		1						U211
		74F00		1						U212
		74LS151		1						U304
		DIPSW		3						U305, U312, U315
		LS2521		1						U306
		R9.SIP		1	::4.7-KOHM				U308
		74F240		1						U313
		74LS125		1						U316
		Z8530		2						U400, U401
		74LS04		4						U402, U403, U412, U413
		26LS29		4						U404, U405, U414, U415
		7660		4						U406, U407, U416, U417
		26LS32		6						U408-U410, U418-U420
		K1114A		1	FREQ:19.6608 MHZ			U421
		C		24						X500-X523
