				SIO.PRT[1,SMI]		21-MAY-83  1135
FILNAM	P,PN		DATE	   TIME	MODULE(DWG NUM)	REV	AUTHOR
	TITLE 1				PROJECT		BOARD TYPE
	TITLE 2				SHEET n OF m
	CARD LOC(VARIABLE SETTINGS)

SIO1	1,SMI		21-MAY-83  1120				
	PROPRIETARY SMI, I/O BOARD, SCSI INTERFACE	DECPC
					SHEET 1 OF 4
SIO2	1,SMI		21-MAY-83  1121				
	PROPRIETARY SMI, I/O BOARD, SCSI DMA		DECPC
					SHEET 2 OF 4
SIO3	1,SMI		21-MAY-83  1122				
	PROPRIETARY SMI, I/O BOARD, MULTIBUS INTERFACE	DECPC
					SHEET 3 OF 4
SIO4	1,SMI		21-MAY-83  1122				
	(C) 1983, SUN 68010, CONNECTORS			DECPC
	X				SHEET 4 OF 4
SIO5	1,SMI		21-MAY-83  1123				
	PROPRIETARY SMI, I/O BOARD, CAPACITORS		DECPC
					SHEET 5 OF 5
				SIO.PRT[1,SMI]		21-MAY-83  1135

PART NUMBER	DIPTYPE		COUNT	DESCRIPTION				LOCATIONS

N/A		C		56						C400-C407, U500-U547
		J.50		2						J1, J4
		J.10		2						J2, J3
		K		4						K400-K403
		R		2	::4.8K					R400, R401
		R		2	::1K					R402, R403
		7438		1						U100
		74LS08		1						U102
		74LS32		1						U103
		LS240.		1						U104
		74LS74		3						U105-U107
		P14H4		1						U108
		74LS244		2						U110, U119
		2952		3						U111, U113, U120
		8303B		6						U112, U301, U303, U309-U311
		82S62		1						U114
		74LS273		2						U115, U302
		74LS240		1						U116
		DIPTERM		2						U117, U118
		P10L8		1						U121
		74LS138		4						U200, U210, U307, U314
		K1114A		1	FREQ:19.6608 MHZ			U201
		8289		1						U202
		74F74		1						U203
		P16R4		1						U204
		74LS461		5						U205-U209
		74LS393		1						U211
		74F00		1						U212
		P16L8		1						U300
		74LS151		1						U304
		DIPSW		3						U305, U312, U315
		LS2521		1						U306
		R9.SIP		1						U308
		74F240		1						U313
		74LS125		1						U316
		Z8530		2						U400, U401
		74LS04		2						U402, U403
		26LS29		2						U404, U405
		7660		2						U406, U407
		26LS32		3						U408-U410
