				SX.PRT[1,SMI]		07-JUN-83  0211
FILNAM	P,PN		DATE	   TIME	MODULE(DWG NUM)	REV	AUTHOR
	TITLE 1				PROJECT		BOARD TYPE
	TITLE 2				SHEET n OF m
	CARD LOC(VARIABLE SETTINGS)

SX1	1,SMI		07-JUN-83  0210				
	(C) 1982 SMI, SUN 1/4" TAPE, 796-BUS INTERFACE	8136-UG1
					SHEET 2 OF 4
SX2	1,SMI		07-JUN-83  0143				
	(C) 1982 SMI, COLOR BOARD, CONNECTORS.		8136-UG1
					SHEET 7 OF 7
				SX.PRT[1,SMI]		07-JUN-83  0211

PART NUMBER	DIPTYPE		COUNT	DESCRIPTION				LOCATIONS

N/A		C		20						AA10, AA22, AA34, AC10, AC22, AC34, AE10
										AE22, AE34, AG22, AG34, AJ22, AL22, AL34
										BA22, BA34, BC22, BC34, BE22, BE34
		74F240		3						AA12, AC12, AE12
		74F533		6						AA24, AC24, AE24, BA24, BC24, BE24
		P16L8		1						AA36
		74F240*		2						AC36, AJ36
		74F32		1						AE36
		74F74		3						AG24, AJ24, AL36
		74F00		1						AG36
		MTTLDL		1	DELAY:50 NSEC				AL24
		7406		1						BA36
		LS2518		1						BC36
		LS2521		1						BE36
		R9.SIP		1						BG36
