				SY.PRT[1,SMI]		07-JUN-83  0126
FILNAM	P,PN		DATE	   TIME	MODULE(DWG NUM)	REV	AUTHOR
	TITLE 1				PROJECT		BOARD TYPE
	TITLE 2				SHEET n OF m
	CARD LOC(VARIABLE SETTINGS)

SY1	1,SMI		06-JUN-83  2156				
	(C) 1983 SMI, SUN2 COLOR BOARD, ADDRESS DECODERS	UNIVERSAL
					SHEET 1 OF 14
SY10	1,SMI		06-JUN-83  2303				
	TTL COLOR MAP					UNIVERSAL
SY11	1,SMI		06-JUN-83  2306				
	HORIZ. & VERT. STATE MACHINES			UNIVERSAL
SY12	1,SMI		07-JUN-83  0036				
							UNIVERSAL
SY13	1,SMI		07-JUN-83  0125				
							UNIVERSAL
SY14	1,SMI		07-JUN-83  0033				
	(C) 1983 SMI, SUN2 COLOR BOARD, CONNECTORS	UNIVERSAL
					SHEET 14 OF 14
SY2	1,SMI		06-JUN-83  2113				
	(C) 1983 SMI, SUN2 COLOR BOARD, VIDEO ADDRESS GENERATION	UNIVERSAL
					SHEET 2 OF 14
SY3	1,SMI		06-JUN-83  2257				
	HORIZONTAL ZOOM AND MEMORY CONTROL		UNIVERSAL
SY4	1,SMI		07-JUN-83  0042				
	RAS, CAS, WE DRIVERS				UNIVERSAL
SY5	1,SMI		06-JUN-83  1628				
							UNIVERSAL
SY6	1,SMI		06-JUN-83  2226				
							UNIVERSAL
SY7	1,SMI		06-JUN-83  2242				
	MEMORY PLANES A,B,C				UNIVERSAL
SY8	1,SMI		06-JUN-83  2106				
	MEMORY PLANES D,E,F				UNIVERSAL
SY9	1,SMI		07-JUN-83  0106				
	VIDEO OUTPUT BUFFER				UNIVERSAL
				SY.PRT[1,SMI]		07-JUN-83  0126

PART NUMBER	DIPTYPE		COUNT	DESCRIPTION				LOCATIONS

N/A		74LS461		4						001-012, 001-025, 003-012, 003-025
		2952		6						001-038, 001-051, 003-038, 003-051
										007-051, 013-093
		74F374		9						001-062, 005-062, 005-073, 009-062
										017-083, 017-105, 021-083, 027-083
										045-078
		C		233						001-063, 001-074, 001-084, 001-093
										003-052, 003-063, 003-074, 003-084
										003-101, 005-009, 005-019, 005-028
										005-039, 005-052, 005-063, 005-074
										005-084, 005-101, 007-009, 007-019
										007-028, 007-053, 007-073, 007-088
										007-116, 009-009, 009-019, 009-028
										009-039, 009-063, 009-116, 011-009
										011-020, 011-040, 011-060, 011-080
										011-094, 011-116, 013-001, 013-010
										013-019, 013-028, 013-037, 013-046
										013-055, 013-064, 013-105, 013-116
										015-001, 015-010, 015-019, 015-028
										015-037, 015-046, 015-055, 015-064
										015-073, 015-084, 015-096, 015-106
										015-116, 017-001, 017-010, 017-019
										017-028, 017-037, 017-046, 017-055
										017-064, 017-084, 017-095, 017-106
										019-001, 019-010, 019-019, 019-028
										019-037, 019-046, 019-055, 019-064
										021-001, 021-010, 021-019, 021-028
										021-037, 021-046, 021-055, 021-064
										021-073, 021-084, 021-109, 023-001
										023-010, 023-019, 023-028, 023-037
										023-046, 023-055, 023-064, 023-073
										023-082, 023-100, 025-001, 025-010
										025-019, 025-028, 025-037, 025-046
										025-055, 025-064, 025-085, 025-095
										025-097, 025-098, 025-107, 025-108
										027-001, 027-010, 027-019, 027-028
										027-037, 027-046, 027-055, 027-064
										027-092, 027-115, 027-116, 029-082
										029-083, 029-092, 029-115, 029-116
										031-011, 031-023, 031-035, 031-047
										031-078, 031-080, 031-081
										031-090-031-092, 031-115, 031-116
										033-011, 033-023, 033-035, 033-047
										033-056, 033-088-033-092, 033-115
										033-116, 035-011, 035-023, 035-035
										035-047, 035-056, 035-077, 035-081
										035-082, 035-103-035-106, 037-011
										037-023, 037-035, 037-047, 037-074
										037-077, 037-078, 037-087, 037-088
										039-011, 039-023, 039-035, 039-047
										039-074, 039-077, 039-078, 039-087
										039-088, 039-097, 039-098, 039-107
										039-108, 041-011, 041-023, 041-035
										041-047, 041-074, 041-087, 041-097
										041-098, 041-107, 041-108, 043-011
										043-023, 043-035, 043-047, 043-074
										043-084, 043-094, 043-097, 043-098
										043-107, 043-108, 045-011, 045-023
										045-035, 045-047, 045-067, 045-079
										045-089, 045-097, 045-098, 045-107
										045-108, 047-088, 047-097, 047-098
										047-107, 047-108, 049-101, 049-102
										049-113-049-116
				SY.PRT[1,SMI]		07-JUN-83  0126

PART NUMBER	DIPTYPE		COUNT	DESCRIPTION				LOCATIONS

		74S472		1						001-073
		74LS163		5						001-083, 003-083, 005-083, 005-092
										007-027
		74LS257		6						001-092, 009-104, 021-092, 023-091
										025-094, 047-087
		27S29A		1						003-062
		27S33A		3						003-073, 017-094, 017-116
		74F163		7						003-092, 015-105, 015-115, 019-089
										019-098, 019-107, 019-116
		74F08		1						003-100
		74F257		6						005-008, 005-018, 007-008, 007-018
										009-008, 009-018
		74LS258		1						005-027
		P16L8		8						005-038, 005-051, 011-115, 013-104
										013-115, 015-083, 025-084, 031-077
		74F04		1						005-100
		74LS273		3						007-038, 007-115, 009-038
		2716		1						007-086
		74F32		1						007-095
		74LS138		5						007-104, 011-104, 013-080, 033-055
										035-055
		74F74		2						009-027, 009-095
		R8.DIP		16						009-051, 011-008, 011-028, 011-048
										011-068, 019-080, 023-081, 029-008
										029-017, 029-026, 029-035, 029-044
										029-053, 029-062, 029-071, 029-080
		74LS244		7						009-115, 011-019, 011-039, 011-059
										011-079, 033-066, 035-066
		R9.SIP		1						010-086
		LS2521		2						011-093, 015-095
		2600		64						013-009, 013-018, 013-027, 013-036
										013-045, 013-054, 013-063, 013-072
										015-009, 015-018, 015-027, 015-036
										015-045, 015-054, 015-063, 015-072
										017-009, 017-018, 017-027, 017-036
										017-045, 017-054, 017-063, 017-072
										019-009, 019-018, 019-027, 019-036
										019-045, 019-054, 019-063, 019-072
										021-009, 021-018, 021-027, 021-036
										021-045, 021-054, 021-063, 021-072
										023-009, 023-018, 023-027, 023-036
										023-045, 023-054, 023-063, 023-072
										025-009, 025-018, 025-027, 025-036
										025-045, 025-054, 025-063, 025-072
										027-009, 027-018, 027-027, 027-036
										027-045, 027-054, 027-063, 027-072
				SY.PRT[1,SMI]		07-JUN-83  0126

PART NUMBER	DIPTYPE		COUNT	DESCRIPTION				LOCATIONS

		74LS74		1						021-100
		74F00		1						021-108
		74F02		1						023-099
		10124Q		10						025-106, 025-116, 027-091, 031-089
										037-086, 039-086, 039-096, 039-116
										041-096, 041-106
		DAC8E		1						027-114
		10H116		2						029-091, 043-106
		74LS374		10						031-010, 031-022, 031-034, 031-046
										033-010, 033-022, 033-034, 033-046
										049-067, 049-078
		74LS08		1						031-055
		AM2949		25						031-066, 035-010, 035-022, 035-034
										035-046, 037-010, 037-022, 037-034
										037-046, 039-010, 039-022, 039-034
										039-046, 041-010, 041-022, 041-034
										041-046, 043-010, 043-022, 043-034
										043-046, 045-010, 045-022, 045-034
										045-046
		2148		2						033-076, 035-076
		R9.GSIP		7						033-087, 034-087, 035-102, 036-102
										049-112, 050-100, 050-112
		10H176		3						035-090, 037-096, 041-116
		29520		8						037-060, 037-073, 039-060, 039-073
										041-060, 041-073, 043-060, 043-073
		74F240*		1						037-107
		K1114A		1	FREQ:100 MHZ				037-116
		10H102		1						039-106
		74F194		4						041-086, 043-083, 043-093, 045-088
		10H136		3						043-116, 045-106, 045-116
		AM25S10		4						045-056, 045-066, 047-065, 047-076
		10125		2						047-106, 047-116
		85000		4						048-014, 048-028, 048-042, 048-056
