				TI.PRT[1,SMI]		19-JAN-83  1309
FILNAM	P,PN		DATE	   TIME	MODULE(DWG NUM)	REV	AUTHOR
	TITLE 1				PROJECT		BOARD TYPE
	TITLE 2				SHEET n OF m
	CARD LOC(VARIABLE SETTINGS)

TI1	1,SMI		06-JAN-83  1225				
	(C) 1982 SMI, SUN 1/4" TAPE, TAPE INTERFACE	DECPC
					SHEET 1 OF 4
TI2	1,SMI		13-JAN-83  1222				
	(C) 1982 SMI, SUN 1/4" TAPE, 796-BUS INTERFACE	DECPC
					SHEET 2 OF 4
TI3	1,SMI		13-JAN-83  1313				
	(C) 1982 SMI, SUN 1/4" TAPE, MEMORY		DECPC
					SHEET 3 OF 4
TI4	1,SMI		06-JAN-83  1132				
	(C) 1982 SMI, SUN 1/4" TAPE, MEMORY		DECPC
					SHEET 3 OF 4
				TI.PRT[1,SMI]		19-JAN-83  1309

PART NUMBER	DIPTYPE		COUNT	DESCRIPTION				LOCATIONS

N/A		C		99						C1-C86, C100-C112
		J.50		1						J1
		J.4		1						J2
		4164		36						M100-M108, M200-M208, M300-M308
										M400-M408
		R9.SIP		3	R:1K OHMS				R1-R3
		R		2	R:33 OHM				R4, R5
		74S240*		4						U3, U14, U40, U45
		7406		1						U11
		K1114A		1	FREQ:23.53 MHZ				U12
		74S153		1						U13
		74S74		2						U20, U31
		74S00		1						U21
		MTTLDL		1	DELAY:50 NSEC				U22
		74S08		2						U23, U43
		74S139		2						U24, U44
		74S32		3						U30, U33, U42
		74S04		1						U32
		74S02		3						U34, U41, U66
		DIPSW		4						U50, U52, U53, U56
		74LS251		1						U51
		LS2521		2						U54, U57
		74S244		2						U55, U58
		8304B		3						U60-U62
		74LS373		3						U63-U65
		82S62		2						U67, U68
		DIPTERM		1						U69
		74S240		2						U70, U71
		2953		2						U72, U73
		74LS534		1						U74
		8203		1						U80
