				V.PRT[1,SMI]		02-JUL-84  2114
FILNAM	P,PN		DATE	   TIME	MODULE(DWG NUM)	REV	AUTHOR
	TITLE 1				PROJECT		BOARD TYPE
	TITLE 2				SHEET n OF m
	CARD LOC(VARIABLE SETTINGS)

V1	1,SMI		19-MAR-84  2220				
	SUN MICROSYSTEMS INC				DECPC
	501-1003-07			SHEET 1 OF 5
V2	1,SMI		19-MAR-84  2200				
	SUN MICROSYSTEMS INC				DECPC
	501-1003-07			SHEET 2 OF 5
V3	1,SMI		19-MAR-84  2207				
	SUN MICROSYSTEMS INC				DECPC
	501-1003-07			SHEET 3 OF 5
V4	1,SMI		19-MAR-84  2216				
	SUN MICROSYSTEMS INC				DECPC
	501-1003-07			SHEET 4 OF 5
V5	1,SMI		19-MAR-84  2209				
	SUN MICROSYSTEMS INC				DECPC
	501-1003-07			SHEET 5 OF 5
				V.PRT[1,SMI]		02-JUL-84  2114

PART NUMBER	DIPTYPE		COUNT	DESCRIPTION				LOCATIONS

N/A		DB9		1						J1
		J.10		2						J2, J3
		R9.SIP		1	::1-KOHM				R200
		R		1	::1-KOHM				R402
		R9.SIPG		2	::100-OHM				S100, S101
		R9.SIP		1	::4.7-KOHM				S500
		74F374		20						U100, U101, U113, U221, U223, U231
										U300-U307, U330, U332, U401, U403, U405
										U413
		74F240		1						U102
		74F138		1						U104
		DIPSW		1						U105
		74LS138		4						U106-U108, U118
		LS2521		1						U109
		74F74		5						U110-U112, U120, U407
		74F32		1						U114
		7407		1						U115
		J.16		2						U116, U117
		74F00		1						U119
		AM2949		8						U200-U207
		74F112		1						U213
		74LS374		2						U220, U230
		82S62		2						U222, U232
		74LS273		2						U224, U234
		74LS244		2						U225, U235
		74LS74		1						U233
		R8.DIP		2	::22-OHM				U310, U320
		4416		16						U311-U318, U321-U328
		74LS461		2						U331, U333
		74S288		1	PROM:V20				U400
		74S288		1	PROM:V21				U402
		74S288		1	PROM:V22				U404
		74F08		2						U406, U410
		74F258		1						U408
		74F194		1						U409
		74LS393		3						U411, U414, U416
		3622		1	PROM:V0					U412
		3622		1	PROM:V1					U415
		K1114A		1	FREQ:19.6608 MHZ			U417
		K1114A		1	FREQ:100.000 MHZ			U418
		8304B		1						U500
		Z8530		1						U501
		74LS04		1						U504
		74F244		1						U600
		X		40						X311-X318, X321-X328, X331-X338
										X341-X348, X351-X358
