				VE1.PRT[1,SMI]		07-AUG-84  1003
FILNAM	P,PN		DATE	   TIME	MODULE(DWG NUM)	REV	AUTHOR
	TITLE 1				PROJECT		BOARD TYPE
	TITLE 2				SHEET n OF m
	CARD LOC(VARIABLE SETTINGS)

VE1	1,SMI		31-JUL-84  0844				
	PROPRIETARY SMI, SUN-2 VIDEO, ECL		DECPC
					SHEET 1 OF 4
VE2	1,SMI		02-AUG-84  0618				
	PROPRIETARY SMI, SUN-2 FRAME BUFFER		DECPC
					SHEET 2 OF 4
VE3	1,SMI		07-AUG-84  1002				
	PROPRIETARY SMI, SUN-2 VIDEO, ECL		DECPC
					SHEET 3 OF 4
VE4	1,SMI		05-AUG-84  2028				
	PROPRIETARY SMI, SN-2 VIDEO, ECL		DECPC
					SHEET 4 OF 4
				VE1.PRT[1,SMI]		07-AUG-84  1003

PART NUMBER	DIPTYPE		COUNT	DESCRIPTION				LOCATIONS

N/A		C		1	CAP:1-UF				C1900
		C		1	CAP:100-PF				C1901
		DIODE		3	::1N4148				D1804-D1806
		J.16		3						J1600, J1903, J1904
		DB9		1						J1800
		J.2		2						J1802, J1804
		J.8		1						J1803
		J.10		2						J1900, J1901
		DB15		1						J1902
		K		2	CAP:1-UF				K1800, K1801
		P86		1						P1901
		P60		1						P1902
		R		1	RES:75					R1801
		R		1	RES:470					R1802
		R		1	RES:180					R1803
		R		1	RES:121					R1804
		R		1	RES:51					R1813
		R		1	::1-KOHM				R1904
		R		1	::2.2-KOHM				R1905
		R9.SIP		1	::4.7-KOHM				S1600
		R9.SIP		2	::330-OHM				S1800, S1801
		R9.SIP		1	::390-OHM				S1802
		R9.SIP		1	::51-OHM				S1803
		VREG		1	::LM337T				T1800
		2N2905		1						T1820
		ALS374		7						U1600-U1604, U1612, U1613
		74F280		2						U1608, U1609
		ALS273		2						U1610, U1611
		74F04		1						U1614
		74F374		11						U1615, U1632-U1637, U1641, U1643, U1812
										U1901
		P16R4		1	=:M1616					U1616
		P16L8		1	=:M1618					U1618
		P16L8		1	=:M1619					U1619
		74F138		3						U1621, U1728, U1739
		LS2521		1						U1623
		74F74		2						U1624, U1803
		74LS393		5						U1630, U1631, U1810, U1813, U1814
		P5X8		1	=:M1640, ::25-NSEC			U1640
		P5X8		1	=:M1642, ::25-NSEC			U1642
		4416		16						U1700-U1707, U1710-U1717
		R8.DIP		2	::33-OHM				U1708, U1709
		74F534		8						U1720-U1727
		74LS245		9						U1730-U1737, U1903
		K1114B		1	OSC:100.000-MHZ				U1800
		K1114A		1	::19.6608-MHZ				U1802
				VE1.PRT[1,SMI]		07-AUG-84  1004

PART NUMBER	DIPTYPE		COUNT	DESCRIPTION				LOCATIONS

		10124Q		2						U1804, U1820
		10H141		2						U1805, U1809
		10H105		1						U1807
		10H125		1						U1808
		P9X4		1	::55-NSEC, =:A1811			U1811
		P9X4		1	::55-NSEC, =:A1815			U1815
		74F244		1						U1816
		74F08		1						U1818
		10H136		1						U1819
		10H124		1						U1821
		74LS374		1						U1900
		Z8530		1						U1902
		26LS31		1						U1904
		26LS32		1						U1905
		7407		1						U1906
		X		105						X1800, X1900-X2003
