				VME.PRT[1,SMI]		08-OCT-85  2112
FILNAM	P,PN		DATE	   TIME	MODULE(DWG NUM)	REV	AUTHOR
	TITLE 1				PROJECT		BOARD TYPE
	TITLE 2				SHEET n OF m
	CARD LOC(VARIABLE SETTINGS)

X1	1,SMI		07-OCT-85  2148				
	FERRARI						DECPC
	CPU				SHEET 1 OF 10
X2	1,SMI		07-OCT-85  2213				
	FERRARI						DECPC
	MISC. I/O DEVICES		SHEET 2 OF 10
X3	1,SMI		07-OCT-85  2216				
	FERRARI						DECPC
	MISC. I/O DEVICES		SHEET 3 OF 10
X4	1,SMI		07-OCT-85  2204				
	FERRARI						DECPC
	SERIAL I/O			SHEET 4 OF 10
X5	1,SMI		07-OCT-85  2208				
	FERRARI						DECPC
	ETHERNET INTERFACE		SHEET 5 OF 10
X6	1,SMI		07-OCT-85  2321				
	FERRARI						DECPC
	PARITY LOGIC			SHEET 6 OF 10
				VME.PRT[1,SMI]		08-OCT-85  2112

PART NUMBER	DIPTYPE		COUNT	DESCRIPTION				LOCATIONS

N/A		X		3						NO. OF GATES WITH NO REF. DES. = 1
										C302, C603, C604
		K		0	::4.7-UF				NO. OF GATES WITH NO REF. DES. = 1
		C		1	::20-PF					C300
		CVAR		1	::20-PF					C301
		C		2	::100-PF				C600, C601
		C		1	::680-PF				C602
		C		1	::0.0056-UF				C605
		DB15		1						J1
		DB25		2						J2, J3
		J.2		1						J200
		COAX		1						J510
		K		1	::10-UF					K600
		R		1	::100-OHM				R300
		R		1	::510-OHM				R601
		R		1	::3-KOHM				R602
		R		1	::1-KOHM-1%				R615
		R		1	::1-MOHM				R616
		R		1	::1.5-OHM				R617
		R4.SIP		2	::470-OHM				S200, S501
		R4.SIP		2	::4.7-KOHM				S400, S401
		R4.SIP		1	::40.2-OHM1%				S500
		R9.SIP		1	::4.7-KOHM				S502
		68020		1						U100
		68881		1						U101
		P20L8		1	::15-NSEC				U102
		AS1004		1						U104
		P16L8		2	::15-NSEC				U105, U232
		P16L8		3						U106, U403, U518
		P20X8		1						U107
		74F08		1						U108
		K1114A		1	::80.000-MHZ				U110
		74F112		1						U111
		K1114A		1	::25.000-MHZ				U112
		74F74		2						U113, U501
		74F175		1						U117
		ALS273		4						U118, U225, U227, U304
		ALS374		7						U120, U122, U210, U620-U623
		ALS373		8						U123, U211, U226, U305, U510-U513
		2188		2	::35-NSEC				U200, U201
		2168		5	::25-NSEC				U202, U203, U206-U208
		ALS245		5						U212, U213, U215, U217, U218
		74F534		1						U223
		P5X8		1	::45-NSEC				U224
		LED4		2						U228, U229
		P20L10		2						U231, U601
				VME.PRT[1,SMI]		08-OCT-85  2112

PART NUMBER	DIPTYPE		COUNT	DESCRIPTION				LOCATIONS

		ALS138		5						U234, U235, U313, U314, U604
		27256		1						U300
		2816		1						U301
		7170		1						U302
		P20L8		2						U307, U312
		XTAL		1	::32768-HZ				U310
		BATTERY		1						U311
		Z8530		2						U400, U401
		K1114A		1	::4.9152-MHZ				U402
		26LS32		3						U406, U407, U413
		ALS04		2						U408, U410
		26LS29		2						U409, U411
		DIPSW		1	::CAP8-33PF				U412
		7990		1						U500
		7992		1						U501
		XTAL		1	::20.0000MHZ				U502
		TRANSF		1						U504
		8392		1						U505
		DIODE		1	::1N4149				U506
		74LS652		4						U514-U517
		P16R4		2						U519, U603
		UUT		1						U603
		AS258		1						U605
		74F280		4						U610-U613
		R8.DIP		1	::68-OHM				U615
