				VMEM.PRT[1,SMI]		04-DEC-84  1336
FILNAM	P,PN		DATE	   TIME	MODULE(DWG NUM)	REV	AUTHOR
	TITLE 1				PROJECT		BOARD TYPE
	TITLE 2				SHEET n OF m
	CARD LOC(VARIABLE SETTINGS)

VMEM1	1,SMI		04-DEC-84  1316				
	SUN 2251 MEMORY BOARD				DECPC
					SHEET 1 OF 4
VMEM2	1,SMI		04-DEC-84  1335				
	SUN 2251 MEMORY BOARD				DECPC
					SHEET 2 OF 4
VMEM3	1,SMI		04-DEC-84  1323				
	SUN 2251 MEMORY BOARD				DECPC
					SHEET 3 OF 4
VMEM4	1,SMI		04-DEC-84  1323				
	SUN 2251 MEMORY BOARD				DECPC
					SHEET 4 OF 4
				VMEM.PRT[1,SMI]		04-DEC-84  1336

PART NUMBER	DIPTYPE		COUNT	DESCRIPTION				LOCATIONS

N/A		J.8		1						J200
		P96		2						P1, P2
		RT		18	::68-OHM				R200-R217
		74F138		3						U200-U202
		ALS244		5						U210-U214
		74F158		3						U220-U222
		74F244		6						U230-U235
		R8.DIP		6	::33-OHM				U240-U245
		4256		72						U300-U317, U320-U337, U340-U357
										U360-U377
		X		90						X200-X217, X300-X317, X320-X337
										X340-X357, X360-X377
