				VMEP.PRT[1,SMI]		04-DEC-84  1350
FILNAM	P,PN		DATE	   TIME	MODULE(DWG NUM)	REV	AUTHOR
	TITLE 1				PROJECT		BOARD TYPE
	TITLE 2				SHEET n OF m
	CARD LOC(VARIABLE SETTINGS)

VMEP1	1,SMI		04-DEC-84  1338				
	SUN 2250 CPU BOARD				DECPC
					SHEET 110
VMEP10	1,SMI		04-DEC-84  1345				
	SUN 2250 CPU BOARD				DECPC
					SHEET 1010
VMEP2	1,SMI		04-DEC-84  1339				
	SUN 2250 CPU BOARD				DECPC
					SHEET 210
VMEP3	1,SMI		04-DEC-84  1340				
	SUN 2250 CPU BOARD				DECPC
					SHEET 310
VMEP4	1,SMI		04-DEC-84  1341				
	SUN 2250 CPU BOARD				DECPC
					SHEET 410
VMEP5	1,SMI		04-DEC-84  1342				
	SUN 2250 CPU BOARD				DECPC
					SHEET 510
VMEP6	1,SMI		04-DEC-84  1348				
	SUN 2250 CPU BOARD				DECPC
					SHEET 610
VMEP7	1,SMI		04-DEC-84  1343				
	SUN 2250 CPU BOARD				DECPC
					SHEET 710
VMEP8	1,SMI		04-DEC-84  1347				
	SUN 2250 CPU BOARD				DECPC
					SHEET 810
VMEP9	1,SMI		04-DEC-84  1344				
	SUN 2250 CPU BOARD				DECPC
					SHEET 910
				VMEP.PRT[1,SMI]		04-DEC-84  1350

PART NUMBER	DIPTYPE		COUNT	DESCRIPTION				LOCATIONS

N/A		C		1	::0.022-UF				C700
		C		2	::30-PF					C701, C702
		C		1	::100-PF				C800
		DIODE		1	::1N4148				D801
		DB25		1						J1
		DB15		1						J3
		J.8		2						J500, J800
		LED4		2						J515, J516
		K		1	::10-UF					K801
		P96		2						P1, P2
		R		1	::470-OHM				R202
		R		3	::47-KOHM				R608, R609, R801
		R		2	::78-OHM				R701, R702
		R		2	::120-OHM				R703, R704
		R		1	::180-OHM				R800
		R9.SIP		5	::4.7-KOHM				S100-S102, S110, S111
		R9.SIP		1	::10-KOHM				S811
		68010		1	+:+M64					U100
		P16L8		1	=:A101					U101
		P16R4		1	=:A102					U102
		P16L8		1	=:A103					U103
		74F04		2						U104, U221
		P16L8		1	=:A106					U106
		74F08		2						U108, U718
		P20L8		1						U109
		8308		7						U110, U111, U311, U318-U321
		74F151		2						U118, U315
		ALS30		1						U130
		74F32		2						U132, U433
		K1114A		1	::19.6608-MHZ				U200
		K1114A		1	::16.0000-MHZ				U201
		74F74		6						U202-U205, U424, U719
		74F175		1						U206
		MTTLDL		1	::15-NSEC				U207
		74LS590		2						U210, U211
		74F374		3						U213, U812, U813
		P16R8		1	=:A214					U214
		P16L8		1	=:A215					U215
		74F64		2						U218, U219
		LS2518		2						U300, U301
		74F158		1						U302
		2168		8	::50-NSEC				U303-U310
		ALS374		3						U316, U702, U703
		ALS138		5						U322-U324, U401, U402
		74F138		1						U400
		LS2521		2						U403, U930
				VMEP.PRT[1,SMI]		04-DEC-84  1350

PART NUMBER	DIPTYPE		COUNT	DESCRIPTION				LOCATIONS

		74F280		4						U420-U423
		27128		1	=:A500					U500
		27128		1	=:A501					U501
		AM9513		1						U504
		74LS05		1						U505
		P5X8		1	=:A510, ::45-NSEC			U510
		ALS534		1						U511
		ALS273		3						U512, U514, U716
		ALS244		2						U513, U717
		Z8530		1	::6-MHZ					U601
		26LS32		1						U606
		9636		2						U608, U609
		82586		1						U700
		82501		1						U701
		74LS04		1						U715
		P16L8		1	=:A810					U810
		27S33A		1	::A811					U811
		P16L8		1	=:A814					U814
		P16L8		1	=:A816					U816
		74F244		1						U817
		ALS6411		1						U818
		ALS2441		4						U900-U903
		ALS373		3						U904-U906
		ALS245		2						U908, U909
		X		40						X100-X139
		XTAL		1	::20.000-MHZ				X700
