				VMES.PRT[1,SMI]		28-NOV-84  2246
FILNAM	P,PN		DATE	   TIME	MODULE(DWG NUM)	REV	AUTHOR
	TITLE 1				PROJECT		BOARD TYPE
	TITLE 2				SHEET n OF m
	CARD LOC(VARIABLE SETTINGS)

VMES1	1,SMI		28-NOV-84  2206				
	PROPRIETARY SMI, SUN-2, BUS CONNECTORS		DECPC
					SHEET 1 OF 2
VMES2	1,SMI		28-NOV-84  2244				
	VME SUN-2, CPU					DECPC
					SHEET 2 OF 2
				VMES.PRT[1,SMI]		28-NOV-84  2246

PART NUMBER	DIPTYPE		COUNT	DESCRIPTION				LOCATIONS

N/A		C		8	::47-PF					C200-C207
		DB25		2						J1, J2
		DB15		1						J3
		K		2	::10-UF					K200, K201
		P96		2						P1, P2
		R		1	::15-OHM				R200
		R		1	::120-OHM				R201
		R		1	::390-OHM				R202
		R		1	::1-KOHM				R203
		R4.SIP		2	::2.2-KOHM				S200, S201
		74LS04		3						U200, U208, U209
		ALS138		2						U201, U202
		LS2521		1						U203
		K1114A		1	::19.6608-MHZ				U204
		74LS393		1						U205
		Z8530		2	::6-MHZ					U206, U207
		26LS29		2						U210, U211
		26LS32		3						U212-U214
		ALS245		1						U215
		VREG		1	::LM337					U216
		X		12						X200-X211
