				VMEV.PRT[1,SMI]		28-NOV-84  1907
FILNAM	P,PN		DATE	   TIME	MODULE(DWG NUM)	REV	AUTHOR
	TITLE 1				PROJECT		BOARD TYPE
	TITLE 2				SHEET n OF m
	CARD LOC(VARIABLE SETTINGS)

VMEV1	1,SMI		28-NOV-84  1858				
	VME-BUS CONNECTORS				DECPC
					SHEET 1 OF 4
VMEV2	1,SMI		28-NOV-84  1906				
	PROPRIETARY SMI, SUN-2, SINGLE BOARD		DECPC
					SHEET 2 OF 4
VMEV3	1,SMI		28-NOV-84  1901				
	PROPRIETARY SMI, SUN-2, FRAME BUFFER		DECPC
					SHEET 3 OF 4
VMEV4	1,SMI		28-NOV-84  1902				
	PROPRIETARY SMI, SUN-2, VIDEO CONTROLLER	DECPC
					SHEET 4 OF 4
				VMEV.PRT[1,SMI]		28-NOV-84  1907

PART NUMBER	DIPTYPE		COUNT	DESCRIPTION				LOCATIONS

N/A		DIODE		7	::1N4148				D1800-D1802, D1804-D1807
		J.16		1						J1600
		DB9		1						J1800
		J.2		1						J1801
		P96		2						P1, P2
		R		1	::470-OHM				R1802
		R		1	::180-OHM				R1803
		R9.SIP		1	::4.7-KOHM				S1600
		R9.GSIP		1	::330-OHM				S1800
		2N2905		1						T1800
		ALS374		7						U1600-U1603, U1612, U1613, U1615
		P5X8		1	::25-NSEC, =:A1604			U1604
		P5X8		1	::25-NSEC, =:A1605			U1605
		74F374		5						U1606, U1607, U1640, U1641, U1812
		ALS273		2						U1610, U1611
		P16R4		1	=:A1616					U1616
		P16L8		1	=:A1620					U1620
		ALS138		1						U1621
		LS2521		1						U1623
		74F74		2						U1624, U1803
		74LS590		2						U1630, U1631
		ALS534		2						U1632, U1633
		4416		16						U1700-U1707, U1710-U1717
		R8.DIP		2	::33-OHM				U1708, U1709
		74LS374		8						U1720-U1727
		74F138		2						U1728, U1739
		74LS245		8						U1730-U1737
		K1114B		1	::100.000-MHZ				U1800
		74F112		1						U1801
		74F194		2						U1805, U1806
		10H124		1						U1807
		74F08		1						U1808
		10H141		1						U1809
		74LS393		3						U1810, U1813, U1814
		P9X4		1	=:A1811, ::55-NSEC			U1811
		P9X4		1	=:A1815, ::55-NSEC			U1815
		74F244		1						U1816
