				VX.PRT[1,SMI]		03-JUL-83  1230
FILNAM	P,PN		DATE	   TIME	MODULE(DWG NUM)	REV	AUTHOR
	TITLE 1				PROJECT		BOARD TYPE
	TITLE 2				SHEET n OF m
	CARD LOC(VARIABLE SETTINGS)

V1X	1,SMI		03-JUL-83  1229				
	PROPRIETARY SMI, SUN-2, VIDEO BOARD		DECPC
					SHEET 1 OF 5
V2X	1,SMI		03-JUL-83  1228				
	PROPRIETARY SMI, SUN-2, VIDEO BOARD		DECPC
					SHEET 2 OF 5
V3X	1,SMI		03-JUL-83  1120				
	PROPRIETARY SMI, SUN-2, VIDEO BOARD		DECPC
					SHEET 3 OF 5
V4X	1,SMI		03-JUL-83  1215				
	PROPRIETARY SMI, SUN-2, VIDEO BOARD		DECPC
					SHEET 4 OF 4
V5X	1,SMI		03-JUL-83  1223				
	PROPRIETARY SMI, SUN-2, VIDEO BOARD		DECPC
					SHEET 5 OF 5
				VX.PRT[1,SMI]		03-JUL-83  1230

PART NUMBER	DIPTYPE		COUNT	DESCRIPTION				LOCATIONS

N/A		J.10		3						J1-J3
		K		1						K500
		R		1	::180 OHM				R400
		R		1	::75 OHM				R401
		R9.SIP		1						S500
		74F374		6						U100, U101, U401, U403, U405, U413
		74F240		1						U102
		74F138		1						U104
		DIPSW		1						U105
		74LS138		3						U106-U108
		LS2521		1						U109
		74F74		4						U110-U112, U407
		74LS374		16						U113, U220, U221, U223, U230, U231
										U300-U307, U330, U332
		74F32		1						U114
		7407		1						U115
		J.16		2						U116, U117
		74LS373		17						U200-U207, U210-U217, U502
		82S62		2						U222, U232
		74LS273		2						U224, U234
		74LS244		2						U225, U235
		74LS74		1						U233
		R8.DIP		2						U310, U320
		4416		16						U311-U318, U321-U328
		74LS461		2						U331, U333
		74S288		1	PROM:V20				U400
		74S288		1	PROM:V21				U402
		74S288		1	PROM:V22				U404
		74F08		2						U406, U410
		74LS258		1						U408
		74F194		1						U409
		74LS393		3						U411, U414, U416
		3622		1	PROM:V0					U412
		3622		1	PROM:V1					U415
		K1114A		1	FREQ:19.6608 MHZ			U417
		K1114A		1	FREQ:100.000 MHZ			U418
		8304B		1						U500
		Z8530		1						U501
		76489		1						U503
		74LS04		1						U504
		X		40						X311-X318, X321-X328, X331-X338
										X341-X348, X351-X358
