				VY.PRT[1,SMI]		18-JUL-83  2308
FILNAM	P,PN		DATE	   TIME	MODULE(DWG NUM)	REV	AUTHOR
	TITLE 1				PROJECT		BOARD TYPE
	TITLE 2				SHEET n OF m
	CARD LOC(VARIABLE SETTINGS)

V1Y	1,SMI		18-JUL-83  2307				
	PROPRIETARY SMI, SUN-2, VIDEO BOARD		8136-UG1
					SHEET 1 OF 5
V2Y	1,SMI		18-JUL-83  1806				
	PROPRIETARY SMI, SUN-2, VIDEO BOARD		8136-UG1
					SHEET 2 OF 5
V3Y	1,SMI		18-JUL-83  1755				
	PROPRIETARY SMI, SUN-2, VIDEO BOARD		8136-UG1
					SHEET 3 OF 5
V4Y	1,SMI		18-JUL-83  1813				
	PROPRIETARY SMI, SUN-2, VIDEO BOARD		8136-UG1
					SHEET 4 OF 5
V5Y	1,SMI		18-JUL-83  1808				
	PROPRIETARY SMI, SUN-2, VIDEO BOARD		8136-UG1
					SHEET 5 OF 5
				VY.PRT[1,SMI]		18-JUL-83  2308

PART NUMBER	DIPTYPE		COUNT	DESCRIPTION				LOCATIONS

N/A		K1114A		1	FREQ:100.000 MHZ			AA02
		74LS393		3						AA12, AA22, AJ22
		Z8530		1						AA31
		74F374		6						AC01, AG11, AG21, AG31, CE11, CE21
		3622		1	PROM:V0					AC12
		3622		1	PROM:V1					AC22
		74F74		4						AE02, CJ22, CL14, CL22
		74S288		1	PROM:V20				AE12
		74S288		1	PROM:V21				AE22
		74S288		1	PROM:V22				AE32
		8304B		1						AE41
		74F08		2						AG02, AL02
		R9.SIP		1						AG41
		74F194		1						AJ02
		74LS258		1						AJ12
		76489		1						AJ32
		74LS04		1						AJ42
		R8.DIP		2						AL10, CE02
		K1114A		1	FREQ:19.6608 MHZ			AL22
		74LS373		1						AL31
		7407		1						AL42
		K		1						AL50
		4416		16						BA01, BA11, BC01, BC11, BE01, BE11, BG01
										BG11, BJ01, BJ11, BL01, BL11, CA01, CA11
										CC01, CC11
		74LS374		16						BA21, BC21, BE21, BG21, BJ21, BL21, BL41
										CA21, CA41, CC21, CE31, CE41, CG01, CG11
										CG31, CG41
		AM2949		8						BA31, BC31, BE31, BG31, BJ31, BL31, CA31
										CC31
		74LS138		3						BC42, BE42, BG42
		74F138		1						BJ42
		74F240		1						CC41
		LS2521		1						CG21
		74LS461		2						CJ01, CL01
		74F32		1						CJ14
		74LS273		2						CJ31, CJ41
		82S62		2						CL32, CL42
