				X.PRT[1,SMI]		13-AUG-86  1447
FILNAM	P,PN		DATE	   TIME	MODULE(DWG NUM)	REV	AUTHOR
	TITLE 1				PROJECT		BOARD TYPE
	TITLE 2				SHEET n OF m
	CARD LOC(VARIABLE SETTINGS)

X1	1,SMI		13-AUG-86  1445				
	SUN-3/F						DECPC
					SHEET 1 OF 15
X10	1,SMI		29-JUN-86  1729				
	SUN-3/F						DECPC
	VIDEO CONTROL			SHEET 10 OF 15
X11	1,SMI		01-JUN-86  2259				
	SUN-3/F						DECPC
	VIDEO MUX			SHEET 11 OF 15
X12	1,SMI		11-AUG-86  2244				
	SUN-3/F						DECPC
	COLOR VIDEO RAM			SHEET 12 OF 15
X13	1,SMI		13-AUG-86  1417				
	SUN-3/F						DECPC
	COLOR VIDEO			SHEET 13 OF 15
X14	1,SMI		12-AUG-86  1028				
	SUN-3/F						DECPC
	MONOCHROME VIDEO		SHEET 14 OF 15
X15	1,SMI		13-AUG-86  1416				
	SUN-3/F						DECPC
	CAPS AND PULLUPS		SHEET 15 OF 15
X2	1,SMI		08-JUL-86  0750				
	SUN-3/F						DECPC
					SHEET 2 OF 15
X3	1,SMI		11-AUG-86  2258				
	SUN-3/F						DECPC
					SHEET 3 OF 15
X4	1,SMI		13-AUG-86  1403				
	SUN-3/F						DECPC
	UARTS				SHEET 4 OF 10
X5	1,SMI		13-AUG-86  1400				
	SUN-3/F						DECPC
	ETHERNET			SHEET 5 OF 15
X6	1,SMI		11-AUG-86  2301				
	SUN-3/F						DECPC
	SCSI				SHEET 6 OF 15
X7	1,SMI		08-JUL-86  0759				
	SUN-3/F						DECPC
	PARITY				SHEET 7 OF 15
X8	1,SMI		11-AUG-86  2235				
	SUN-3/F						DECPC
	RAS/CAS				SHEET 8 OF 15
				X.PRT[1,SMI]		13-AUG-86  1447
FILNAM	P,PN		DATE	   TIME	MODULE(DWG NUM)	REV	AUTHOR
	TITLE 1				PROJECT		BOARD TYPE
	TITLE 2				SHEET n OF m
	CARD LOC(VARIABLE SETTINGS)

X9	1,SMI		29-JUN-86  1735				
	SUN-3/F						DECPC
	MEMORY				SHEET 9 OF 15
				X.PRT[1,SMI]		13-AUG-86  1447

PART NUMBER	DIPTYPE		COUNT	DESCRIPTION				LOCATIONS

N/A		X		136						C199, C503, C504, C506, C512, C1306
										X100-X219, X300-X305, X1400-X1403
		C		2	::22-PF					C300, C301
		C		2	::100-PF				C500, C501
		C		1	::680-PF				C502
		C		1	::0.0056-UF				C505
		C		1	::220-PF				C510
		C		1	::47-PF					C511
		C		4	::0.01-UF				C1300, C1302, C1303, C1305
		DIODE		3	::1N4448				D510-D512
		DB15		2						J1, J4
		DB25		2						J2, J3
		COAX		1						J5
		J.50		1						J6
		DB9		1						J7
		SWITCH		2						J100, J200
		J.2		2	::FUSE					J400, J501
		J.4		1						J502
		J.16		2						J800, J1300
		K		3	::10-UF					K199, K500, K1300
		K		1	::4.7-UF				K501
		L		2	::XXX-UH				L1300, L1301
		P96		1						P3
		R		1	::200-KOHM				R300
		R		1	::390-OHM				R301
		R		1	::510-OHM				R501
		R		1	::3-KOHM				R502
		R		2	::2.2-KOHM				R510, R511
		R		1	::162-OHM1%				R512
		R		1	::1-KOHM1%				R513
		R		1	::25-KOHM1%				R514
		R		1	::75-KOHM1%				R515
		R		1	::9.1-OHM1%				R516
		R		1	::6.8-OHM1%				R517
		R		1	::1.5-OHM				R518
		R		1	::1-MOHM				R519
		R		1	::   500-OHM1%				R1300
		R		1	::1-KHM1%				R1301
		R		3	::75-OHM1%				R1302-R1304
		R9.SIP		4	::4.7-KOHM				S109, S111, S502, S800
		R9.SIP		1	::470-OHM				S113
		R9.SIPG		1	::1-KOHM				S114
		R9.SIPG		1	::4.7-KOHM				S115
		S10.T		1						S120
		S10.T		7	::2.2/3.3K				S121-S127
		R4.SIP		1	::470-OHM				S200
				X.PRT[1,SMI]		13-AUG-86  1447

PART NUMBER	DIPTYPE		COUNT	DESCRIPTION				LOCATIONS

		R4.SIP		2	::4.7-KOHM				S400, S401
		R9.SIPG		1	::40.2-OHM1%				S500
		S8.T		4						S620-S622, S1400
		R9.GSIP		1	::330-OHM				S1300
		68020		1						U100
		68881		1						U101
		P16L8		16						U102, U103, U106, U230, U231, U518, U519
										U601, U603, U604, U714, U1005
										U1007-U1010
		74F04		2						U104, U600
		P20X10		4						U107, U1001-U1003
		74F00		1						U108
		K1114A		1	::40.000-MHZ				U110
		68030		1						U111
		74F74		2						U113, U622
		74F175		3						U114, U520, U1015
		74LS590		1						U115
		ALS374		5						U122, U720-U723
		ALS373		11						U123, U226, U305, U510-U512, U607-U611
		74F374		2						U130, U623
		P16R8		4						U131, U602, U1000, U1006
		ALS244		1						U132
		7705		1						U199
		2188		2	::35-NSEC				U200, U201
		2168		5	::25-NSEC				U202, U203, U206-U208
		LS2518		1						U210
		ALS245		9						U212, U213, U215, U217, U218, U700-U703
		74F534		1						U223
		P5X8		1	::45-NSEC				U224
		ALS273		4						U225, U227, U304, U620
		LED4		2						U228, U229
		P16L8		3	::15-NSEC				U232, U800, U802
		27512		1						U300
		2816		1						U301
		7170		1						U302
		XTAL		1	::32768-HZ				U303
		P20L8		2						U307, U311
		BATTERY		1	::3-VOLT				U309
		P20L8		1	::15-NSEC				U310
		P8L14		1						U312
		P16R4		2						U313, U605
		9518		1						U314
		Z8530		2						U400, U401
		K1114A		1	::4.9152-MHZ				U402
		ALS04		3						U404, U408, U410
		26LS32		3						U406, U407, U413
				X.PRT[1,SMI]		13-AUG-86  1447

PART NUMBER	DIPTYPE		COUNT	DESCRIPTION				LOCATIONS

		26LS29		2						U409, U411
		DIPSW		1	::CAP8-33PF				U412
		7990		1						U500
		7992		1						U501
		XTAL		1	::20.0000MHZ				U502
		TRANSF		2						U503, U504
		7995		1						U505
		UUT		1						U507
		DG303A		2						U508, U509
		74LS652		6						U514-U517, U614, U615
		9516		1						U606
		74LS469		2						U612, U613
		5380		1						U616
		K1114A		1	::16.000-MHZ				U621
		AS286		4						U710-U713
		P20R4		1						U715
		74F64		2						U803, U804
		SIMM		16						U900-U903, U910-U913, U920-U923
										U930-U933
		AS258		12						U904-U906, U914-U916, U924-U926
										U934-U936
		AS1032		14						U907, U908, U917, U918, U927, U928, U937
										U938, U1030-U1035
		R8.DIP		7	::22-OHM				U909, U919, U929, U939, U1036-U1038
		P20R6		1						U1004
		74F244		1						U1016
		R8.DIP		6	::10-OHM				U1017, U1021, U1104, U1105, U1114, U1124
		74F257		12						U1100-U1103, U1110-U1113, U1120-U1123
		74LS393		1						U1129
		VRAM		48						U1200-U1231, U1300-U1307, U1400-U1407
		BT458		1						U1310
		K1114E		1	::92.9405-MHZ				U1311
		10H101		1						U1312
		10H131		2						U1313, U1414
		10H350		1						U1314
		LM385		1	::-1.2					U1315
		74F08		1						U1318
		K1114E		1	::200.000-MHZ				U1410
		10H136		1						U1411
		10H125		1						U1412
		10H124		1						U1413
		AM8177		1						U1415
		DIPSW		1	::DIODE.8				U1416
		DIP24		2						U2000, U2001
		DIP20		2						U2002, U2003
		DIP16		2						U2004, U2005
