				X10.PRT[1,SMI]		12-APR-86  2000
FILNAM	P,PN		DATE	   TIME	MODULE(DWG NUM)	REV	AUTHOR
	TITLE 1				PROJECT		BOARD TYPE
	TITLE 2				SHEET n OF m
	CARD LOC(VARIABLE SETTINGS)

X10	1,SMI		12-APR-86  1959				
	SUN-3						DECPC
	VIDEO MEMORY			SHEET 10 OF 15
X11	1,SMI		12-APR-86  1950				
	SUN-3						DECPC
	VIDEO MEMORY			SHEET 11 OF 15
X12	1,SMI		05-APR-86  1324				
	SUN-3						DECPC
	VIDEO MEMORY			SHEET 12 OF 15
X13	1,SMI		05-APR-86  1327				
	SUN-3						DECPC
	VIDEO MEMORY			SHEET 13 OF 15
X14	1,SMI		12-APR-86  1950				
	SUN-3						DECPC
	VIDEO 				SHEET 14 OF 15
				X10.PRT[1,SMI]		12-APR-86  2000

PART NUMBER	DIPTYPE		COUNT	DESCRIPTION				LOCATIONS

N/A		C		4	::0.01-UF				C1300, C1302, C1303, C1305
		K		2	::10-UF					C1301, C1304
		X		1						C1306
		DB9		1						J1300
		J.4		1						J1301
		L		2	::XXX-UH				L1300, L1301
		R		1	::   500-OHM1%				R1300
		R		1	::1-KHM1%				R1301
		R		3	::75-OHM1%				R1302-R1304
		R9.GSIP		1	::390-OHM				S1300
		R8.ESIP		1	::330-OHM				S1400
		P16R8		1						U1000
		P20X10		3						U1001-U1003
		P20R6		1						U1004
		P20L8		1						U1005
		P16R4		1						U1006
		P16L8		3						U1007-U1009
		74F374		1						U1013
		R8.DIP		6	::10-OHM				U1014, U1021, U1104, U1105, U1114, U1124
		74F64		1						U1015
		AS1032		6						U1030-U1035
		74F257		12						U1100-U1103, U1110-U1113, U1120-U1123
		74LS393		1						U1130
		74F04		1						U1131
		VRAM		48						U1200-U1231, U1300-U1307, U1400-U1407
		BT458		1						U1310
		K1114E		1	::92.9405-MHZ				U1311
		10H101		1						U1312
		10H131		2						U1313, U1414
		10H350		1						U1314
		LM385		1	::-1.2					U1315
		K1114E		1	::200.000-MHZ				U1410
		10H136		1						U1411
		10H125		1						U1412
		10H124		1						U1413
		AM8177		1						U1415
		DIPSW		1	::DIODE.8				U1416
