				X11M.PRT[1,SMI]		20-MAR-86  0658
FILNAM	P,PN		DATE	   TIME	MODULE(DWG NUM)	REV	AUTHOR
	TITLE 1				PROJECT		BOARD TYPE
	TITLE 2				SHEET n OF m
	CARD LOC(VARIABLE SETTINGS)

X10M	1,SMI		20-MAR-86  0657				
	SUN-3						DECPC
	VIDEO MEMORY			SHEET 10 OF 12
X11M	1,SMI		20-MAR-86  0651				
	SUN-3						DECPC
	VIDEO 				SHEET 11 OF 12
				X11M.PRT[1,SMI]		20-MAR-86  0658

PART NUMBER	DIPTYPE		COUNT	DESCRIPTION				LOCATIONS

N/A		DB9		1						J14
		R		1	::1-KOHM				R1100
		R8.ESIP		1	::330-OHM				S1100
		VRAM		8						U1000-U1007
		P16L8		1						U1010
		74F175		1						U1014
		P16R6		1						U1015
		74F257		5						U1016, U1022-U1025
		AS1032		2						U1017, U1018
		74LS393		1						U1020
		K1114E		1	::200.000-MHZ				U1100
		10H136		1						U1101
		10H131		1						U1102
		10H124		1						U1104
		AM8177		1						U1105
		10H125		1						U1106
		DIPSW		1	::DIODE.8				U1107
		74F74		1						U1108
		P20X10		3						U1110, U1111, U1113
		P20X4		1						U1114
