				X7.PRT[1,SMI]		20-APR-86  1129
FILNAM	P,PN		DATE	   TIME	MODULE(DWG NUM)	REV	AUTHOR
	TITLE 1				PROJECT		BOARD TYPE
	TITLE 2				SHEET n OF m
	CARD LOC(VARIABLE SETTINGS)

X6	1,SMI		20-APR-86  1123				
	SUN-3						DECPC
	SCSI				SHEET 6 OF 15
X7	1,SMI		20-APR-86  1128				
	SUN-3, SCSI					DECPC
					SHEET 7 OF 15
				X7.PRT[1,SMI]		20-APR-86  1129

PART NUMBER	DIPTYPE		COUNT	DESCRIPTION				LOCATIONS

N/A		J.50		1						J5
		R		1	::470-OHM				R620
		S8.T		3						S620-S622
		P16L8		6						U600-U605
		74F175		1						U606
		74LS652		4						U610-U613
		ALS373		5						U617, U619, U703-U705
		ALS273		1						U618
		ALS245		2						U620, U621
		5380		1						U622
		ALS244		1						U626
		74F374		1						U627
		9516		1						U700
		74LS469		2						U706, U707
