				XC.PRT[1,SMI]		17-APR-86  0958
FILNAM	P,PN		DATE	   TIME	MODULE(DWG NUM)	REV	AUTHOR
	TITLE 1				PROJECT		BOARD TYPE
	TITLE 2				SHEET n OF m
	CARD LOC(VARIABLE SETTINGS)

X1	1,SMI		17-APR-86  0940				
	SUN-3/E						DECPC
					SHEET 1 OF 15
X12	1,SMI		05-APR-86  1324				
	SUN-3						DECPC
	VIDEO MEMORY			SHEET 12 OF 15
X13	1,SMI		12-APR-86  2032				
	SUN-3						DECPC
	VIDEO MEMORY			SHEET 13 OF 15
X2	1,SMI		05-APR-86  1523				
	SUN-3/E						DECPC
					SHEET 2 OF 15
X3	1,SMI		12-APR-86  1847				
	SUN-3/E						DECPC
	STD DEVICES			SHEET 3 OF 15
X4	1,SMI		16-APR-86  1341				
	SUN-3						DECPC
	UARTS				SHEET 4 OF 10
X5	1,SMI		12-APR-86  2030				
	SUN-3						DECPC
	ETHERNET			SHEET 5 OF 10
X8	1,SMI		12-APR-86  2011				
	SUN-3/E						DECPC
	MEMORY				SHEET 8 OF 15
X9	1,SMI		12-APR-86  2023				
	SUN-3						DECPC
	MEMORY				SHEET 9 OF 15
XC10	1,SMI		17-APR-86  0956				
	SUN-3						DECPC
	VIDEO MEMORY			SHEET 10 OF 15
XC11	1,SMI		17-APR-86  0838				
	SUN-3						DECPC
	VIDEO MEMORY			SHEET 11 OF 15
XC15	1,SMI		17-APR-86  0934				
	SUN-3						DECPC
	PULLUPS AND CAPS		SHEET 14 OF 15
				XC.PRT[1,SMI]		17-APR-86  0958

PART NUMBER	DIPTYPE		COUNT	DESCRIPTION				LOCATIONS

N/A		X		105						C199, C503, C504, C506, C1306, X100-X199
		C		2	::22-PF					C300, C301
		C		2	::100-PF				C500, C501
		C		1	::680-PF				C502
		C		1	::0.0056-UF				C505
		C		4	::0.01-UF				C1300, C1302, C1303, C1305
		K		9	::10-UF					C1301, C1304, K100-K104, K199, K500
		DB15		1						J1
		DB25		2						J2, J3
		J.16		1						J5
		SWITCH		2						J100, J200
		J.2		1						J300
		COAX		1						J510
		J.4		2						J800, J1301
		DB9		1						J1300
		K		1	::4.7-UF				K501
		L		2	::XXX-UH				L1300, L1301
		R		1	::200-KOHM				R300
		R		1	::510-OHM				R501
		R		1	::3-KOHM				R502
		R		1	::1-KOHM-1%				R515
		R		1	::1-MOHM				R516
		R		1	::1.5-OHM				R517
		R		1	::   500-OHM1%				R1300
		R		1	::1-KHM1%				R1301
		R		3	::75-OHM1%				R1302-R1304
		R9.SIP		3	::4.7-KOHM				S109, S111, S502
		R9.SIP		1	::470-OHM				S113
		R9.SIPG		2	::4.7-KOHM				S114, S115
		R4.SIP		2	::470-OHM				S200, S501
		R4.SIP		2	::4.7-KOHM				S400, S401
		R4.SIP		1	::40.2-OHM1%				S500
		R9.GSIP		1	::390-OHM				S1300
		68020		1						U100
		68881		1						U101
		P20L8		2	::15-NSEC				U102, U310
		74F04		2						U104, U1131
		P16L8		12						U106, U230, U231, U311, U518, U519
										U800-U802, U1007-U1009
		P20X10		4						U107, U1001-U1003
		74F00		1						U108
		K1114A		1	::40.000-MHZ				U110
		74F74		1						U111
		K1114A		1	::4.9152-MHZ				U112
		74F175		3						U114, U520, U1013
		74LS590		1						U115
				XC.PRT[1,SMI]		17-APR-86  0958

PART NUMBER	DIPTYPE		COUNT	DESCRIPTION				LOCATIONS

		ALS374		5						U122, U820-U823
		ALS373		6						U123, U226, U305, U510-U512
		74F374		1						U130
		P16R8		2						U131, U1000
		ALS244		1						U132
		7705		1						U199
		2188		2	::35-NSEC				U200, U201
		2168		5	::25-NSEC				U202, U203, U206-U208
		LS2518		1						U210
		ALS245		5						U212, U213, U215, U217, U218
		74F534		1						U223
		P5X8		1	::45-NSEC				U224
		ALS273		3						U225, U227, U304
		LED4		2						U228, U229
		P16L8		1	::15-NSEC				U232
		27512		1						U300
		2816		1						U301
		7170		1						U302
		XTAL		1	::32768-HZ				U303
		P20L8		2						U307, U1005
		P8L14		1						U312
		Z8530X		2						U400, U401
		26LS32		3						U406, U407, U413
		ALS04		2						U408, U410
		26LS29		2						U409, U411
		DIPSW		1	::CAP8-33PF				U412
		7990		1						U500
		7992		1						U501
		XTAL		1	::20.0000MHZ				U502
		UUT		1						U503
		TRANSF		1						U504
		8392		1						U505
		DIODE		1	::1N4149				U506
		74LS652		4						U514-U517
		74F64		3						U803, U804, U1015
		AS286		4						U810-U813
		P32V10		1						U814
		SIMM		16						U900-U903, U910-U913, U920-U923
										U930-U933
		AS258		12						U904-U906, U914-U916, U924-U926
										U934-U936
		AS1032		13						U907, U908, U917, U918, U927, U928, U937
										U938, U1030, U1032-U1035
		P20R6		1						U1004
		P16R4		1						U1006
		R8.DIP		4	::10-OHM				U1014, U1021, U1104, U1105
				XC.PRT[1,SMI]		17-APR-86  0958

PART NUMBER	DIPTYPE		COUNT	DESCRIPTION				LOCATIONS

		74F257		8						U1100-U1103, U1110-U1113
		74LS393		1						U1130
		VRAM		40						U1200-U1231, U1300-U1307
		BT458		1						U1310
		K1114E		1	::92.9405-MHZ				U1311
		10H101		1						U1312
		10H131		1						U1313
		10H350		1						U1314
		LM385		1	::-1.2					U1315
