				XCPU.PRT[1,SMI]		14-NOV-85  1511
FILNAM	P,PN		DATE	   TIME	MODULE(DWG NUM)	REV	AUTHOR
	TITLE 1				PROJECT		BOARD TYPE
	TITLE 2				SHEET n OF m
	CARD LOC(VARIABLE SETTINGS)

X1	1,SMI		10-NOV-85  2246				
	VIRAGE						DECPC
					SHEET 1 OF 10
X2	1,SMI		10-NOV-85  2126				
	VIRAGE						DECPC
					SHEET 2 OF 10
X3	1,SMI		10-NOV-85  2243				
	VIRAGE						DECPC
					SHEET 4 OF 20
X4	1,SMI		10-NOV-85  2221				
	VIRAGE						DECPC
					SHEET 4 OF 10
X6	1,SMI		10-NOV-85  2247				
	VIRAGE						DECPC
					SHEET 6 OF 10
X7	1,SMI		10-NOV-85  2217				
	VIRAGE						DECPC
					SHEET 7 OF 10
				XCPU.PRT[1,SMI]		14-NOV-85  1511

PART NUMBER	DIPTYPE		COUNT	DESCRIPTION				LOCATIONS

N/A		C		1	::22-PF					C300
		CVAR		1	::33-PF					C301
		DIODE		1	::1N4448				D199
		DB15		1						J1
		DB25		2						J2, J3
		SWITCH		2						J100, J200
		K		1	::33-UF					K199
		R		1	::47-KOHM				R199
		R		1	::200-KOHM				R300
		R		1	::2.2-MOHM				R301
		R4.SIP		1	::470-OHM				S200
		R4.SIP		2	::4.7-KOHM				S400, S401
		68020		1						U100
		68881		1						U101
		P20L8		1	::15-NSEC				U102
		P16L8		8						U103, U106, U231, U311, U312, U403, U601
										U604
		74F04		1						U104
		P20X8		1						U107
		74F00		1						U108
		K1114A		1	::40.000-MHZ				U110
		74F74		2						U111, U113
		K1114A		1	::25.000-MHZ				U112
		74F175		2						U114, U115
		ALS374		6						U120, U122, U620-U623
		ALS373		3						U123, U226, U305
		74F374		1						U130
		P16R8		1						U131
		ALS240		1						U132
		2188		2	::35-NSEC				U200, U201
		2168		5	::25-NSEC				U202, U203, U206-U208
		LS2518		1						U210
		ALS245		5						U212, U213, U215, U217, U218
		74F534		1						U223
		P5X8		1	::45-NSEC				U224
		ALS273		3						U225, U227, U304
		LED4		2						U228, U229
		P16L8		1	::15-NSEC				U232
		ALS138		4						U234, U235, U313, U314
		AS1032		1						U240
		27256		1						U300
		2816		1						U301
		7170		1						U302
		P20L8		1						U307
		BATTERY		1						U309
		XTAL		1	::32768-HZ				U310
				XCPU.PRT[1,SMI]		14-NOV-85  1511

PART NUMBER	DIPTYPE		COUNT	DESCRIPTION				LOCATIONS

		Z8530		2						U400, U401
		K1114A		1	::4.9152-MHZ				U402
		26LS32		3						U406, U407, U413
		ALS04		2						U408, U410
		26LS29		2						U409, U411
		DIPSW		1	::CAP8-33PF				U412
		P16R4		1						U602
		AS258		4						U605, U710-U712
		AS280		4						U610-U613
		74F244		1						U615
		74F64		2						U701, U702
		74LS491		1						U703
		74F112		1						U705
		74LS393		1						U706
		41000		36						U720-U728, U730-U738, U740-U748
										U750-U758
