				XETHER.PRT[1,SMI]	14-NOV-85  1515
FILNAM	P,PN		DATE	   TIME	MODULE(DWG NUM)	REV	AUTHOR
	TITLE 1				PROJECT		BOARD TYPE
	TITLE 2				SHEET n OF m
	CARD LOC(VARIABLE SETTINGS)

X5	1,SMI		10-NOV-85  2238				
	VIRAGE						DECPC
					SHEET 5 OF 10
				XETHER.PRT[1,SMI]	14-NOV-85  1515

PART NUMBER	DIPTYPE		COUNT	DESCRIPTION				LOCATIONS

N/A		C		2	::100-PF				C500, C501
		C		1	::680-PF				C502
		X		3						C503, C504, C506
		C		1	::0.0056-UF				C505
		COAX		1						J510
		K		1	::10-UF					K500
		K		1	::4.7-UF				K501
		R		1	::510-OHM				R501
		R		1	::3-KOHM				R502
		R		1	::1-KOHM-1%				R515
		R		1	::1-MOHM				R516
		R		1	::1.5-OHM				R517
		R4.SIP		1	::40.2-OHM1%				S500
		R4.SIP		1	::470-OHM				S501
		R9.SIP		1	::4.7-KOHM				S502
		74F74		1						U113
		7990		1						U500
		7992		1						U501
		XTAL		1	::20.0000MHZ				U502
		UUT		1						U503
		TRANSF		1						U504
		8392		1						U505
		DIODE		1	::1N4149				U506
		ALS373		4						U510-U513
		74LS652		4						U514-U517
		P16L8		1						U518
		P16R4		1						U519
