				XP.PRT[1,SMI]		09-DEC-85  0109
FILNAM	P,PN		DATE	   TIME	MODULE(DWG NUM)	REV	AUTHOR
	TITLE 1				PROJECT		BOARD TYPE
	TITLE 2				SHEET n OF m
	CARD LOC(VARIABLE SETTINGS)

X1	1,SMI		30-NOV-85  1515				
	SUN-3						DECPC
	CPU				SHEET 1 OF 10
X2	1,SMI		30-NOV-85  1516				
	SUN-3						DECPC
	MMU				SHEET 2 OF 10
X3	1,SMI		30-NOV-85  1520				
	SUN-3						DECPC
	STD DEVICES			SHEET 4 OF 20
X6	1,SMI		30-NOV-85  1528				
	UN-3						DECPC
	PARITY				SHEET 6 OF 10
				XP.PRT[1,SMI]		09-DEC-85  0109

PART NUMBER	DIPTYPE		COUNT	DESCRIPTION				LOCATIONS

N/A		C		1	::22-PF					C300
		CVAR		1	::33-PF					C301
		SWITCH		2						J100, J200
		K		1	::10-UF					K199
		R		1	::200-KOHM				R300
		R		1	::1-MOHM				R301
		R4.SIP		1	::470-OHM				S200
		68020		1						U100
		68881		1						U101
		P20L8		2	::15-NSEC				U102, U312
		P16L8		5						U103, U106, U230, U231, U601
		74F04		1						U104
		74LS491		1						U105
		P20X8		1						U107
		74F00		1						U108
		K1114A		1	::40.000-MHZ				U110
		74F74		1						U111
		74F175		1						U114
		74LS590		1						U115
		ALS374		5						U122, U620-U623
		ALS373		3						U123, U226, U305
		74F374		1						U130
		P16R8		1						U131
		ALS240		1						U132
		7705		1						U199
		2188		2	::35-NSEC				U200, U201
		2168		5	::25-NSEC				U202, U203, U206-U208
		LS2518		1						U210
		ALS245		5						U212, U213, U215, U217, U218
		74F534		1						U223
		P5X8		1	::45-NSEC				U224
		ALS273		3						U225, U227, U304
		LED4		2						U228, U229
		P16L8		1	::15-NSEC				U232
		27256		1						U300
		2816		1						U301
		7170		1						U302
		P20L8		1						U307
		XTAL		1	::32768-HZ				U310
		P8L14		1						U313
		ALS04		1						U404
		P16R4		1						U602
		74F657		4						U610-U613
		X		1						X199
