				XSTUFF.PRT[1,SMI]	28-JUN-82  1047
FILNAM	P,PN		DATE	   TIME	MODULE(DWG NUM)	REV	AUTHOR
	TITLE 1				PROJECT		BOARD TYPE
	TITLE 2				SHEET n OF m
	CARD LOC(VARIABLE SETTINGS)

Y1	1,SMI		28-JUN-82  1005				
	(C) 1982 SMI, SUN 68000 MEMORY BOARD		DECPC
					SHEET 1 OF 4
Y2	1,SMI		27-JUN-82  2010				
	(C) 1982 SMI, SUN 68000 MEMORY BOARD		DECPC
					SHEET 2 OF 4
Y3	1,SMI		27-JUN-82  2335				
	(C) 1982 SMI, SUN 68000 MEMORY BOARD		DECPC
					SHEET 3 OF 4
Y4	1,SMI		28-JUN-82  1045				
	(C) 1982 SMI, SUN 68000 MEMORY BOARD		DECPC
					SHEET 4 OF 4
				XSTUFF.PRT[1,SMI]	28-JUN-82  1047

PART NUMBER	DIPTYPE		COUNT	DESCRIPTION				LOCATIONS

N/A		C		156						NO. OF GATES WITH NO REF. DES. = 6
										K100-K108, K200-K208, K300-K308
										K400-K408, K500-K508, K1100-K1117
										K1200-K1217, K1300-K1317, K1400-K1417
										K1500-K1517, K1600-K1617, K1710-K1712
		J.2		2						J501, J502
		R		2	::1K					R501, R502
		R		18						R1700-R1717
		4164		144						U100-U108, U200-U208, U300-U308
										U400-U408, U1100-U1117, U1200-U1217
										U1300-U1317, U1400-U1417, U1500-U1517
										U1600-U1617
		AM2966		5						U299, U499, U699, U1710, U1712
		74S138		2						U500, U504
		74LS30		1						U501
		DIPSW		2						U506, U599
		74S240		5						U601, U602, U604, U606, U608
