				XVIDEO.PRT[1,SMI]	14-NOV-85  1509
FILNAM	P,PN		DATE	   TIME	MODULE(DWG NUM)	REV	AUTHOR
	TITLE 1				PROJECT		BOARD TYPE
	TITLE 2				SHEET n OF m
	CARD LOC(VARIABLE SETTINGS)

X8	1,SMI		10-NOV-85  2256				
	VIRAGE						DECPC
					SHEET 8 OF 10
X9	1,SMI		10-NOV-85  2257				
	VIRAGE						DECPC
					SHEET 9 OF 10
				XVIDEO.PRT[1,SMI]	14-NOV-85  1509

PART NUMBER	DIPTYPE		COUNT	DESCRIPTION				LOCATIONS

N/A		DB9		1						J14
		R		1	::1-KOHM				R900
		R8.ESIP		1	::330-OHM				S900
		VRAM		8						U800-U807
		74F64		2						U810, U811
		74F04		1						U812
		74F374		1						U814
		P16R4		1						U815
		AS1032		2						U816, U817
		74LS393		1						U820
		74F112		1						U821
		74F257		4						U822-U825
		R8.DIP		1	::27-OHM				U826
		K1114E		1	::100.000-MHZ				U900
		10H136		1						U901
		10H131		1						U902
		10H124		1						U904
		AM8177		1						U905
		10H125		1						U906
		DIPSW		1	::DIODE.8				U907
		74F74		1						U908
		P20X10		3						U910, U911, U913
		P20X4		1						U914
		P16R6		1	::15-NSEC				U915
