				XX.PRT[1,SMI]		02-AUG-86  1322
FILNAM	P,PN		DATE	   TIME	MODULE(DWG NUM)	REV	AUTHOR
	TITLE 1				PROJECT		BOARD TYPE
	TITLE 2				SHEET n OF m
	CARD LOC(VARIABLE SETTINGS)

XX1	1,SMI		02-AUG-86  1132				
	SUN/X						DECPC
					SHEET 1 OF 10
XX10	1,SMI		02-AUG-86  1232				
	SUN-3/X						DECPC
					SHEET 10 OF 10
XX2	1,SMI		28-JUL-86  2032				
	SUN/X						DECPC
					SHEET 2 OF 6
XX3	1,SMI		02-AUG-86  1305				
	SUN/X						DECPC
					SHEET 3 OF 10
XX4	1,SMI		28-JUL-86  2036				
	SUN/X						DECPC
					SHEET 4 OF 6
XX5	1,SMI		28-JUL-86  2232				
	SUN/X						DECPC
					SHEET 5 OF 6
XX6	1,SMI		28-JUL-86  2146				
	SUN/X						DECPC
					SHEET 6 OF 10
XX7	1,SMI		02-AUG-86  1050				
	SUN-3/X						DECPC
					SHEET 7 OF 10
XX8	1,SMI		02-AUG-86  1112				
	SUN/X						DECPC
					SHEET 8 OF 10
XX9	1,SMI		02-AUG-86  1322				
	SUN-3/X						DECPC
					SHEET 9 OF 10
				XX.PRT[1,SMI]		02-AUG-86  1322

PART NUMBER	DIPTYPE		COUNT	DESCRIPTION				LOCATIONS

N/A		X		7						C199, C303, C304, C306, C312, C1000
										X900
		C		2	::100-PF				C300, C301
		C		1	::680-PF				C302
		C		1	::0.0056-UF				C305
		C		1	::220-PF				C310
		C		1	::47-PF					C311
		C		4	::0.01-UF				C900, C902, C903, C905
		DIODE		3	::1N4448				D310-D312
		DB15		2						J1, J4
		DB25		2						J2, J3
		COAX		1						J5
		J.2		1						J201
		J.2		1	::FUSE					J301
		DB9		2						J900, J1000
		K		3	::10-UF					K199, K300, K900
		K		1	::4.7-UF				K301
		L		2	::XXX-UH				L900, L901
		R		1	::510-OHM				R301
		R		1	::3-KOHM				R302
		R		2	::40.2-OHM1%				R310, R311
		R		1	::162-OHM1%				R312
		R		1	::1-KOHM1%				R313
		R		1	::25-KOHM1%				R314
		R		1	::75-KOHM1%				R315
		R		1	::9.1-OHM1%				R316
		R		1	::6.8-OHM1%				R317
		R		1	::1.5-OHM				R318
		R		1	::1-MOHM				R319
		R		1	::   500-OHM1%				R900
		R		1	::1-KHM1%				R901
		R		3	::75-OHM1%				R902-R904
		R		1	::330-OHM				R1000
		R9.SIP		1	::470-OHM				S100
		R9.SIP		2	::4.7-KOHM				S101, S302
		R4.SIP		2	::4.7-KOHM				S200, S201
		R4.SIP		1	::40.2-OHM1%				S300
		R9.GSIP		1	::330-OHM				S900
		R8.ESIP		1	::330-OHM				S1000
		68020		1						U100
		K1114A		1	::33.333-MHZ				U101
		74F174		2						U102, U116
		74F64		1						U103
		74F04		1						U104
		P16L8		8						U105, U106, U115, U318, U506, U720, U722
										U724
				XX.PRT[1,SMI]		02-AUG-86  1322

PART NUMBER	DIPTYPE		COUNT	DESCRIPTION				LOCATIONS

		7705		1						U107
		74F00		1						U108
		74F74		1						U109
		27512		5						U110, U400-U403
		2816		1						U111
		P20R6		2						U117, U604
		Z8530		2						U202, U203
		ALS04		2						U204, U205
		26LS29		2						U206, U207
		26LS32		3						U208, U209, U211
		DIPSW		1	::CAP8-33PF				U210
		K1114A		1	::4.9152-MHZ				U219
		7990		1						U300
		7992		1						U301
		XTAL		1	::20.0000MHZ				U302
		DIPSW		1						U303
		TRANSF		1						U304
		7995		1						U305
		UUT		1						U307
		ALS373		2						U310, U311
		ALS245		2						U312, U313
		AS258		3						U500, U502, U504
		AS1032		2						U505, U726
		R8.DIP		5						U510, U511, U520, U521, U727
		256KX4		16						U512-U519, U522-U529
		P16R8		1						U600
		P20X10		3						U601-U603
		R8.DIP		5	::10-OHM				U610, U712-U715
		74F253		12						U700-U711
		74LS393		1						U716
		R8.DIP		3	::22-OHM				U721, U723, U725
		VRAM		48						U800-U831, U900-U907, U1000-U1007
		BT458		1						U910
		K1114E		1	::92.9405-MHZ				U911
		10H101		1						U912
		10H131		2						U913, U1014
		10H350		1						U914
		LM385		1	::-1.2					U915
		DIPSW		2	::DIODE.8				U916, U1016
		74F08		1						U918
		K1114E		1	::200.000-MHZ				U1009
		10H116		1						U1010
		10H136		1						U1011
		10H125		1						U1012
		10H124		1						U1013
		AM8177		1						U1015
