				Y.PRT[1,SMI]		20-MAR-84  1813
FILNAM	P,PN		DATE	   TIME	MODULE(DWG NUM)	REV	AUTHOR
	TITLE 1				PROJECT		BOARD TYPE
	TITLE 2				SHEET n OF m
	CARD LOC(VARIABLE SETTINGS)

Y1	1,SMI		19-MAR-84  2140				
	SUN MICROSYSTEMS INC				DECPC
	501-1013-02			SHEET 1 OF 4
Y2	1,SMI		19-MAR-84  2141				
	SUN MICROSYSTEMS INC				DECPC
	501-1013-02			SHEET 2 OF 4
Y3	1,SMI		19-MAR-84  2141				
	SUN MICROSYSTEMS INC				DECPC
	501-1013-02			SHEET 3 OF 4
Y4	1,SMI		19-MAR-84  2142				
	SUN MICROSYSTEMS INC				DECPC
	501-1013-02			SHEET 4 OF 4
				Y.PRT[1,SMI]		20-MAR-84  1813

PART NUMBER	DIPTYPE		COUNT	DESCRIPTION				LOCATIONS

N/A		K		3						K1000, K1700, K1717
		R		2	::68-OHM				R505, R506
		4164		144						U100-U108, U200-U208, U300-U308
										U400-U408, U1100-U1117, U1200-U1217
										U1300-U1317, U1400-U1417, U1500-U1517
										U1600-U1617
		AM2966		3						U299, U499, U699
		74F138		2						U500, U504
		74F02		1						U501
		R8.DIP		3	::68-OHM				U502, U508, U1708
		DIPSW		1						U506
		R8.DIP		2	::33-OHM				U599, U1710
		ALS244		5						U601, U602, U604, U606, U608
		74F244		1						U1706
		74F158		1						U1712
		X		163						X100-X108, X199-X208, X300-X308
										X399-X408, X500-X508, X600, X603, X605
										X607, X609, X1100-X1117, X1200-X1217
										X1300-X1317, X1400-X1417, X1500-X1517
										X1600-X1617, X1710, X1712, X1717
